Archive member included because of file (symbol)

contiki-z1.a(contiki-z1-plat)
                              obj_z1/contiki-z1-main.o (init_platform)
contiki-z1.a(msp430.o)        obj_z1/contiki-z1-main.o (splhigh_)
contiki-z1.a(leds.o)          obj_z1/contiki-z1-main.o (leds_init)
contiki-z1.a(watchdog.o)      obj_z1/contiki-z1-main.o (watchdog_start)
contiki-z1.a(xmem.o)          obj_z1/contiki-z1-main.o (xmem_init)
contiki-z1.a(spi.o)           contiki-z1.a(xmem.o) (spi_init)
contiki-z1.a(cc2420.o)        obj_z1/contiki-z1-main.o (cc2420_set_pan_addr)
contiki-z1.a(cc2420-arch.o)   contiki-z1.a(cc2420.o) (cc2420_arch_init)
contiki-z1.a(node-id.o)       obj_z1/contiki-z1-main.o (node_id_restore)
contiki-z1.a(sensors.o)       contiki-z1.a(contiki-z1-plat) (sensors_process)
contiki-z1.a(button-sensor.o)
                              obj_z1/contiki-z1-main.o (button_sensor)
contiki-z1.a(uart0.o)         obj_z1/contiki-z1-main.o (uart0_active)
contiki-z1.a(uart0-putchar.o)
                              obj_z1/contiki-z1-main.o (putchar)
contiki-z1.a(adxl345.o)       obj_z1/contiki-z1-main.o (accm_init)
contiki-z1.a(clock.o)         obj_z1/contiki-z1-main.o (clock_init)
contiki-z1.a(leds-arch.o)     contiki-z1.a(leds.o) (leds_arch_init)
contiki-z1.a(rtimer-arch.o)   obj_z1/contiki-z1-main.o (rtimer_arch_now)
contiki-z1.a(timer.o)         contiki-z1.a(button-sensor.o) (timer_set)
contiki-z1.a(rtimer.o)        obj_z1/contiki-z1-main.o (rtimer_init)
contiki-z1.a(process.o)       contiki-z1.a(sensors.o) (process_alloc_event)
contiki-z1.a(etimer.o)        contiki-z1.a(clock.o) (etimer_request_poll)
contiki-z1.a(ctimer.o)        obj_z1/contiki-z1-main.o (ctimer_init)
contiki-z1.a(energest.o)      obj_z1/contiki-z1-main.o (energest_init)
contiki-z1.a(autostart.o)     obj_z1/contiki-z1-main.o (autostart_start)
contiki-z1.a(serial-line.o)   obj_z1/contiki-z1-main.o (serial_line_input_byte)
contiki-z1.a(ringbuf.o)       contiki-z1.a(serial-line.o) (ringbuf_init)
contiki-z1.a(random.o)        obj_z1/contiki-z1-main.o (random_init)
contiki-z1.a(memb.o)          sensor.co (memb_alloc)
contiki-z1.a(list.o)          contiki-z1.a(ctimer.o) (list_init)
contiki-z1.a(unicast.o)       sensor.co (unicast_open)
contiki-z1.a(broadcast.o)     sensor.co (broadcast_open)
contiki-z1.a(channel.o)       contiki-z1.a(unicast.o) (channel_set_attributes)
contiki-z1.a(abc.o)           contiki-z1.a(broadcast.o) (abc_open)
contiki-z1.a(rime.o)          contiki-z1.a(abc.o) (rime_output)
contiki-z1.a(linkaddr.o)      sensor.co (linkaddr_copy)
contiki-z1.a(packetbuf.o)     contiki-z1.a(rime.o) (packetbuf_compact)
contiki-z1.a(queuebuf.o)      contiki-z1.a(rime.o) (queuebuf_init)
contiki-z1.a(csma.o)          obj_z1/contiki-z1-main.o (csma_driver)
contiki-z1.a(contikimac.o)    obj_z1/contiki-z1-main.o (contikimac_driver)
contiki-z1.a(nullsec.o)       contiki-z1.a(rime.o) (nullsec_driver)
contiki-z1.a(i2cmaster.o)     contiki-z1.a(adxl345.o) (i2c_receiveinit)
contiki-z1.a(compower.o)      contiki-z1.a(contikimac.o) (compower_accumulate)
contiki-z1.a(announcement.o)  contiki-z1.a(rime.o) (announcement_init)
contiki-z1.a(chameleon.o)     contiki-z1.a(rime.o) (chameleon_init)
contiki-z1.a(broadcast-annou)
                              contiki-z1.a(rime.o) (broadcast_announcement_init)
contiki-z1.a(chameleon-bitop)
                              contiki-z1.a(chameleon.o) (chameleon_bitopt)
contiki-z1.a(mac.o)           contiki-z1.a(csma.o) (mac_call_sent_callback)
contiki-z1.a(mac-sequence.o)  contiki-z1.a(contikimac.o) (mac_sequence_is_duplicate)
contiki-z1.a(contikimac-fram)
                              contiki-z1.a(contikimac.o) (contikimac_framer)
contiki-z1.a(framer-802154.o)
                              contiki-z1.a(contikimac-fram) (framer_802154)
contiki-z1.a(framer.o)        contiki-z1.a(framer-802154.o) (framer_canonical_create_and_secure)
contiki-z1.a(frame802154.o)   contiki-z1.a(framer-802154.o) (frame802154_get_pan_id)
c:/sysgcc/msp430/bin/../lib/gcc/msp430/4.6.3/mcpu-430x/mmpy-16\libgcc.a(_mulsi3.o)
                              contiki-z1.a(csma.o) (__mulsi3)
c:/sysgcc/msp430/bin/../lib/gcc/msp430/4.6.3/mcpu-430x/mmpy-16\libgcc.a(_udivmod32.o)
                              obj_z1/contiki-z1-main.o (__udivsi3)
c:/sysgcc/msp430/bin/../lib/gcc/msp430/4.6.3/../../../../msp430/lib/mcpu-430x/mmpy-16\libc.a(strcmp.o)
                              sensor.co (strcmp)
c:/sysgcc/msp430/bin/../lib/gcc/msp430/4.6.3/../../../../msp430/lib/mcpu-430x/mmpy-16\libc.a(strncmp.o)
                              contiki-z1.a(sensors.o) (strncmp)
c:/sysgcc/msp430/bin/../lib/gcc/msp430/4.6.3/../../../../msp430/lib/mcpu-430x/mmpy-16\libc.a(memcmp.o)
                              contiki-z1.a(linkaddr.o) (memcmp)
c:/sysgcc/msp430/bin/../lib/gcc/msp430/4.6.3/../../../../msp430/lib/mcpu-430x/mmpy-16\libc.a(memcpy.o)
                              contiki-z1.a(node-id.o) (memcpy)
c:/sysgcc/msp430/bin/../lib/gcc/msp430/4.6.3/../../../../msp430/lib/mcpu-430x/mmpy-16\libc.a(memset.o)
                              obj_z1/contiki-z1-main.o (memset)
c:/sysgcc/msp430/bin/../lib/gcc/msp430/4.6.3/../../../../msp430/lib/mcpu-430x/mmpy-16\libc.a(printf.o)
                              sensor.co (printf)
c:/sysgcc/msp430/bin/../lib/gcc/msp430/4.6.3/../../../../msp430/lib/mcpu-430x/mmpy-16\libc.a(vuprintf.o)
                              c:/sysgcc/msp430/bin/../lib/gcc/msp430/4.6.3/../../../../msp430/lib/mcpu-430x/mmpy-16\libc.a(printf.o) (vuprintf)
c:/sysgcc/msp430/bin/../lib/gcc/msp430/4.6.3/../../../../msp430/lib/mcpu-430x/mmpy-16\libc.a(puts.o)
                              sensor.co (puts)
c:/sysgcc/msp430/bin/../lib/gcc/msp430/4.6.3/../../../../msp430/lib/mcpu-430x/mmpy-16\libc.a(rand.o)
                              contiki-z1.a(random.o) (rand)
c:/sysgcc/msp430/bin/../lib/gcc/msp430/4.6.3/mcpu-430x/mmpy-16\libgcc.a(_udivmod16.o)
                              c:/sysgcc/msp430/bin/../lib/gcc/msp430/4.6.3/../../../../msp430/lib/mcpu-430x/mmpy-16\libc.a(vuprintf.o) (__udivhi3)
c:/sysgcc/msp430/bin/../lib/gcc/msp430/4.6.3/mcpu-430x/mmpy-16\libgcc.a(_udivmod64.o)
                              c:/sysgcc/msp430/bin/../lib/gcc/msp430/4.6.3/../../../../msp430/lib/mcpu-430x/mmpy-16\libc.a(vuprintf.o) (__udivdi3)
c:/sysgcc/msp430/bin/../lib/gcc/msp430/4.6.3/mcpu-430x/mmpy-16\libcrt0.a(_reset_vector__.o)
                              c:/sysgcc/msp430/bin/../lib/gcc/msp430/4.6.3/mcpu-430x/mmpy-16/crt0ivtbl32.o (_reset_vector__)
c:/sysgcc/msp430/bin/../lib/gcc/msp430/4.6.3/mcpu-430x/mmpy-16\libcrt0.a(__watchdog_support.o)
                              c:/sysgcc/msp430/bin/../lib/gcc/msp430/4.6.3/mcpu-430x/mmpy-16\libcrt0.a(_reset_vector__.o) (__watchdog_support)
c:/sysgcc/msp430/bin/../lib/gcc/msp430/4.6.3/mcpu-430x/mmpy-16\libcrt0.a(__init_stack.o)
                              c:/sysgcc/msp430/bin/../lib/gcc/msp430/4.6.3/mcpu-430x/mmpy-16\libcrt0.a(_reset_vector__.o) (__init_stack)
c:/sysgcc/msp430/bin/../lib/gcc/msp430/4.6.3/mcpu-430x/mmpy-16\libcrt0.a(__low_level_init.o)
                              c:/sysgcc/msp430/bin/../lib/gcc/msp430/4.6.3/mcpu-430x/mmpy-16\libcrt0.a(_reset_vector__.o) (__low_level_init)
c:/sysgcc/msp430/bin/../lib/gcc/msp430/4.6.3/mcpu-430x/mmpy-16\libcrt0.a(_copy_data.o)
                              c:/sysgcc/msp430/bin/../lib/gcc/msp430/4.6.3/mcpu-430x/mmpy-16\libcrt0.a(_reset_vector__.o) (__do_copy_data)
c:/sysgcc/msp430/bin/../lib/gcc/msp430/4.6.3/mcpu-430x/mmpy-16\libcrt0.a(_clear_bss.o)
                              c:/sysgcc/msp430/bin/../lib/gcc/msp430/4.6.3/mcpu-430x/mmpy-16\libcrt0.a(_reset_vector__.o) (__do_clear_bss)
c:/sysgcc/msp430/bin/../lib/gcc/msp430/4.6.3/mcpu-430x/mmpy-16\libcrt0.a(__stop_progExec__.o)
                              c:/sysgcc/msp430/bin/../lib/gcc/msp430/4.6.3/mcpu-430x/mmpy-16\libcrt0.a(_reset_vector__.o) (__stop_progExec__)
c:/sysgcc/msp430/bin/../lib/gcc/msp430/4.6.3/mcpu-430x/mmpy-16\libcrt0.a(_endless_loop__.o)
                              c:/sysgcc/msp430/bin/../lib/gcc/msp430/4.6.3/mcpu-430x/mmpy-16\libcrt0.a(_reset_vector__.o) (_endless_loop__)
c:/sysgcc/msp430/bin/../lib/gcc/msp430/4.6.3/mcpu-430x/mmpy-16\libcrt0.a(_unexpected_.o)
                              c:/sysgcc/msp430/bin/../lib/gcc/msp430/4.6.3/mcpu-430x/mmpy-16/crt0ivtbl32.o (_unexpected_)

Allocating common symbols
Common symbol       size              file

compower_idle_activity
                    0x8               contiki-z1.a(compower.o)
energest_total_time
                    0x30              contiki-z1.a(energest.o)
cc2420_last_rssi    0x1               contiki-z1.a(cc2420.o)
accm_int2_cb        0x2               contiki-z1.a(adxl345.o)
energest_total_count
                    0x2               contiki-z1.a(energest.o)
cc2420_sfd_start_time
                    0x2               contiki-z1.a(cc2420.o)
cc2420_time_of_departure
                    0x2               contiki-z1.a(cc2420.o)
cc2420_time_of_arrival
                    0x2               contiki-z1.a(cc2420.o)
energest_current_mode
                    0xc               contiki-z1.a(energest.o)
packetbuf_addrs     0x8               contiki-z1.a(packetbuf.o)
process_maxevents   0x1               contiki-z1.a(process.o)
transmit_data1      0x1               contiki-z1.a(i2cmaster.o)
rx_byte_ctr         0x1               contiki-z1.a(i2cmaster.o)
int2_event          0x1               contiki-z1.a(adxl345.o)
tx_buf_ptr          0x2               contiki-z1.a(i2cmaster.o)
tx_byte_ctr         0x1               contiki-z1.a(i2cmaster.o)
cc2420_last_correlation
                    0x1               contiki-z1.a(cc2420.o)
linkaddr_node_addr  0x2               contiki-z1.a(linkaddr.o)
accm_int1_cb        0x2               contiki-z1.a(adxl345.o)
cc2420_authority_level_of_sender
                    0x2               contiki-z1.a(cc2420.o)
i                   0x2               contiki-z1.a(i2cmaster.o)
packetbuf_attrs     0x38              contiki-z1.a(packetbuf.o)
receive_data        0x1               contiki-z1.a(i2cmaster.o)
cc2420_sfd_counter  0x1               contiki-z1.a(cc2420.o)
rx_buf              0x2               contiki-z1.a(i2cmaster.o)
node_mac            0x8               contiki-z1.a(node-id.o)
transmit_data2      0x1               contiki-z1.a(i2cmaster.o)
energest_current_time
                    0x18              contiki-z1.a(energest.o)
rx_buf_ptr          0x2               contiki-z1.a(i2cmaster.o)
sensors_flags       0x2               obj_z1/contiki-z1-main.o
serial_line_event_message
                    0x1               contiki-z1.a(serial-line.o)
int1_event          0x1               contiki-z1.a(adxl345.o)
cc2420_sfd_end_time
                    0x2               contiki-z1.a(cc2420.o)
sensors_event       0x1               contiki-z1.a(sensors.o)

Memory Configuration

Name             Origin             Length             Attributes
sfr              0x00000000         0x00000010
peripheral_8bit  0x00000010         0x000000f0
peripheral_16bit 0x00000100         0x00000100
ram_mirror       0x00000200         0x00000800         xw
infomem          0x00001000         0x00000100
infod            0x00001000         0x00000040
infoc            0x00001040         0x00000040
infob            0x00001080         0x00000040
infoa            0x000010c0         0x00000040
ram              0x00001100         0x00002000         xw
rom              0x00003100         0x0000cebe         xr
vectors          0x0000ffc0         0x00000040
far_rom          0x00010000         0x0000a000
bsl              0x00000000         0x00000000
ram2             0x00000000         0x00000000         xw
signature        0x00000000         0x00000000
usbram           0x00000000         0x00000000         xw
*default*        0x00000000         0xffffffff

Linker script and memory map

LOAD c:/sysgcc/msp430/bin/../lib/gcc/msp430/4.6.3/mcpu-430x/mmpy-16/crt0ivtbl32.o
                0x00000041                __P1SEL2 = 0x41
                0x00000045                __P5SEL2 = 0x45
LOAD sensor.co
LOAD obj_z1/contiki-z1-main.o
LOAD contiki-z1.a
LOAD c:/sysgcc/msp430/bin/../lib/gcc/msp430/4.6.3/mcpu-430x/mmpy-16\libgcc.a
LOAD c:/sysgcc/msp430/bin/../lib/gcc/msp430/4.6.3/../../../../msp430/lib/mcpu-430x/mmpy-16\libc.a
LOAD c:/sysgcc/msp430/bin/../lib/gcc/msp430/4.6.3/mcpu-430x/mmpy-16\libgcc.a
LOAD c:/sysgcc/msp430/bin/../lib/gcc/msp430/4.6.3/mcpu-430x/mmpy-16\libcrt0.a
                0x00000040                PROVIDE (__info_segment_size, 0x40)
                0x00001000                PROVIDE (__infod, 0x1000)
                0x00001040                PROVIDE (__infoc, 0x1040)
                0x00001080                PROVIDE (__infob, 0x1080)
                0x000010c0                PROVIDE (__infoa, 0x10c0)
                0x00000000                __IE1 = 0x0
                0x00000002                __IFG1 = 0x2
                0x00000001                __IE2 = 0x1
                0x00000003                __IFG2 = 0x3
                0x00000006                __UC1IE = 0x6
                0x00000007                __UC1IFG = 0x7
                0x000001a0                __ADC12CTL0 = 0x1a0
                0x000001a2                __ADC12CTL1 = 0x1a2
                0x000001a4                __ADC12IFG = 0x1a4
                0x000001a6                __ADC12IE = 0x1a6
                0x000001a8                __ADC12IV = 0x1a8
                0x00000140                __ADC12MEM0 = 0x140
                0x00000142                __ADC12MEM1 = 0x142
                0x00000144                __ADC12MEM2 = 0x144
                0x00000146                __ADC12MEM3 = 0x146
                0x00000148                __ADC12MEM4 = 0x148
                0x0000014a                __ADC12MEM5 = 0x14a
                0x0000014c                __ADC12MEM6 = 0x14c
                0x0000014e                __ADC12MEM7 = 0x14e
                0x00000150                __ADC12MEM8 = 0x150
                0x00000152                __ADC12MEM9 = 0x152
                0x00000154                __ADC12MEM10 = 0x154
                0x00000156                __ADC12MEM11 = 0x156
                0x00000158                __ADC12MEM12 = 0x158
                0x0000015a                __ADC12MEM13 = 0x15a
                0x0000015c                __ADC12MEM14 = 0x15c
                0x0000015e                __ADC12MEM15 = 0x15e
                0x00000080                __ADC12MCTL0 = 0x80
                0x00000081                __ADC12MCTL1 = 0x81
                0x00000082                __ADC12MCTL2 = 0x82
                0x00000083                __ADC12MCTL3 = 0x83
                0x00000084                __ADC12MCTL4 = 0x84
                0x00000085                __ADC12MCTL5 = 0x85
                0x00000086                __ADC12MCTL6 = 0x86
                0x00000087                __ADC12MCTL7 = 0x87
                0x00000088                __ADC12MCTL8 = 0x88
                0x00000089                __ADC12MCTL9 = 0x89
                0x0000008a                __ADC12MCTL10 = 0x8a
                0x0000008b                __ADC12MCTL11 = 0x8b
                0x0000008c                __ADC12MCTL12 = 0x8c
                0x0000008d                __ADC12MCTL13 = 0x8d
                0x0000008e                __ADC12MCTL14 = 0x8e
                0x0000008f                __ADC12MCTL15 = 0x8f
                0x00000056                __DCOCTL = 0x56
                0x00000057                __BCSCTL1 = 0x57
                0x00000058                __BCSCTL2 = 0x58
                0x00000053                __BCSCTL3 = 0x53
                0x00000059                __CACTL1 = 0x59
                0x0000005a                __CACTL2 = 0x5a
                0x0000005b                __CAPD = 0x5b
                0x000001c0                __DAC12_0CTL = 0x1c0
                0x000001c2                __DAC12_1CTL = 0x1c2
                0x000001c8                __DAC12_0DAT = 0x1c8
                0x000001ca                __DAC12_1DAT = 0x1ca
                0x00000122                __DMACTL0 = 0x122
                0x00000124                __DMACTL1 = 0x124
                0x00000126                __DMAIV = 0x126
                0x000001d0                __DMA0CTL = 0x1d0
                0x000001dc                __DMA1CTL = 0x1dc
                0x000001e8                __DMA2CTL = 0x1e8
                0x000001d2                __DMA0SA = 0x1d2
                0x000001d2                __DMA0SAL = 0x1d2
                0x000001d6                __DMA0DA = 0x1d6
                0x000001d6                __DMA0DAL = 0x1d6
                0x000001da                __DMA0SZ = 0x1da
                0x000001de                __DMA1SA = 0x1de
                0x000001de                __DMA1SAL = 0x1de
                0x000001e2                __DMA1DA = 0x1e2
                0x000001e2                __DMA1DAL = 0x1e2
                0x000001e6                __DMA1SZ = 0x1e6
                0x000001ea                __DMA2SA = 0x1ea
                0x000001ea                __DMA2SAL = 0x1ea
                0x000001ee                __DMA2DA = 0x1ee
                0x000001ee                __DMA2DAL = 0x1ee
                0x000001f2                __DMA2SZ = 0x1f2
                0x00000128                __FCTL1 = 0x128
                0x0000012a                __FCTL2 = 0x12a
                0x0000012c                __FCTL3 = 0x12c
                0x000001be                __FCTL4 = 0x1be
                0x00000130                __MPY = 0x130
                0x00000132                __MPYS = 0x132
                0x00000134                __MAC = 0x134
                0x00000136                __MACS = 0x136
                0x00000138                __OP2 = 0x138
                0x0000013a                __RESLO = 0x13a
                0x0000013c                __RESHI = 0x13c
                0x0000013e                __SUMEXT = 0x13e
                0x00000020                __P1IN = 0x20
                0x00000021                __P1OUT = 0x21
                0x00000022                __P1DIR = 0x22
                0x00000023                __P1IFG = 0x23
                0x00000024                __P1IES = 0x24
                0x00000025                __P1IE = 0x25
                0x00000026                __P1SEL = 0x26
                0x00000027                __P1REN = 0x27
                0x00000028                __P2IN = 0x28
                0x00000029                __P2OUT = 0x29
                0x0000002a                __P2DIR = 0x2a
                0x0000002b                __P2IFG = 0x2b
                0x0000002c                __P2IES = 0x2c
                0x0000002d                __P2IE = 0x2d
                0x0000002e                __P2SEL = 0x2e
                0x0000002f                __P2REN = 0x2f
                0x00000018                __P3IN = 0x18
                0x00000019                __P3OUT = 0x19
                0x0000001a                __P3DIR = 0x1a
                0x0000001b                __P3SEL = 0x1b
                0x00000010                __P3REN = 0x10
                0x0000001c                __P4IN = 0x1c
                0x0000001d                __P4OUT = 0x1d
                0x0000001e                __P4DIR = 0x1e
                0x0000001f                __P4SEL = 0x1f
                0x00000011                __P4REN = 0x11
                0x00000030                __P5IN = 0x30
                0x00000031                __P5OUT = 0x31
                0x00000032                __P5DIR = 0x32
                0x00000033                __P5SEL = 0x33
                0x00000012                __P5REN = 0x12
                0x00000034                __P6IN = 0x34
                0x00000035                __P6OUT = 0x35
                0x00000036                __P6DIR = 0x36
                0x00000037                __P6SEL = 0x37
                0x00000013                __P6REN = 0x13
                0x00000038                __P7IN = 0x38
                0x0000003a                __P7OUT = 0x3a
                0x0000003c                __P7DIR = 0x3c
                0x0000003e                __P7SEL = 0x3e
                0x00000014                __P7REN = 0x14
                0x00000039                __P8IN = 0x39
                0x0000003b                __P8OUT = 0x3b
                0x0000003d                __P8DIR = 0x3d
                0x0000003f                __P8SEL = 0x3f
                0x00000015                __P8REN = 0x15
                0x00000038                __PAIN = 0x38
                0x0000003a                __PAOUT = 0x3a
                0x0000003c                __PADIR = 0x3c
                0x0000003e                __PASEL = 0x3e
                0x00000014                __PAREN = 0x14
                0x00000055                __SVSCTL = 0x55
                0x0000012e                __TAIV = 0x12e
                0x00000160                __TACTL = 0x160
                0x00000162                __TACCTL0 = 0x162
                0x00000164                __TACCTL1 = 0x164
                0x00000166                __TACCTL2 = 0x166
                0x00000170                __TAR = 0x170
                0x00000172                __TACCR0 = 0x172
                0x00000174                __TACCR1 = 0x174
                0x00000176                __TACCR2 = 0x176
                0x0000011e                __TBIV = 0x11e
                0x00000180                __TBCTL = 0x180
                0x00000182                __TBCCTL0 = 0x182
                0x00000184                __TBCCTL1 = 0x184
                0x00000186                __TBCCTL2 = 0x186
                0x00000188                __TBCCTL3 = 0x188
                0x0000018a                __TBCCTL4 = 0x18a
                0x0000018c                __TBCCTL5 = 0x18c
                0x0000018e                __TBCCTL6 = 0x18e
                0x00000190                __TBR = 0x190
                0x00000192                __TBCCR0 = 0x192
                0x00000194                __TBCCR1 = 0x194
                0x00000196                __TBCCR2 = 0x196
                0x00000198                __TBCCR3 = 0x198
                0x0000019a                __TBCCR4 = 0x19a
                0x0000019c                __TBCCR5 = 0x19c
                0x0000019e                __TBCCR6 = 0x19e
                0x00000060                __UCA0CTL0 = 0x60
                0x00000061                __UCA0CTL1 = 0x61
                0x00000062                __UCA0BR0 = 0x62
                0x00000063                __UCA0BR1 = 0x63
                0x00000064                __UCA0MCTL = 0x64
                0x00000065                __UCA0STAT = 0x65
                0x00000066                __UCA0RXBUF = 0x66
                0x00000067                __UCA0TXBUF = 0x67
                0x0000005d                __UCA0ABCTL = 0x5d
                0x0000005e                __UCA0IRTCTL = 0x5e
                0x0000005f                __UCA0IRRCTL = 0x5f
                0x00000068                __UCB0CTL0 = 0x68
                0x00000069                __UCB0CTL1 = 0x69
                0x0000006a                __UCB0BR0 = 0x6a
                0x0000006b                __UCB0BR1 = 0x6b
                0x0000006c                __UCB0I2CIE = 0x6c
                0x0000006d                __UCB0STAT = 0x6d
                0x0000006e                __UCB0RXBUF = 0x6e
                0x0000006f                __UCB0TXBUF = 0x6f
                0x00000118                __UCB0I2COA = 0x118
                0x0000011a                __UCB0I2CSA = 0x11a
                0x000000d0                __UCA1CTL0 = 0xd0
                0x000000d1                __UCA1CTL1 = 0xd1
                0x000000d2                __UCA1BR0 = 0xd2
                0x000000d3                __UCA1BR1 = 0xd3
                0x000000d4                __UCA1MCTL = 0xd4
                0x000000d5                __UCA1STAT = 0xd5
                0x000000d6                __UCA1RXBUF = 0xd6
                0x000000d7                __UCA1TXBUF = 0xd7
                0x000000cd                __UCA1ABCTL = 0xcd
                0x000000ce                __UCA1IRTCTL = 0xce
                0x000000cf                __UCA1IRRCTL = 0xcf
                0x000000d8                __UCB1CTL0 = 0xd8
                0x000000d9                __UCB1CTL1 = 0xd9
                0x000000da                __UCB1BR0 = 0xda
                0x000000db                __UCB1BR1 = 0xdb
                0x000000dc                __UCB1I2CIE = 0xdc
                0x000000dd                __UCB1STAT = 0xdd
                0x000000de                __UCB1RXBUF = 0xde
                0x000000df                __UCB1TXBUF = 0xdf
                0x0000017c                __UCB1I2COA = 0x17c
                0x0000017e                __UCB1I2CSA = 0x17e
                0x00000120                __WDTCTL = 0x120
                0x000010c0                __TLV_CHECKSUM = 0x10c0
                0x000010f6                __TLV_DCO_30_TAG = 0x10f6
                0x000010f7                __TLV_DCO_30_LEN = 0x10f7
                0x000010da                __TLV_ADC12_1_TAG = 0x10da
                0x000010db                __TLV_ADC12_1_LEN = 0x10db
                0x000010f8                __CALDCO_16MHZ = 0x10f8
                0x000010f9                __CALBC1_16MHZ = 0x10f9
                0x000010fa                __CALDCO_12MHZ = 0x10fa
                0x000010fb                __CALBC1_12MHZ = 0x10fb
                0x000010fc                __CALDCO_8MHZ = 0x10fc
                0x000010fd                __CALBC1_8MHZ = 0x10fd
                0x000010fe                __CALDCO_1MHZ = 0x10fe
                0x000010ff                __CALBC1_1MHZ = 0x10ff

.hash
 *(.hash)

.dynsym
 *(.dynsym)

.dynstr
 *(.dynstr)

.gnu.version
 *(.gnu.version)

.gnu.version_d
 *(.gnu.version_d)

.gnu.version_r
 *(.gnu.version_r)

.rel.init
 *(.rel.init)

.rela.init
 *(.rela.init)

.rel.fini
 *(.rel.fini)

.rela.fini
 *(.rela.fini)

.rel.text
 *(.rel.text .rel.text.* .rel.gnu.linkonce.t.*)

.rela.text
 *(.rela.text .rela.text.* .rela.gnu.linkonce.t.*)

.rel.rodata
 *(.rel.rodata .rel.rodata.* .rel.gnu.linkonce.r.*)

.rela.rodata
 *(.rela.rodata .rela.rodata.* .rela.gnu.linkonce.r.*)

.rel.data
 *(.rel.data .rel.data.* .rel.gnu.linkonce.d.*)

.rela.data
 *(.rela.data .rela.data.* .rela.gnu.linkonce.d.*)

.rel.bss
 *(.rel.bss .rel.bss.* .rel.gnu.linkonce.b.*)

.rela.bss
 *(.rela.bss .rela.bss.* .rela.gnu.linkonce.b.*)

.rel.ctors
 *(.rel.ctors)

.rela.ctors
 *(.rela.ctors)

.rel.dtors
 *(.rel.dtors)

.rela.dtors
 *(.rela.dtors)

.rel.got
 *(.rel.got)

.rela.got
 *(.rela.got)

.rel.plt
 *(.rel.plt)

.rela.plt
 *(.rela.plt)

.text           0x00003100     0x59a2
                0x00003100                . = ALIGN (0x2)
 *(.init .init.*)
 *(.init0)
 .init0         0x00003100        0x0 c:/sysgcc/msp430/bin/../lib/gcc/msp430/4.6.3/mcpu-430x/mmpy-16\libcrt0.a(_reset_vector__.o)
                0x00003100                _reset_vector__
 *(.init1)
 .init1         0x00003100        0xc c:/sysgcc/msp430/bin/../lib/gcc/msp430/4.6.3/mcpu-430x/mmpy-16\libcrt0.a(__watchdog_support.o)
                0x00003100                __watchdog_support
 *(.init2)
 .init2         0x0000310c        0x4 c:/sysgcc/msp430/bin/../lib/gcc/msp430/4.6.3/mcpu-430x/mmpy-16\libcrt0.a(__init_stack.o)
                0x0000310c                __init_stack
 *(.init3)
 .init3         0x00003110        0x0 c:/sysgcc/msp430/bin/../lib/gcc/msp430/4.6.3/mcpu-430x/mmpy-16\libcrt0.a(__low_level_init.o)
                0x00003110                __low_level_init
 *(.init4)
 .init4         0x00003110       0x18 c:/sysgcc/msp430/bin/../lib/gcc/msp430/4.6.3/mcpu-430x/mmpy-16\libcrt0.a(_copy_data.o)
                0x00003110                __do_copy_data
 .init4         0x00003128       0x16 c:/sysgcc/msp430/bin/../lib/gcc/msp430/4.6.3/mcpu-430x/mmpy-16\libcrt0.a(_clear_bss.o)
                0x00003128                __do_clear_bss
 *(.init5)
 *(.init6)
 *(.init7)
 *(.init8)
 *(.init9)
 .init9         0x0000313e      0x2e0 obj_z1/contiki-z1-main.o
                0x0000313e                main
 *(.fini9)
 .fini9         0x0000341e        0x0 c:/sysgcc/msp430/bin/../lib/gcc/msp430/4.6.3/mcpu-430x/mmpy-16\libcrt0.a(__stop_progExec__.o)
                0x0000341e                __stop_progExec__
 *(.fini8)
 *(.fini7)
 *(.fini6)
 *(.fini5)
 *(.fini4)
 *(.fini3)
 *(.fini2)
 *(.fini1)
 *(.fini0)
 .fini0         0x0000341e        0x6 c:/sysgcc/msp430/bin/../lib/gcc/msp430/4.6.3/mcpu-430x/mmpy-16\libcrt0.a(_endless_loop__.o)
                0x0000341e                _endless_loop__
 *(.fini .fini.*)
                0x00003424                . = ALIGN (0x2)
                0x00003424                __ctors_start = .
 *(.ctors)
                0x00003424                __ctors_end = .
                0x00003424                __dtors_start = .
 *(.dtors)
                0x00003424                __dtors_end = .
                0x00003424                . = ALIGN (0x2)
 *(.text .text.* .gnu.linkonce.t.*)
 .text          0x00003424        0x4 c:/sysgcc/msp430/bin/../lib/gcc/msp430/4.6.3/mcpu-430x/mmpy-16/crt0ivtbl32.o
                0x00003424                __isr_14
                0x00003424                __isr_4
                0x00003424                __isr_29
                0x00003424                __isr_11
                0x00003424                __isr_5
                0x00003424                __isr_2
                0x00003424                __isr_10
                0x00003424                __isr_7
                0x00003424                __isr_0
                0x00003424                __isr_28
                0x00003424                __isr_8
                0x00003424                __isr_20
                0x00003424                __isr_3
                0x00003424                __isr_12
                0x00003424                __isr_13
                0x00003424                __isr_27
                0x00003424                __isr_9
                0x00003424                __isr_30
                0x00003424                __isr_6
                0x00003424                __isr_22
                0x00003424                __isr_1
                0x00003424                __isr_15
                0x00003424                __isr_21
 .text.crt0     0x00003428        0x0 c:/sysgcc/msp430/bin/../lib/gcc/msp430/4.6.3/mcpu-430x/mmpy-16/crt0ivtbl32.o
 .text          0x00003428      0x276 sensor.co
 .text          0x0000369e        0x6 obj_z1/contiki-z1-main.o
                0x0000369e                uip_log
 .text          0x000036a4        0xc contiki-z1.a(contiki-z1-plat)
                0x000036a4                init_platform
 .text          0x000036b0       0xcc contiki-z1.a(msp430.o)
                0x000036b0                msp430_init_dco
                0x000036d8                splhigh_
                0x000036e0                msp430_sync_dco
                0x00003752                msp430_cpu_init
 .text          0x0000377c      0x146 contiki-z1.a(leds.o)
                0x0000386a                leds_init
                0x00003874                leds_get
                0x0000387a                leds_set
                0x00003880                leds_on
                0x0000388a                leds_off
                0x00003898                leds_toggle
                0x000038a2                leds_blink
 .text          0x000038c2       0x5c contiki-z1.a(watchdog.o)
                0x000038c2                __isr_26
                0x000038c2                watchdog_interrupt
                0x000038c8                watchdog_start
                0x000038dc                watchdog_periodic
                0x000038ee                watchdog_stop
                0x00003904                watchdog_init
                0x00003918                watchdog_reboot
 .text          0x0000391e      0x350 contiki-z1.a(xmem.o)
                0x00003996                xmem_init
                0x000039b4                xmem_pread
                0x00003a84                xmem_pwrite
                0x00003bb8                xmem_erase
 .text          0x00003c6e       0x38 contiki-z1.a(spi.o)
                0x00003c6e                spi_init
 .text          0x00003ca6      0xb94 contiki-z1.a(cc2420.o)
                0x000040dc                cc2420_on
                0x000040fe                cc2420_off
                0x00004328                cc2420_get_channel
                0x0000432e                cc2420_set_channel
                0x00004368                cc2420_set_pan_addr
                0x000043b4                cc2420_interrupt
                0x000043cc                cc2420_set_txpower
                0x000043da                cc2420_get_txpower
                0x00004536                cc2420_rssi
                0x00004680                cc2420_set_cca_threshold
                0x0000474a                cc2420_init
 .text          0x0000483a       0x1a contiki-z1.a(cc2420-arch.o)
                0x0000483a                cc2420_arch_init
 .text          0x00004854       0x9a contiki-z1.a(node-id.o)
                0x00004854                node_id_restore
                0x000048a0                node_id_burn
 .text          0x000048ee      0x158 contiki-z1.a(sensors.o)
                0x000049ac                sensors_first
                0x000049b2                sensors_next
                0x000049de                sensors_changed
                0x00004a08                sensors_find
 .text          0x00004a46      0x100 contiki-z1.a(button-sensor.o)
                0x00004ad0                __isr_19
                0x00004ad0                irq_p2
 .text          0x00004b46       0xd8 contiki-z1.a(uart0.o)
                0x00004b46                uart0_active
                0x00004b54                uart0_set_input
                0x00004b5a                uart0_writeb
                0x00004b72                uart0_init
                0x00004bb8                uart0_rx_interrupt
                0x00004bb8                __isr_23
 .text          0x00004c1e       0x10 contiki-z1.a(uart0-putchar.o)
                0x00004c1e                putchar
 .text          0x00004c2e      0x318 contiki-z1.a(adxl345.o)
                0x00004c2e                accm_write_reg
                0x00004c5c                accm_write_stream
                0x00004c86                accm_read_reg
                0x00004d30                accm_read_stream
                0x00004d82                accm_read_axis
                0x00004da8                accm_set_grange
                0x00004dcc                accm_init
                0x00004e56                accm_set_irq
                0x00004e82                __isr_18
                0x00004e82                port1_isr
 .text          0x00004f46      0x1e8 contiki-z1.a(clock.o)
                0x00004f46                __isr_24
                0x00004f46                timera1
                0x00005050                clock_time
                0x0000506a                clock_set
                0x00005080                clock_fine_max
                0x00005086                clock_fine
                0x00005092                clock_init
                0x000050ba                clock_delay
                0x000050c6                clock_wait
                0x000050ee                clock_set_seconds
                0x00005106                clock_seconds
                0x00005120                clock_counter
 .text          0x0000512e       0x78 contiki-z1.a(leds-arch.o)
                0x0000512e                leds_arch_init
                0x0000513c                leds_arch_get
                0x0000516c                leds_arch_set
 .text          0x000051a6       0x7e contiki-z1.a(rtimer-arch.o)
                0x000051a6                rtimer_arch_init
                0x000051b4                rtimer_arch_now
                0x000051c2                timera0
                0x000051c2                __isr_25
                0x0000521e                rtimer_arch_schedule
 .text          0x00005224       0x8c contiki-z1.a(timer.o)
                0x00005224                timer_set
                0x00005240                timer_reset
                0x0000524e                timer_restart
                0x00005262                timer_expired
                0x0000528c                timer_remaining
 .text          0x000052b0       0x50 contiki-z1.a(rtimer.o)
                0x000052b0                rtimer_init
                0x000052b6                rtimer_set
                0x000052da                rtimer_run_next
 .text          0x00005300      0x2a0 contiki-z1.a(process.o)
                0x00005400                process_alloc_event
                0x0000540e                process_exit
                0x00005418                process_init
                0x00005434                process_run
                0x000054d8                process_nevents
                0x000054e6                process_post
                0x00005536                process_post_synch
                0x00005548                process_start
                0x0000557a                process_poll
                0x00005592                process_is_running
 .text          0x000055a0      0x270 contiki-z1.a(etimer.o)
                0x00005610                etimer_request_poll
                0x0000571a                etimer_set
                0x0000572c                etimer_reset_with_new_interval
                0x0000574a                etimer_reset
                0x0000575c                etimer_restart
                0x0000576e                etimer_adjust
                0x00005788                etimer_expired
                0x00005796                etimer_expiration_time
                0x000057aa                etimer_start_time
                0x000057b2                etimer_pending
                0x000057be                etimer_next_expiration_time
                0x000057d4                etimer_stop
 .text          0x00005810      0x1c4 contiki-z1.a(ctimer.o)
                0x000058ac                ctimer_init
                0x000058c4                ctimer_set_with_process
                0x00005912                ctimer_set
                0x00005922                ctimer_reset
                0x0000594e                ctimer_restart
                0x0000597a                ctimer_stop
                0x000059a2                ctimer_expired
 .text          0x000059d4       0xae contiki-z1.a(energest.o)
                0x000059d4                energest_init
                0x000059fc                energest_type_time
                0x00005a38                energest_leveldevice_leveltime
                0x00005a3e                energest_type_set
                0x00005a4a                energest_flush
 .text          0x00005a82       0x2a contiki-z1.a(autostart.o)
                0x00005a82                autostart_start
                0x00005a98                autostart_exit
 .text          0x00005aac      0x102 contiki-z1.a(serial-line.o)
                0x00005b48                serial_line_input_byte
                0x00005b92                serial_line_init
 .text          0x00005bae       0x96 contiki-z1.a(ringbuf.o)
                0x00005bae                ringbuf_init
                0x00005bc2                ringbuf_put
                0x00005bfa                ringbuf_get
                0x00005c2a                ringbuf_size
                0x00005c32                ringbuf_elements
 .text          0x00005c44        0xc contiki-z1.a(random.o)
                0x00005c44                random_init
                0x00005c4a                random_rand
 .text          0x00005c50      0x102 contiki-z1.a(memb.o)
                0x00005c50                memb_init
                0x00005c86                memb_alloc
                0x00005cc4                memb_free
                0x00005cfe                memb_inmemb
                0x00005d2c                memb_numfree
 .text          0x00005d52       0xf6 contiki-z1.a(list.o)
                0x00005d52                list_init
                0x00005d58                list_head
                0x00005d5c                list_copy
                0x00005d62                list_tail
                0x00005d74                list_chop
                0x00005d98                list_pop
                0x00005da6                list_remove
                0x00005dda                list_push
                0x00005df0                list_add
                0x00005e16                list_length
                0x00005e26                list_insert
                0x00005e3c                list_item_next
 .text          0x00005e48       0x78 contiki-z1.a(unicast.o)
                0x00005e82                unicast_open
                0x00005ea4                unicast_close
                0x00005eaa                unicast_send
 .text          0x00005ec0       0x78 contiki-z1.a(broadcast.o)
                0x00005ef6                broadcast_open
                0x00005f18                broadcast_close
                0x00005f1e                broadcast_send
 .text          0x00005f38       0x66 contiki-z1.a(channel.o)
                0x00005f38                channel_init
                0x00005f42                channel_open
                0x00005f52                channel_close
                0x00005f5e                channel_lookup
                0x00005f7e                channel_set_attributes
 .text          0x00005f9e       0x48 contiki-z1.a(abc.o)
                0x00005f9e                abc_open
                0x00005fbc                abc_close
                0x00005fc2                abc_send
                0x00005fc8                abc_input
                0x00005fd6                abc_sent
 .text          0x00005fe6       0xd8 contiki-z1.a(rime.o)
                0x00006082                rime_sniffer_add
                0x0000608e                rime_sniffer_remove
                0x0000609a                rime_output
 .text          0x000060be       0x2a contiki-z1.a(linkaddr.o)
                0x000060be                linkaddr_copy
                0x000060ca                linkaddr_cmp
                0x000060dc                linkaddr_set_node_addr
 .text          0x000060e8      0x1e2 contiki-z1.a(packetbuf.o)
                0x000060e8                packetbuf_clear_hdr
                0x000060f0                packetbuf_compact
                0x0000611e                packetbuf_copyto_hdr
                0x0000613a                packetbuf_copyto
                0x00006180                packetbuf_hdr_remove
                0x00006186                packetbuf_hdrreduce
                0x000061a0                packetbuf_set_datalen
                0x000061a6                packetbuf_dataptr
                0x000061b4                packetbuf_hdrptr
                0x000061be                packetbuf_datalen
                0x000061c4                packetbuf_hdrlen
                0x000061d4                packetbuf_totlen
                0x000061e0                packetbuf_hdralloc
                0x0000620a                packetbuf_attr_clear
                0x00006236                packetbuf_clear
                0x00006250                packetbuf_copyfrom
                0x0000627a                packetbuf_attr_copyto
                0x0000629a                packetbuf_attr_copyfrom
                0x000062bc                packetbuf_holds_broadcast
 .text          0x000062ca      0x13c contiki-z1.a(queuebuf.o)
                0x000062ca                queuebuf_init
                0x000062dc                queuebuf_numfree
                0x000062e6                queuebuf_new_from_packetbuf
                0x00006334                queuebuf_update_attr_from_packetbuf
                0x00006346                queuebuf_update_from_packetbuf
                0x00006368                queuebuf_free
                0x00006392                queuebuf_to_packetbuf
                0x000063c4                queuebuf_dataptr
                0x000063e0                queuebuf_datalen
                0x000063e8                queuebuf_addr
                0x000063f6                queuebuf_attr
                0x00006404                queuebuf_debug_print
 .text          0x00006406      0x37a contiki-z1.a(csma.o)
 .text          0x00006780      0x64a contiki-z1.a(contikimac.o)
                0x00006dc6                contikimac_debug_print
 .text          0x00006dca       0x1c contiki-z1.a(nullsec.o)
 .text          0x00006de6      0x1b2 contiki-z1.a(i2cmaster.o)
                0x00006de6                i2c_setrate
                0x00006dec                i2c_receiveinit
                0x00006e24                i2c_transmitinit
                0x00006e56                i2c_receive_n
                0x00006e9a                i2c_busy
                0x00006ea4                i2c_enable
                0x00006ec8                i2c_disable
                0x00006ee2                i2c_transmit_n
                0x00006ef6                __isr_16
                0x00006ef6                i2c_tx_interrupt
                0x00006f80                __isr_17
                0x00006f80                i2c_rx_interrupt
 .text          0x00006f98       0xb6 contiki-z1.a(compower.o)
                0x00006f98                compower_accumulate
                0x00007002                compower_clear
                0x00007014                compower_init
                0x0000701e                compower_attrconv
                0x0000702e                compower_accumulate_attrs
 .text          0x0000704e      0x114 contiki-z1.a(announcement.o)
                0x0000704e                announcement_init
                0x00007058                announcement_register
                0x00007092                announcement_remove
                0x0000709e                announcement_remove_value
                0x000070c0                announcement_set_value
                0x000070e8                announcement_bump
                0x0000710a                announcement_listen
                0x00007116                announcement_register_listen_callback
                0x0000711c                announcement_register_observer_callback
                0x00007122                announcement_list
                0x0000712c                announcement_heard
 .text          0x00007162       0x38 contiki-z1.a(chameleon.o)
                0x00007162                chameleon_init
                0x00007168                chameleon_parse
                0x00007178                chameleon_create
                0x00007194                chameleon_hdrsize
 .text          0x0000719a      0x1c2 contiki-z1.a(broadcast-annou)
                0x000072ec                broadcast_announcement_init
                0x00007330                broadcast_announcement_stop
                0x00007352                broadcast_announcement_beacon_interval
 .text          0x0000735c      0x306 contiki-z1.a(chameleon-bitop)
                0x00007372                get_bits_in_byte
                0x000073ac                get_bits
                0x000074f0                set_bits_in_byte
                0x0000751c                set_bits
 .text          0x00007662       0x14 contiki-z1.a(mac.o)
                0x00007662                mac_call_sent_callback
 .text          0x00007676       0x92 contiki-z1.a(mac-sequence.o)
                0x00007676                mac_sequence_is_duplicate
                0x000076ac                mac_sequence_register_seqno
 .text          0x00007708       0xce contiki-z1.a(contikimac-fram)
 .text          0x000077d6      0x1cc contiki-z1.a(framer-802154.o)
 .text          0x000079a2       0x20 contiki-z1.a(framer.o)
                0x000079a2                framer_canonical_create_and_secure
 .text          0x000079c2      0x542 contiki-z1.a(frame802154.o)
                0x000079c2                frame802154_get_pan_id
                0x000079c8                frame802154_set_pan_id
                0x000079ce                frame802154_has_panid
                0x00007ae0                frame802154_check_dest_panid
                0x00007b18                frame802154_is_broadcast_addr
                0x00007b3c                frame802154_extract_linkaddr
                0x00007bc8                frame802154_hdrlen
                0x00007bfa                frame802154_create
                0x00007d30                frame802154_parse
 .text          0x00007f04        0x0 c:/sysgcc/msp430/bin/../lib/gcc/msp430/4.6.3/mcpu-430x/mmpy-16\libgcc.a(_mulsi3.o)
 .text.libgcc   0x00007f04       0x2a c:/sysgcc/msp430/bin/../lib/gcc/msp430/4.6.3/mcpu-430x/mmpy-16\libgcc.a(_mulsi3.o)
                0x00007f04                __mulsi3
 .text          0x00007f2e        0x0 c:/sysgcc/msp430/bin/../lib/gcc/msp430/4.6.3/mcpu-430x/mmpy-16\libgcc.a(_udivmod32.o)
 .text.libgcc   0x00007f2e       0x38 c:/sysgcc/msp430/bin/../lib/gcc/msp430/4.6.3/mcpu-430x/mmpy-16\libgcc.a(_udivmod32.o)
                0x00007f2e                __ext_udivmod32
                0x00007f2e                __udivsi3
                0x00007f5c                __umodsi3
 .text          0x00007f66       0x1e c:/sysgcc/msp430/bin/../lib/gcc/msp430/4.6.3/../../../../msp430/lib/mcpu-430x/mmpy-16\libc.a(strcmp.o)
                0x00007f66                strcmp
 .text          0x00007f84       0x28 c:/sysgcc/msp430/bin/../lib/gcc/msp430/4.6.3/../../../../msp430/lib/mcpu-430x/mmpy-16\libc.a(strncmp.o)
                0x00007f84                strncmp
 .text          0x00007fac       0x20 c:/sysgcc/msp430/bin/../lib/gcc/msp430/4.6.3/../../../../msp430/lib/mcpu-430x/mmpy-16\libc.a(memcmp.o)
                0x00007fac                memcmp
 .text          0x00007fcc       0xe4 c:/sysgcc/msp430/bin/../lib/gcc/msp430/4.6.3/../../../../msp430/lib/mcpu-430x/mmpy-16\libc.a(memcpy.o)
                0x00007fcc                memcpy
 .text          0x000080b0       0x5c c:/sysgcc/msp430/bin/../lib/gcc/msp430/4.6.3/../../../../msp430/lib/mcpu-430x/mmpy-16\libc.a(memset.o)
                0x000080b0                memset
 .text          0x0000810c       0x1e c:/sysgcc/msp430/bin/../lib/gcc/msp430/4.6.3/../../../../msp430/lib/mcpu-430x/mmpy-16\libc.a(printf.o)
                0x0000810c                printf
                0x0000811c                vprintf
 .text          0x0000812a      0x818 c:/sysgcc/msp430/bin/../lib/gcc/msp430/4.6.3/../../../../msp430/lib/mcpu-430x/mmpy-16\libc.a(vuprintf.o)
                0x000082a6                vuprintf
 .text          0x00008942       0x2c c:/sysgcc/msp430/bin/../lib/gcc/msp430/4.6.3/../../../../msp430/lib/mcpu-430x/mmpy-16\libc.a(puts.o)
                0x00008942                puts
 .text          0x0000896e       0x54 c:/sysgcc/msp430/bin/../lib/gcc/msp430/4.6.3/../../../../msp430/lib/mcpu-430x/mmpy-16\libc.a(rand.o)
                0x0000896e                rand_r
                0x00008992                rand
                0x000089b8                srand
 .text          0x000089c2        0x0 c:/sysgcc/msp430/bin/../lib/gcc/msp430/4.6.3/mcpu-430x/mmpy-16\libgcc.a(_udivmod16.o)
 .text.libgcc   0x000089c2       0x22 c:/sysgcc/msp430/bin/../lib/gcc/msp430/4.6.3/mcpu-430x/mmpy-16\libgcc.a(_udivmod16.o)
                0x000089c2                __ext_udivmod16
                0x000089c2                __udivhi3
                0x000089dc                __umodhi3
 .text          0x000089e4        0x0 c:/sysgcc/msp430/bin/../lib/gcc/msp430/4.6.3/mcpu-430x/mmpy-16\libgcc.a(_udivmod64.o)
 .text.libgcc   0x000089e4       0xbc c:/sysgcc/msp430/bin/../lib/gcc/msp430/4.6.3/mcpu-430x/mmpy-16\libgcc.a(_udivmod64.o)
                0x000089e4                __xabi_udivmod64
                0x00008a36                __udivdi3
                0x00008a50                __umoddi3
                0x00008a72                __udivmoddi4
 .text          0x00008aa0        0x0 c:/sysgcc/msp430/bin/../lib/gcc/msp430/4.6.3/mcpu-430x/mmpy-16\libcrt0.a(_reset_vector__.o)
 .text          0x00008aa0        0x0 c:/sysgcc/msp430/bin/../lib/gcc/msp430/4.6.3/mcpu-430x/mmpy-16\libcrt0.a(__watchdog_support.o)
 .text          0x00008aa0        0x0 c:/sysgcc/msp430/bin/../lib/gcc/msp430/4.6.3/mcpu-430x/mmpy-16\libcrt0.a(__init_stack.o)
 .text          0x00008aa0        0x0 c:/sysgcc/msp430/bin/../lib/gcc/msp430/4.6.3/mcpu-430x/mmpy-16\libcrt0.a(__low_level_init.o)
 .text          0x00008aa0        0x0 c:/sysgcc/msp430/bin/../lib/gcc/msp430/4.6.3/mcpu-430x/mmpy-16\libcrt0.a(_copy_data.o)
 .text          0x00008aa0        0x0 c:/sysgcc/msp430/bin/../lib/gcc/msp430/4.6.3/mcpu-430x/mmpy-16\libcrt0.a(_clear_bss.o)
 .text          0x00008aa0        0x0 c:/sysgcc/msp430/bin/../lib/gcc/msp430/4.6.3/mcpu-430x/mmpy-16\libcrt0.a(__stop_progExec__.o)
 .text          0x00008aa0        0x0 c:/sysgcc/msp430/bin/../lib/gcc/msp430/4.6.3/mcpu-430x/mmpy-16\libcrt0.a(_endless_loop__.o)
 .text          0x00008aa0        0x0 c:/sysgcc/msp430/bin/../lib/gcc/msp430/4.6.3/mcpu-430x/mmpy-16\libcrt0.a(_unexpected_.o)
 .text.crt0     0x00008aa0        0x2 c:/sysgcc/msp430/bin/../lib/gcc/msp430/4.6.3/mcpu-430x/mmpy-16\libcrt0.a(_unexpected_.o)
                0x00008aa0                _unexpected_
                0x00008aa2                . = ALIGN (0x2)

.rodata         0x00008aa2      0x3d2
                0x00008aa2                . = ALIGN (0x2)
 *(.rodata .rodata.* .gnu.linkonce.r.*)
 .rodata        0x00008aa2      0x166 sensor.co
                0x00008bea                autostart_processes
 .rodata        0x00008c08       0xe3 obj_z1/contiki-z1-main.o
 .rodata        0x00008ceb       0x2c contiki-z1.a(xmem.o)
 *fill*         0x00008d17        0x1 00
 .rodata        0x00008d18       0x70 contiki-z1.a(cc2420.o)
                0x00008d4a                cc2420_aes_128_driver
                0x00008d4e                cc2420_driver
 .rodata        0x00008d88        0x8 contiki-z1.a(sensors.o)
 .rodata        0x00008d90       0x10 contiki-z1.a(button-sensor.o)
                0x00008d98                button_sensor
 .rodata        0x00008da0       0x16 contiki-z1.a(adxl345.o)
 .rodata        0x00008db6        0xc contiki-z1.a(etimer.o)
 .rodata        0x00008dc2        0xf contiki-z1.a(ctimer.o)
 .rodata        0x00008dd1        0xe contiki-z1.a(serial-line.o)
 *fill*         0x00008ddf        0x1 00
 .rodata        0x00008de0        0xa contiki-z1.a(unicast.o)
 .rodata        0x00008dea        0x8 contiki-z1.a(broadcast.o)
 .rodata        0x00008df2        0x2 contiki-z1.a(abc.o)
 .rodata        0x00008df4        0xc contiki-z1.a(rime.o)
                0x00008dfa                rime_driver
 .rodata        0x00008e00        0x2 contiki-z1.a(linkaddr.o)
                0x00008e00                linkaddr_null
 .rodata        0x00008e02       0x14 contiki-z1.a(csma.o)
                0x00008e08                csma_driver
 .rodata        0x00008e16       0x1c contiki-z1.a(contikimac.o)
                0x00008e22                contikimac_driver
 .rodata        0x00008e32       0x14 contiki-z1.a(nullsec.o)
                0x00008e3a                nullsec_driver
 .rodata        0x00008e46        0x4 contiki-z1.a(broadcast-annou)
 .rodata        0x00008e4a       0x10 contiki-z1.a(chameleon-bitop)
                0x00008e4a                chameleon_bitopt
 .rodata        0x00008e5a        0x8 contiki-z1.a(contikimac-fram)
                0x00008e5a                contikimac_framer
 .rodata        0x00008e62        0x8 contiki-z1.a(framer-802154.o)
                0x00008e62                framer_802154
 .rodata        0x00008e6a        0x2 contiki-z1.a(frame802154.o)
 .rodata        0x00008e6c        0x7 c:/sysgcc/msp430/bin/../lib/gcc/msp430/4.6.3/../../../../msp430/lib/mcpu-430x/mmpy-16\libc.a(vuprintf.o)
                0x00008e74                . = ALIGN (0x2)
 *fill*         0x00008e73        0x1 00
                0x00008e74                _etext = .

.data           0x00001100       0x9e load address 0x00008e74
                0x00001100                . = ALIGN (0x2)
                0x00001100                PROVIDE (__data_start, .)
 *(.data .data.* .gnu.linkonce.d.*)
 .data          0x00001100        0x0 c:/sysgcc/msp430/bin/../lib/gcc/msp430/4.6.3/mcpu-430x/mmpy-16/crt0ivtbl32.o
 .data          0x00001100       0x14 sensor.co
                0x00001100                example_broadcast_process
 .data          0x00001114        0x4 obj_z1/contiki-z1-main.o
                0x00001114                sensors
 .data          0x00001118        0x0 contiki-z1.a(contiki-z1-plat)
 .data          0x00001118        0x2 contiki-z1.a(msp430.o)
 .data          0x0000111a        0x0 contiki-z1.a(leds.o)
 .data          0x0000111a        0x0 contiki-z1.a(watchdog.o)
 .data          0x0000111a        0x0 contiki-z1.a(xmem.o)
 .data          0x0000111a        0x0 contiki-z1.a(spi.o)
 .data          0x0000111a        0xc contiki-z1.a(cc2420.o)
                0x0000111a                cc2420_process
 .data          0x00001126        0x0 contiki-z1.a(cc2420-arch.o)
 .data          0x00001126        0x0 contiki-z1.a(node-id.o)
 .data          0x00001126        0xa contiki-z1.a(sensors.o)
                0x00001126                sensors_process
 .data          0x00001130        0x0 contiki-z1.a(button-sensor.o)
 .data          0x00001130        0x0 contiki-z1.a(uart0.o)
 .data          0x00001130        0x0 contiki-z1.a(uart0-putchar.o)
 .data          0x00001130       0x20 contiki-z1.a(adxl345.o)
                0x00001130                accmeter_process
 .data          0x00001150        0x0 contiki-z1.a(clock.o)
 .data          0x00001150        0x0 contiki-z1.a(leds-arch.o)
 .data          0x00001150        0x0 contiki-z1.a(rtimer-arch.o)
 .data          0x00001150        0x0 contiki-z1.a(timer.o)
 .data          0x00001150        0x0 contiki-z1.a(rtimer.o)
 .data          0x00001150        0x0 contiki-z1.a(process.o)
 .data          0x00001150        0xa contiki-z1.a(etimer.o)
                0x00001150                etimer_process
 .data          0x0000115a        0xa contiki-z1.a(ctimer.o)
                0x0000115a                ctimer_process
 .data          0x00001164        0x0 contiki-z1.a(energest.o)
 .data          0x00001164        0x0 contiki-z1.a(autostart.o)
 .data          0x00001164        0xa contiki-z1.a(serial-line.o)
                0x00001164                serial_line_process
 .data          0x0000116e        0x0 contiki-z1.a(ringbuf.o)
 .data          0x0000116e        0x0 contiki-z1.a(random.o)
 .data          0x0000116e        0x0 contiki-z1.a(memb.o)
 .data          0x0000116e        0x0 contiki-z1.a(list.o)
 .data          0x0000116e        0x0 contiki-z1.a(unicast.o)
 .data          0x0000116e        0x0 contiki-z1.a(broadcast.o)
 .data          0x0000116e        0x0 contiki-z1.a(channel.o)
 .data          0x0000116e        0x0 contiki-z1.a(abc.o)
 .data          0x0000116e        0x0 contiki-z1.a(rime.o)
 .data          0x0000116e        0x0 contiki-z1.a(linkaddr.o)
 .data          0x0000116e        0x0 contiki-z1.a(packetbuf.o)
 .data          0x0000116e       0x10 contiki-z1.a(queuebuf.o)
 .data          0x0000117e       0x18 contiki-z1.a(csma.o)
 .data          0x00001196        0x0 contiki-z1.a(contikimac.o)
 .data          0x00001196        0x0 contiki-z1.a(nullsec.o)
 .data          0x00001196        0x1 contiki-z1.a(i2cmaster.o)
                0x00001196                prescale_lsb
 .data          0x00001197        0x0 contiki-z1.a(compower.o)
 .data          0x00001197        0x0 contiki-z1.a(announcement.o)
 .data          0x00001197        0x0 contiki-z1.a(chameleon.o)
 .data          0x00001197        0x0 contiki-z1.a(broadcast-annou)
 .data          0x00001197        0x0 contiki-z1.a(chameleon-bitop)
 .data          0x00001197        0x0 contiki-z1.a(mac.o)
 .data          0x00001197        0x0 contiki-z1.a(mac-sequence.o)
 .data          0x00001197        0x0 contiki-z1.a(contikimac-fram)
 .data          0x00001197        0x0 contiki-z1.a(framer-802154.o)
 .data          0x00001197        0x0 contiki-z1.a(framer.o)
 *fill*         0x00001197        0x1 00
 .data          0x00001198        0x2 contiki-z1.a(frame802154.o)
 .data          0x0000119a        0x0 c:/sysgcc/msp430/bin/../lib/gcc/msp430/4.6.3/mcpu-430x/mmpy-16\libgcc.a(_mulsi3.o)
 .data          0x0000119a        0x0 c:/sysgcc/msp430/bin/../lib/gcc/msp430/4.6.3/mcpu-430x/mmpy-16\libgcc.a(_udivmod32.o)
 .data          0x0000119a        0x0 c:/sysgcc/msp430/bin/../lib/gcc/msp430/4.6.3/../../../../msp430/lib/mcpu-430x/mmpy-16\libc.a(strcmp.o)
 .data          0x0000119a        0x0 c:/sysgcc/msp430/bin/../lib/gcc/msp430/4.6.3/../../../../msp430/lib/mcpu-430x/mmpy-16\libc.a(strncmp.o)
 .data          0x0000119a        0x0 c:/sysgcc/msp430/bin/../lib/gcc/msp430/4.6.3/../../../../msp430/lib/mcpu-430x/mmpy-16\libc.a(memcmp.o)
 .data          0x0000119a        0x0 c:/sysgcc/msp430/bin/../lib/gcc/msp430/4.6.3/../../../../msp430/lib/mcpu-430x/mmpy-16\libc.a(memcpy.o)
 .data          0x0000119a        0x0 c:/sysgcc/msp430/bin/../lib/gcc/msp430/4.6.3/../../../../msp430/lib/mcpu-430x/mmpy-16\libc.a(memset.o)
 .data          0x0000119a        0x0 c:/sysgcc/msp430/bin/../lib/gcc/msp430/4.6.3/../../../../msp430/lib/mcpu-430x/mmpy-16\libc.a(printf.o)
 .data          0x0000119a        0x0 c:/sysgcc/msp430/bin/../lib/gcc/msp430/4.6.3/../../../../msp430/lib/mcpu-430x/mmpy-16\libc.a(vuprintf.o)
 .data          0x0000119a        0x0 c:/sysgcc/msp430/bin/../lib/gcc/msp430/4.6.3/../../../../msp430/lib/mcpu-430x/mmpy-16\libc.a(puts.o)
 .data          0x0000119a        0x4 c:/sysgcc/msp430/bin/../lib/gcc/msp430/4.6.3/../../../../msp430/lib/mcpu-430x/mmpy-16\libc.a(rand.o)
 .data          0x0000119e        0x0 c:/sysgcc/msp430/bin/../lib/gcc/msp430/4.6.3/mcpu-430x/mmpy-16\libgcc.a(_udivmod16.o)
 .data          0x0000119e        0x0 c:/sysgcc/msp430/bin/../lib/gcc/msp430/4.6.3/mcpu-430x/mmpy-16\libgcc.a(_udivmod64.o)
 .data          0x0000119e        0x0 c:/sysgcc/msp430/bin/../lib/gcc/msp430/4.6.3/mcpu-430x/mmpy-16\libcrt0.a(_reset_vector__.o)
 .data          0x0000119e        0x0 c:/sysgcc/msp430/bin/../lib/gcc/msp430/4.6.3/mcpu-430x/mmpy-16\libcrt0.a(__watchdog_support.o)
 .data          0x0000119e        0x0 c:/sysgcc/msp430/bin/../lib/gcc/msp430/4.6.3/mcpu-430x/mmpy-16\libcrt0.a(__init_stack.o)
 .data          0x0000119e        0x0 c:/sysgcc/msp430/bin/../lib/gcc/msp430/4.6.3/mcpu-430x/mmpy-16\libcrt0.a(__low_level_init.o)
 .data          0x0000119e        0x0 c:/sysgcc/msp430/bin/../lib/gcc/msp430/4.6.3/mcpu-430x/mmpy-16\libcrt0.a(_copy_data.o)
 .data          0x0000119e        0x0 c:/sysgcc/msp430/bin/../lib/gcc/msp430/4.6.3/mcpu-430x/mmpy-16\libcrt0.a(_clear_bss.o)
 .data          0x0000119e        0x0 c:/sysgcc/msp430/bin/../lib/gcc/msp430/4.6.3/mcpu-430x/mmpy-16\libcrt0.a(__stop_progExec__.o)
 .data          0x0000119e        0x0 c:/sysgcc/msp430/bin/../lib/gcc/msp430/4.6.3/mcpu-430x/mmpy-16\libcrt0.a(_endless_loop__.o)
 .data          0x0000119e        0x0 c:/sysgcc/msp430/bin/../lib/gcc/msp430/4.6.3/mcpu-430x/mmpy-16\libcrt0.a(_unexpected_.o)
                0x0000119e                . = ALIGN (0x2)
                0x0000119e                _edata = .
                0x00008e74                PROVIDE (__data_load_start, LOADADDR (.data))
                0x0000009e                PROVIDE (__data_size, SIZEOF (.data))

.bss            0x0000119e      0xc00 load address 0x00008f12
                0x0000119e                PROVIDE (__bss_start, .)
 *(.bss .bss.*)
 .bss           0x0000119e        0x0 c:/sysgcc/msp430/bin/../lib/gcc/msp430/4.6.3/mcpu-430x/mmpy-16/crt0ivtbl32.o
 .bss           0x0000119e      0x11a sensor.co
 .bss           0x000012b8        0x4 obj_z1/contiki-z1-main.o
 .bss           0x000012bc        0x0 contiki-z1.a(contiki-z1-plat)
 .bss           0x000012bc        0x0 contiki-z1.a(msp430.o)
 .bss           0x000012bc        0x1 contiki-z1.a(leds.o)
 *fill*         0x000012bd        0x1 00
 .bss           0x000012be        0x2 contiki-z1.a(watchdog.o)
 .bss           0x000012c0        0x0 contiki-z1.a(xmem.o)
 .bss           0x000012c0        0x2 contiki-z1.a(spi.o)
                0x000012c0                spi_busy
 .bss           0x000012c2        0xa contiki-z1.a(cc2420.o)
 .bss           0x000012cc        0x0 contiki-z1.a(cc2420-arch.o)
 .bss           0x000012cc        0x2 contiki-z1.a(node-id.o)
                0x000012cc                node_id
 .bss           0x000012ce        0x6 contiki-z1.a(sensors.o)
 .bss           0x000012d4        0x8 contiki-z1.a(button-sensor.o)
 .bss           0x000012dc        0x4 contiki-z1.a(uart0.o)
 .bss           0x000012e0        0x0 contiki-z1.a(uart0-putchar.o)
 .bss           0x000012e0       0x16 contiki-z1.a(adxl345.o)
 .bss           0x000012f6        0xa contiki-z1.a(clock.o)
 .bss           0x00001300        0x0 contiki-z1.a(leds-arch.o)
 .bss           0x00001300        0x0 contiki-z1.a(rtimer-arch.o)
 .bss           0x00001300        0x0 contiki-z1.a(timer.o)
 .bss           0x00001300        0x2 contiki-z1.a(rtimer.o)
 .bss           0x00001302       0x42 contiki-z1.a(process.o)
                0x00001302                process_current
                0x00001304                process_list
 .bss           0x00001344        0x6 contiki-z1.a(etimer.o)
 .bss           0x0000134a        0x4 contiki-z1.a(ctimer.o)
 .bss           0x0000134e        0x0 contiki-z1.a(energest.o)
 .bss           0x0000134e        0x0 contiki-z1.a(autostart.o)
 .bss           0x0000134e      0x10a contiki-z1.a(serial-line.o)
 .bss           0x00001458        0x0 contiki-z1.a(ringbuf.o)
 .bss           0x00001458        0x0 contiki-z1.a(random.o)
 .bss           0x00001458        0x0 contiki-z1.a(memb.o)
 .bss           0x00001458        0x0 contiki-z1.a(list.o)
 .bss           0x00001458        0x0 contiki-z1.a(unicast.o)
 .bss           0x00001458        0x0 contiki-z1.a(broadcast.o)
 .bss           0x00001458        0x2 contiki-z1.a(channel.o)
 .bss           0x0000145a        0x0 contiki-z1.a(abc.o)
 .bss           0x0000145a        0x2 contiki-z1.a(rime.o)
 .bss           0x0000145c        0x0 contiki-z1.a(linkaddr.o)
 .bss           0x0000145c       0xb8 contiki-z1.a(packetbuf.o)
 .bss           0x00001514      0x630 contiki-z1.a(queuebuf.o)
 .bss           0x00001b44       0xb8 contiki-z1.a(csma.o)
 .bss           0x00001bfc       0x32 contiki-z1.a(contikimac.o)
 .bss           0x00001c2e        0x0 contiki-z1.a(nullsec.o)
 .bss           0x00001c2e        0x4 contiki-z1.a(i2cmaster.o)
                0x00001c2e                prescale_msb
 .bss           0x00001c32        0x8 contiki-z1.a(compower.o)
 .bss           0x00001c3a        0x6 contiki-z1.a(announcement.o)
 .bss           0x00001c40        0x0 contiki-z1.a(chameleon.o)
 .bss           0x00001c40       0x46 contiki-z1.a(broadcast-annou)
 .bss           0x00001c86        0x0 contiki-z1.a(chameleon-bitop)
 .bss           0x00001c86        0x0 contiki-z1.a(mac.o)
 .bss           0x00001c86       0x40 contiki-z1.a(mac-sequence.o)
 .bss           0x00001cc6        0x0 contiki-z1.a(contikimac-fram)
 .bss           0x00001cc6        0x2 contiki-z1.a(framer-802154.o)
 .bss           0x00001cc8        0x0 contiki-z1.a(framer.o)
 .bss           0x00001cc8        0x0 contiki-z1.a(frame802154.o)
 .bss           0x00001cc8        0x0 c:/sysgcc/msp430/bin/../lib/gcc/msp430/4.6.3/mcpu-430x/mmpy-16\libgcc.a(_mulsi3.o)
 .bss           0x00001cc8        0x0 c:/sysgcc/msp430/bin/../lib/gcc/msp430/4.6.3/mcpu-430x/mmpy-16\libgcc.a(_udivmod32.o)
 .bss           0x00001cc8        0x0 c:/sysgcc/msp430/bin/../lib/gcc/msp430/4.6.3/../../../../msp430/lib/mcpu-430x/mmpy-16\libc.a(strcmp.o)
 .bss           0x00001cc8        0x0 c:/sysgcc/msp430/bin/../lib/gcc/msp430/4.6.3/../../../../msp430/lib/mcpu-430x/mmpy-16\libc.a(strncmp.o)
 .bss           0x00001cc8        0x0 c:/sysgcc/msp430/bin/../lib/gcc/msp430/4.6.3/../../../../msp430/lib/mcpu-430x/mmpy-16\libc.a(memcmp.o)
 .bss           0x00001cc8        0x0 c:/sysgcc/msp430/bin/../lib/gcc/msp430/4.6.3/../../../../msp430/lib/mcpu-430x/mmpy-16\libc.a(memcpy.o)
 .bss           0x00001cc8        0x0 c:/sysgcc/msp430/bin/../lib/gcc/msp430/4.6.3/../../../../msp430/lib/mcpu-430x/mmpy-16\libc.a(memset.o)
 .bss           0x00001cc8        0x0 c:/sysgcc/msp430/bin/../lib/gcc/msp430/4.6.3/../../../../msp430/lib/mcpu-430x/mmpy-16\libc.a(printf.o)
 .bss           0x00001cc8        0x0 c:/sysgcc/msp430/bin/../lib/gcc/msp430/4.6.3/../../../../msp430/lib/mcpu-430x/mmpy-16\libc.a(vuprintf.o)
 .bss           0x00001cc8        0x0 c:/sysgcc/msp430/bin/../lib/gcc/msp430/4.6.3/../../../../msp430/lib/mcpu-430x/mmpy-16\libc.a(puts.o)
 .bss           0x00001cc8        0x0 c:/sysgcc/msp430/bin/../lib/gcc/msp430/4.6.3/../../../../msp430/lib/mcpu-430x/mmpy-16\libc.a(rand.o)
 .bss           0x00001cc8        0x0 c:/sysgcc/msp430/bin/../lib/gcc/msp430/4.6.3/mcpu-430x/mmpy-16\libgcc.a(_udivmod16.o)
 .bss           0x00001cc8        0x0 c:/sysgcc/msp430/bin/../lib/gcc/msp430/4.6.3/mcpu-430x/mmpy-16\libgcc.a(_udivmod64.o)
 .bss           0x00001cc8        0x0 c:/sysgcc/msp430/bin/../lib/gcc/msp430/4.6.3/mcpu-430x/mmpy-16\libcrt0.a(_reset_vector__.o)
 .bss           0x00001cc8        0x0 c:/sysgcc/msp430/bin/../lib/gcc/msp430/4.6.3/mcpu-430x/mmpy-16\libcrt0.a(__watchdog_support.o)
 .bss           0x00001cc8        0x0 c:/sysgcc/msp430/bin/../lib/gcc/msp430/4.6.3/mcpu-430x/mmpy-16\libcrt0.a(__init_stack.o)
 .bss           0x00001cc8        0x0 c:/sysgcc/msp430/bin/../lib/gcc/msp430/4.6.3/mcpu-430x/mmpy-16\libcrt0.a(__low_level_init.o)
 .bss           0x00001cc8        0x0 c:/sysgcc/msp430/bin/../lib/gcc/msp430/4.6.3/mcpu-430x/mmpy-16\libcrt0.a(_copy_data.o)
 .bss           0x00001cc8        0x0 c:/sysgcc/msp430/bin/../lib/gcc/msp430/4.6.3/mcpu-430x/mmpy-16\libcrt0.a(_clear_bss.o)
 .bss           0x00001cc8        0x0 c:/sysgcc/msp430/bin/../lib/gcc/msp430/4.6.3/mcpu-430x/mmpy-16\libcrt0.a(__stop_progExec__.o)
 .bss           0x00001cc8        0x0 c:/sysgcc/msp430/bin/../lib/gcc/msp430/4.6.3/mcpu-430x/mmpy-16\libcrt0.a(_endless_loop__.o)
 .bss           0x00001cc8        0x0 c:/sysgcc/msp430/bin/../lib/gcc/msp430/4.6.3/mcpu-430x/mmpy-16\libcrt0.a(_unexpected_.o)
 *(COMMON)
 COMMON         0x00001cc8        0x2 obj_z1/contiki-z1-main.o
                0x00001cc8                sensors_flags
 COMMON         0x00001cca       0x10 contiki-z1.a(cc2420.o)
                0x00001cca                cc2420_last_rssi
                0x00001ccc                cc2420_sfd_start_time
                0x00001cce                cc2420_time_of_departure
                0x00001cd0                cc2420_time_of_arrival
                0x00001cd2                cc2420_last_correlation
                0x00001cd4                cc2420_authority_level_of_sender
                0x00001cd6                cc2420_sfd_counter
                0x00001cd8                cc2420_sfd_end_time
 COMMON         0x00001cda        0x8 contiki-z1.a(node-id.o)
                0x00001cda                node_mac
 COMMON         0x00001ce2        0x1 contiki-z1.a(sensors.o)
                0x00001ce2                sensors_event
 *fill*         0x00001ce3        0x1 00
 COMMON         0x00001ce4        0x7 contiki-z1.a(adxl345.o)
                0x00001ce4                accm_int2_cb
                0x00001ce6                int2_event
                0x00001ce8                accm_int1_cb
                0x00001cea                int1_event
 COMMON         0x00001ceb        0x1 contiki-z1.a(process.o)
                0x00001ceb                process_maxevents
 COMMON         0x00001cec       0x56 contiki-z1.a(energest.o)
                0x00001cec                energest_total_time
                0x00001d1c                energest_total_count
                0x00001d1e                energest_current_mode
                0x00001d2a                energest_current_time
 COMMON         0x00001d42        0x1 contiki-z1.a(serial-line.o)
                0x00001d42                serial_line_event_message
 *fill*         0x00001d43        0x1 00
 COMMON         0x00001d44        0x2 contiki-z1.a(linkaddr.o)
                0x00001d44                linkaddr_node_addr
 COMMON         0x00001d46       0x40 contiki-z1.a(packetbuf.o)
                0x00001d46                packetbuf_addrs
                0x00001d4e                packetbuf_attrs
 COMMON         0x00001d86       0x10 contiki-z1.a(i2cmaster.o)
                0x00001d86                transmit_data1
                0x00001d87                rx_byte_ctr
                0x00001d88                tx_buf_ptr
                0x00001d8a                tx_byte_ctr
                0x00001d8c                i
                0x00001d8e                receive_data
                0x00001d90                rx_buf
                0x00001d92                transmit_data2
                0x00001d94                rx_buf_ptr
 COMMON         0x00001d96        0x8 contiki-z1.a(compower.o)
                0x00001d96                compower_idle_activity
                0x00001d9e                . = ALIGN (0x2)
                0x00001d9e                PROVIDE (__bss_end, .)
                0x00000c00                PROVIDE (__bss_size, SIZEOF (.bss))

.noinit         0x00001d9e        0x2 load address 0x00008f12
                0x00001d9e                PROVIDE (__noinit_start, .)
 *(.noinit .noinit.*)
 .noinit.crt0   0x00001d9e        0x2 c:/sysgcc/msp430/bin/../lib/gcc/msp430/4.6.3/mcpu-430x/mmpy-16\libcrt0.a(__watchdog_support.o)
                0x00001d9e                __wdt_clear_value
                0x00001da0                . = ALIGN (0x2)
                0x00001da0                PROVIDE (__noinit_end, .)
                0x00001da0                . = ALIGN (0x2)
                0x00001da0                _end = .

.infomem        0x00001000        0x0
 *(.infomem)
                0x00001000                . = ALIGN (0x2)
 *(.infomem.*)

.infomemnobits  0x00001000        0x0
 *(.infomemnobits)
                0x00001000                . = ALIGN (0x2)
 *(.infomemnobits.*)

.infoa
 *(.infoa .infoa.*)

.infob
 *(.infob .infob.*)

.infoc
 *(.infoc .infoc.*)

.infod
 *(.infod .infod.*)

.vectors        0x0000ffc0       0x40
                0x0000ffc0                PROVIDE (__vectors_start, .)
 *(.vectors*)
 .vectors       0x0000ffc0       0x40 c:/sysgcc/msp430/bin/../lib/gcc/msp430/4.6.3/mcpu-430x/mmpy-16/crt0ivtbl32.o
                0x0000ffc0                __ivtbl_32
                0x00010000                _vectors_end = .

.fartext        0x00010000        0x0
                0x00010000                . = ALIGN (0x2)
 *(.fartext)
                0x00010000                . = ALIGN (0x2)
 *(.fartext.*)
                0x00010000                _efartext = .

.profiler
 *(.profiler)

.stab           0x00000000    0x1afb8
 *(.stab)
 .stab          0x00000000     0x15e4 sensor.co
 .stab          0x000015e4     0x105c obj_z1/contiki-z1-main.o
                               0x1818 (size before relaxing)
 .stab          0x00002640      0x240 contiki-z1.a(contiki-z1-plat)
                                0x5a0 (size before relaxing)
 .stab          0x00002880      0x4a4 contiki-z1.a(msp430.o)
                                0x7f8 (size before relaxing)
 .stab          0x00002d24      0x5dc contiki-z1.a(leds.o)
                                0x828 (size before relaxing)
 .stab          0x00003300      0x3fc contiki-z1.a(watchdog.o)
                                0x750 (size before relaxing)
 .stab          0x000036fc      0x9fc contiki-z1.a(xmem.o)
                                0xf3c (size before relaxing)
 .stab          0x000040f8      0x288 contiki-z1.a(spi.o)
                                0x5dc (size before relaxing)
 .stab          0x00004380     0x26c4 contiki-z1.a(cc2420.o)
                               0x303c (size before relaxing)
 .stab          0x00006a44      0x954 contiki-z1.a(cc2420-arch.o)
                               0x1380 (size before relaxing)
 .stab          0x00007398      0x300 contiki-z1.a(node-id.o)
                                0x6d8 (size before relaxing)
 .stab          0x00007698      0x654 contiki-z1.a(sensors.o)
                                0xb70 (size before relaxing)
 .stab          0x00007cec      0x468 contiki-z1.a(button-sensor.o)
                                0x7d4 (size before relaxing)
 .stab          0x00008154      0x51c contiki-z1.a(uart0.o)
                                0xa2c (size before relaxing)
 .stab          0x00008670      0x264 contiki-z1.a(uart0-putchar.o)
                                0x78c (size before relaxing)
 .stab          0x000088d4      0xb10 contiki-z1.a(adxl345.o)
                               0x1128 (size before relaxing)
 .stab          0x000093e4      0x948 contiki-z1.a(clock.o)
                                0xc9c (size before relaxing)
 .stab          0x00009d2c      0x3a8 contiki-z1.a(leds-arch.o)
                                0x6fc (size before relaxing)
 .stab          0x0000a0d4      0x3cc contiki-z1.a(rtimer-arch.o)
                                0x720 (size before relaxing)
 .stab          0x0000a4a0      0x354 contiki-z1.a(timer.o)
                                0x594 (size before relaxing)
 .stab          0x0000a7f4      0x3d8 contiki-z1.a(rtimer.o)
                                0x6c0 (size before relaxing)
 .stab          0x0000abcc      0xb88 contiki-z1.a(process.o)
                               0x1014 (size before relaxing)
 .stab          0x0000b754      0xabc contiki-z1.a(etimer.o)
                                0xd8c (size before relaxing)
 .stab          0x0000c210      0x858 contiki-z1.a(ctimer.o)
                                0xbc4 (size before relaxing)
 .stab          0x0000ca68      0x474 contiki-z1.a(energest.o)
                                0x6fc (size before relaxing)
 .stab          0x0000cedc      0x288 contiki-z1.a(autostart.o)
                                0x534 (size before relaxing)
 .stab          0x0000d164      0x534 contiki-z1.a(serial-line.o)
                                0xa50 (size before relaxing)
 .stab          0x0000d698      0x3fc contiki-z1.a(ringbuf.o)
                                0x63c (size before relaxing)
 .stab          0x0000da94      0x228 contiki-z1.a(random.o)
                                0x624 (size before relaxing)
 .stab          0x0000dcbc      0x5c4 contiki-z1.a(memb.o)
                                0xaf8 (size before relaxing)
 .stab          0x0000e280      0x7f8 contiki-z1.a(list.o)
                                0x804 (size before relaxing)
 .stab          0x0000ea78      0x624 contiki-z1.a(unicast.o)
                               0x129c (size before relaxing)
 .stab          0x0000f09c      0x6d8 contiki-z1.a(broadcast.o)
                               0x150c (size before relaxing)
 .stab          0x0000f774      0x678 contiki-z1.a(channel.o)
                               0x129c (size before relaxing)
 .stab          0x0000fdec      0x66c contiki-z1.a(abc.o)
                               0x14a0 (size before relaxing)
 .stab          0x00010458      0xcd8 contiki-z1.a(rime.o)
                               0x141c (size before relaxing)
 .stab          0x00011130      0x2c4 contiki-z1.a(linkaddr.o)
                                0x6c0 (size before relaxing)
 .stab          0x000113f4      0xda4 contiki-z1.a(packetbuf.o)
                               0x1bf0 (size before relaxing)
 .stab          0x00012198      0xa5c contiki-z1.a(queuebuf.o)
                               0x1890 (size before relaxing)
 .stab          0x00012bf4      0xe04 contiki-z1.a(csma.o)
                               0x15b4 (size before relaxing)
 .stab          0x000139f8     0x174c contiki-z1.a(contikimac.o)
                               0x2358 (size before relaxing)
 .stab          0x00015144      0x4a4 contiki-z1.a(nullsec.o)
                                0xda4 (size before relaxing)
 .stab          0x000155e8      0x894 contiki-z1.a(i2cmaster.o)
                                0xbe8 (size before relaxing)
 .stab          0x00015e7c      0x51c contiki-z1.a(compower.o)
                                0xd20 (size before relaxing)
 .stab          0x00016398      0x6e4 contiki-z1.a(announcement.o)
                                0x984 (size before relaxing)
 .stab          0x00016a7c      0x594 contiki-z1.a(chameleon.o)
                               0x123c (size before relaxing)
 .stab          0x00017010      0x948 contiki-z1.a(broadcast-annou)
                               0x15c0 (size before relaxing)
 .stab          0x00017958      0xd98 contiki-z1.a(chameleon-bitop)
                               0x1a10 (size before relaxing)
 .stab          0x000186f0      0x1f8 contiki-z1.a(mac.o)
                                0x4ec (size before relaxing)
 .stab          0x000188e8      0x618 contiki-z1.a(mac-sequence.o)
                               0x1464 (size before relaxing)
 .stab          0x00018f00      0x6e4 contiki-z1.a(contikimac-fram)
                                0xf24 (size before relaxing)
 .stab          0x000195e4      0x6f0 contiki-z1.a(framer-802154.o)
                                0xf30 (size before relaxing)
 .stab          0x00019cd4      0x318 contiki-z1.a(framer.o)
                                0xc54 (size before relaxing)
 .stab          0x00019fec      0xfcc contiki-z1.a(frame802154.o)
                               0x17a0 (size before relaxing)

.stabstr        0x00000000    0x13d9b
 *(.stabstr)
 .stabstr       0x00000000    0x13d9b sensor.co

.stab.excl
 *(.stab.excl)

.stab.exclstr
 *(.stab.exclstr)

.stab.index
 *(.stab.index)

.stab.indexstr
 *(.stab.indexstr)

.comment
 *(.comment)

.debug
 *(.debug)

.line
 *(.line)

.debug_srcinfo
 *(.debug_srcinfo)

.debug_sfnames
 *(.debug_sfnames)

.debug_aranges  0x00000000      0x17c
 *(.debug_aranges)
 .debug_aranges
                0x00000000       0x14 c:/sysgcc/msp430/bin/../lib/gcc/msp430/4.6.3/mcpu-430x/mmpy-16\libgcc.a(_mulsi3.o)
 .debug_aranges
                0x00000014       0x14 c:/sysgcc/msp430/bin/../lib/gcc/msp430/4.6.3/mcpu-430x/mmpy-16\libgcc.a(_udivmod32.o)
 .debug_aranges
                0x00000028       0x14 c:/sysgcc/msp430/bin/../lib/gcc/msp430/4.6.3/../../../../msp430/lib/mcpu-430x/mmpy-16\libc.a(strcmp.o)
 .debug_aranges
                0x0000003c       0x14 c:/sysgcc/msp430/bin/../lib/gcc/msp430/4.6.3/../../../../msp430/lib/mcpu-430x/mmpy-16\libc.a(strncmp.o)
 .debug_aranges
                0x00000050       0x14 c:/sysgcc/msp430/bin/../lib/gcc/msp430/4.6.3/../../../../msp430/lib/mcpu-430x/mmpy-16\libc.a(memcmp.o)
 .debug_aranges
                0x00000064       0x14 c:/sysgcc/msp430/bin/../lib/gcc/msp430/4.6.3/../../../../msp430/lib/mcpu-430x/mmpy-16\libc.a(memcpy.o)
 .debug_aranges
                0x00000078       0x14 c:/sysgcc/msp430/bin/../lib/gcc/msp430/4.6.3/../../../../msp430/lib/mcpu-430x/mmpy-16\libc.a(memset.o)
 .debug_aranges
                0x0000008c       0x14 c:/sysgcc/msp430/bin/../lib/gcc/msp430/4.6.3/../../../../msp430/lib/mcpu-430x/mmpy-16\libc.a(printf.o)
 .debug_aranges
                0x000000a0       0x14 c:/sysgcc/msp430/bin/../lib/gcc/msp430/4.6.3/../../../../msp430/lib/mcpu-430x/mmpy-16\libc.a(vuprintf.o)
 .debug_aranges
                0x000000b4       0x14 c:/sysgcc/msp430/bin/../lib/gcc/msp430/4.6.3/../../../../msp430/lib/mcpu-430x/mmpy-16\libc.a(puts.o)
 .debug_aranges
                0x000000c8       0x14 c:/sysgcc/msp430/bin/../lib/gcc/msp430/4.6.3/../../../../msp430/lib/mcpu-430x/mmpy-16\libc.a(rand.o)
 .debug_aranges
                0x000000dc       0x14 c:/sysgcc/msp430/bin/../lib/gcc/msp430/4.6.3/mcpu-430x/mmpy-16\libgcc.a(_udivmod16.o)
 .debug_aranges
                0x000000f0       0x14 c:/sysgcc/msp430/bin/../lib/gcc/msp430/4.6.3/mcpu-430x/mmpy-16\libgcc.a(_udivmod64.o)
 .debug_aranges
                0x00000104       0x14 c:/sysgcc/msp430/bin/../lib/gcc/msp430/4.6.3/mcpu-430x/mmpy-16\libcrt0.a(__watchdog_support.o)
 .debug_aranges
                0x00000118       0x14 c:/sysgcc/msp430/bin/../lib/gcc/msp430/4.6.3/mcpu-430x/mmpy-16\libcrt0.a(__init_stack.o)
 .debug_aranges
                0x0000012c       0x14 c:/sysgcc/msp430/bin/../lib/gcc/msp430/4.6.3/mcpu-430x/mmpy-16\libcrt0.a(_copy_data.o)
 .debug_aranges
                0x00000140       0x14 c:/sysgcc/msp430/bin/../lib/gcc/msp430/4.6.3/mcpu-430x/mmpy-16\libcrt0.a(_clear_bss.o)
 .debug_aranges
                0x00000154       0x14 c:/sysgcc/msp430/bin/../lib/gcc/msp430/4.6.3/mcpu-430x/mmpy-16\libcrt0.a(_endless_loop__.o)
 .debug_aranges
                0x00000168       0x14 c:/sysgcc/msp430/bin/../lib/gcc/msp430/4.6.3/mcpu-430x/mmpy-16\libcrt0.a(_unexpected_.o)

.debug_pubnames
 *(.debug_pubnames)

.debug_info     0x00000000     0x116b
 *(.debug_info)
 .debug_info    0x00000000       0x99 c:/sysgcc/msp430/bin/../lib/gcc/msp430/4.6.3/mcpu-430x/mmpy-16\libgcc.a(_mulsi3.o)
 .debug_info    0x00000099       0x99 c:/sysgcc/msp430/bin/../lib/gcc/msp430/4.6.3/mcpu-430x/mmpy-16\libgcc.a(_udivmod32.o)
 .debug_info    0x00000132       0xa4 c:/sysgcc/msp430/bin/../lib/gcc/msp430/4.6.3/../../../../msp430/lib/mcpu-430x/mmpy-16\libc.a(strcmp.o)
 .debug_info    0x000001d6       0xbb c:/sysgcc/msp430/bin/../lib/gcc/msp430/4.6.3/../../../../msp430/lib/mcpu-430x/mmpy-16\libc.a(strncmp.o)
 .debug_info    0x00000291       0xe8 c:/sysgcc/msp430/bin/../lib/gcc/msp430/4.6.3/../../../../msp430/lib/mcpu-430x/mmpy-16\libc.a(memcmp.o)
 .debug_info    0x00000379      0x113 c:/sysgcc/msp430/bin/../lib/gcc/msp430/4.6.3/../../../../msp430/lib/mcpu-430x/mmpy-16\libc.a(memcpy.o)
 .debug_info    0x0000048c       0xfe c:/sysgcc/msp430/bin/../lib/gcc/msp430/4.6.3/../../../../msp430/lib/mcpu-430x/mmpy-16\libc.a(memset.o)
 .debug_info    0x0000058a      0x105 c:/sysgcc/msp430/bin/../lib/gcc/msp430/4.6.3/../../../../msp430/lib/mcpu-430x/mmpy-16\libc.a(printf.o)
 .debug_info    0x0000068f      0x565 c:/sysgcc/msp430/bin/../lib/gcc/msp430/4.6.3/../../../../msp430/lib/mcpu-430x/mmpy-16\libc.a(vuprintf.o)
 .debug_info    0x00000bf4       0x96 c:/sysgcc/msp430/bin/../lib/gcc/msp430/4.6.3/../../../../msp430/lib/mcpu-430x/mmpy-16\libc.a(puts.o)
 .debug_info    0x00000c8a      0x13f c:/sysgcc/msp430/bin/../lib/gcc/msp430/4.6.3/../../../../msp430/lib/mcpu-430x/mmpy-16\libc.a(rand.o)
 .debug_info    0x00000dc9       0x99 c:/sysgcc/msp430/bin/../lib/gcc/msp430/4.6.3/mcpu-430x/mmpy-16\libgcc.a(_udivmod16.o)
 .debug_info    0x00000e62       0x99 c:/sysgcc/msp430/bin/../lib/gcc/msp430/4.6.3/mcpu-430x/mmpy-16\libgcc.a(_udivmod64.o)
 .debug_info    0x00000efb       0x68 c:/sysgcc/msp430/bin/../lib/gcc/msp430/4.6.3/mcpu-430x/mmpy-16\libcrt0.a(__watchdog_support.o)
 .debug_info    0x00000f63       0x68 c:/sysgcc/msp430/bin/../lib/gcc/msp430/4.6.3/mcpu-430x/mmpy-16\libcrt0.a(__init_stack.o)
 .debug_info    0x00000fcb       0x68 c:/sysgcc/msp430/bin/../lib/gcc/msp430/4.6.3/mcpu-430x/mmpy-16\libcrt0.a(_copy_data.o)
 .debug_info    0x00001033       0x68 c:/sysgcc/msp430/bin/../lib/gcc/msp430/4.6.3/mcpu-430x/mmpy-16\libcrt0.a(_clear_bss.o)
 .debug_info    0x0000109b       0x68 c:/sysgcc/msp430/bin/../lib/gcc/msp430/4.6.3/mcpu-430x/mmpy-16\libcrt0.a(_endless_loop__.o)
 .debug_info    0x00001103       0x68 c:/sysgcc/msp430/bin/../lib/gcc/msp430/4.6.3/mcpu-430x/mmpy-16\libcrt0.a(_unexpected_.o)
 *(.gnu.linkonce.wi.*)

.debug_abbrev   0x00000000      0x781
 *(.debug_abbrev)
 .debug_abbrev  0x00000000       0x14 c:/sysgcc/msp430/bin/../lib/gcc/msp430/4.6.3/mcpu-430x/mmpy-16\libgcc.a(_mulsi3.o)
 .debug_abbrev  0x00000014       0x14 c:/sysgcc/msp430/bin/../lib/gcc/msp430/4.6.3/mcpu-430x/mmpy-16\libgcc.a(_udivmod32.o)
 .debug_abbrev  0x00000028       0x60 c:/sysgcc/msp430/bin/../lib/gcc/msp430/4.6.3/../../../../msp430/lib/mcpu-430x/mmpy-16\libc.a(strcmp.o)
 .debug_abbrev  0x00000088       0x7c c:/sysgcc/msp430/bin/../lib/gcc/msp430/4.6.3/../../../../msp430/lib/mcpu-430x/mmpy-16\libc.a(strncmp.o)
 .debug_abbrev  0x00000104       0x9b c:/sysgcc/msp430/bin/../lib/gcc/msp430/4.6.3/../../../../msp430/lib/mcpu-430x/mmpy-16\libc.a(memcmp.o)
 .debug_abbrev  0x0000019f       0x97 c:/sysgcc/msp430/bin/../lib/gcc/msp430/4.6.3/../../../../msp430/lib/mcpu-430x/mmpy-16\libc.a(memcpy.o)
 .debug_abbrev  0x00000236       0x9c c:/sysgcc/msp430/bin/../lib/gcc/msp430/4.6.3/../../../../msp430/lib/mcpu-430x/mmpy-16\libc.a(memset.o)
 .debug_abbrev  0x000002d2       0xd0 c:/sysgcc/msp430/bin/../lib/gcc/msp430/4.6.3/../../../../msp430/lib/mcpu-430x/mmpy-16\libc.a(printf.o)
 .debug_abbrev  0x000003a2      0x1ef c:/sysgcc/msp430/bin/../lib/gcc/msp430/4.6.3/../../../../msp430/lib/mcpu-430x/mmpy-16\libc.a(vuprintf.o)
 .debug_abbrev  0x00000591       0x60 c:/sysgcc/msp430/bin/../lib/gcc/msp430/4.6.3/../../../../msp430/lib/mcpu-430x/mmpy-16\libc.a(puts.o)
 .debug_abbrev  0x000005f1       0xf0 c:/sysgcc/msp430/bin/../lib/gcc/msp430/4.6.3/../../../../msp430/lib/mcpu-430x/mmpy-16\libc.a(rand.o)
 .debug_abbrev  0x000006e1       0x14 c:/sysgcc/msp430/bin/../lib/gcc/msp430/4.6.3/mcpu-430x/mmpy-16\libgcc.a(_udivmod16.o)
 .debug_abbrev  0x000006f5       0x14 c:/sysgcc/msp430/bin/../lib/gcc/msp430/4.6.3/mcpu-430x/mmpy-16\libgcc.a(_udivmod64.o)
 .debug_abbrev  0x00000709       0x14 c:/sysgcc/msp430/bin/../lib/gcc/msp430/4.6.3/mcpu-430x/mmpy-16\libcrt0.a(__watchdog_support.o)
 .debug_abbrev  0x0000071d       0x14 c:/sysgcc/msp430/bin/../lib/gcc/msp430/4.6.3/mcpu-430x/mmpy-16\libcrt0.a(__init_stack.o)
 .debug_abbrev  0x00000731       0x14 c:/sysgcc/msp430/bin/../lib/gcc/msp430/4.6.3/mcpu-430x/mmpy-16\libcrt0.a(_copy_data.o)
 .debug_abbrev  0x00000745       0x14 c:/sysgcc/msp430/bin/../lib/gcc/msp430/4.6.3/mcpu-430x/mmpy-16\libcrt0.a(_clear_bss.o)
 .debug_abbrev  0x00000759       0x14 c:/sysgcc/msp430/bin/../lib/gcc/msp430/4.6.3/mcpu-430x/mmpy-16\libcrt0.a(_endless_loop__.o)
 .debug_abbrev  0x0000076d       0x14 c:/sysgcc/msp430/bin/../lib/gcc/msp430/4.6.3/mcpu-430x/mmpy-16\libcrt0.a(_unexpected_.o)

.debug_line     0x00000000      0xb99
 *(.debug_line)
 .debug_line    0x00000000       0x80 c:/sysgcc/msp430/bin/../lib/gcc/msp430/4.6.3/mcpu-430x/mmpy-16\libgcc.a(_mulsi3.o)
 .debug_line    0x00000080       0x85 c:/sysgcc/msp430/bin/../lib/gcc/msp430/4.6.3/mcpu-430x/mmpy-16\libgcc.a(_udivmod32.o)
 .debug_line    0x00000105       0x49 c:/sysgcc/msp430/bin/../lib/gcc/msp430/4.6.3/../../../../msp430/lib/mcpu-430x/mmpy-16\libc.a(strcmp.o)
 .debug_line    0x0000014e       0x8d c:/sysgcc/msp430/bin/../lib/gcc/msp430/4.6.3/../../../../msp430/lib/mcpu-430x/mmpy-16\libc.a(strncmp.o)
 .debug_line    0x000001db       0x8b c:/sysgcc/msp430/bin/../lib/gcc/msp430/4.6.3/../../../../msp430/lib/mcpu-430x/mmpy-16\libc.a(memcmp.o)
 .debug_line    0x00000266      0x101 c:/sysgcc/msp430/bin/../lib/gcc/msp430/4.6.3/../../../../msp430/lib/mcpu-430x/mmpy-16\libc.a(memcpy.o)
 .debug_line    0x00000367       0xe0 c:/sysgcc/msp430/bin/../lib/gcc/msp430/4.6.3/../../../../msp430/lib/mcpu-430x/mmpy-16\libc.a(memset.o)
 .debug_line    0x00000447       0x8a c:/sysgcc/msp430/bin/../lib/gcc/msp430/4.6.3/../../../../msp430/lib/mcpu-430x/mmpy-16\libc.a(printf.o)
 .debug_line    0x000004d1      0x2e6 c:/sysgcc/msp430/bin/../lib/gcc/msp430/4.6.3/../../../../msp430/lib/mcpu-430x/mmpy-16\libc.a(vuprintf.o)
 .debug_line    0x000007b7       0x4d c:/sysgcc/msp430/bin/../lib/gcc/msp430/4.6.3/../../../../msp430/lib/mcpu-430x/mmpy-16\libc.a(puts.o)
 .debug_line    0x00000804       0x4f c:/sysgcc/msp430/bin/../lib/gcc/msp430/4.6.3/../../../../msp430/lib/mcpu-430x/mmpy-16\libc.a(rand.o)
 .debug_line    0x00000853       0x7a c:/sysgcc/msp430/bin/../lib/gcc/msp430/4.6.3/mcpu-430x/mmpy-16\libgcc.a(_udivmod16.o)
 .debug_line    0x000008cd       0xb3 c:/sysgcc/msp430/bin/../lib/gcc/msp430/4.6.3/mcpu-430x/mmpy-16\libgcc.a(_udivmod64.o)
 .debug_line    0x00000980       0x59 c:/sysgcc/msp430/bin/../lib/gcc/msp430/4.6.3/mcpu-430x/mmpy-16\libcrt0.a(__watchdog_support.o)
 .debug_line    0x000009d9       0x57 c:/sysgcc/msp430/bin/../lib/gcc/msp430/4.6.3/mcpu-430x/mmpy-16\libcrt0.a(__init_stack.o)
 .debug_line    0x00000a30       0x5d c:/sysgcc/msp430/bin/../lib/gcc/msp430/4.6.3/mcpu-430x/mmpy-16\libcrt0.a(_copy_data.o)
 .debug_line    0x00000a8d       0x5d c:/sysgcc/msp430/bin/../lib/gcc/msp430/4.6.3/mcpu-430x/mmpy-16\libcrt0.a(_clear_bss.o)
 .debug_line    0x00000aea       0x58 c:/sysgcc/msp430/bin/../lib/gcc/msp430/4.6.3/mcpu-430x/mmpy-16\libcrt0.a(_endless_loop__.o)
 .debug_line    0x00000b42       0x57 c:/sysgcc/msp430/bin/../lib/gcc/msp430/4.6.3/mcpu-430x/mmpy-16\libcrt0.a(_unexpected_.o)

.debug_frame    0x00000000      0x1ca
 *(.debug_frame)
 .debug_frame   0x00000000       0x1e c:/sysgcc/msp430/bin/../lib/gcc/msp430/4.6.3/../../../../msp430/lib/mcpu-430x/mmpy-16\libc.a(strcmp.o)
 .debug_frame   0x0000001e       0x24 c:/sysgcc/msp430/bin/../lib/gcc/msp430/4.6.3/../../../../msp430/lib/mcpu-430x/mmpy-16\libc.a(strncmp.o)
 .debug_frame   0x00000042       0x24 c:/sysgcc/msp430/bin/../lib/gcc/msp430/4.6.3/../../../../msp430/lib/mcpu-430x/mmpy-16\libc.a(memcmp.o)
 .debug_frame   0x00000066       0x2c c:/sysgcc/msp430/bin/../lib/gcc/msp430/4.6.3/../../../../msp430/lib/mcpu-430x/mmpy-16\libc.a(memcpy.o)
 .debug_frame   0x00000092       0x2a c:/sysgcc/msp430/bin/../lib/gcc/msp430/4.6.3/../../../../msp430/lib/mcpu-430x/mmpy-16\libc.a(memset.o)
 .debug_frame   0x000000bc       0x2a c:/sysgcc/msp430/bin/../lib/gcc/msp430/4.6.3/../../../../msp430/lib/mcpu-430x/mmpy-16\libc.a(printf.o)
 .debug_frame   0x000000e6       0x84 c:/sysgcc/msp430/bin/../lib/gcc/msp430/4.6.3/../../../../msp430/lib/mcpu-430x/mmpy-16\libc.a(vuprintf.o)
 .debug_frame   0x0000016a       0x24 c:/sysgcc/msp430/bin/../lib/gcc/msp430/4.6.3/../../../../msp430/lib/mcpu-430x/mmpy-16\libc.a(puts.o)
 .debug_frame   0x0000018e       0x3c c:/sysgcc/msp430/bin/../lib/gcc/msp430/4.6.3/../../../../msp430/lib/mcpu-430x/mmpy-16\libc.a(rand.o)

.debug_str      0x00000000      0x3eb
 *(.debug_str)
 .debug_str     0x00000000       0xb1 c:/sysgcc/msp430/bin/../lib/gcc/msp430/4.6.3/../../../../msp430/lib/mcpu-430x/mmpy-16\libc.a(strcmp.o)
                                 0xea (size before relaxing)
 .debug_str     0x000000b1       0x22 c:/sysgcc/msp430/bin/../lib/gcc/msp430/4.6.3/../../../../msp430/lib/mcpu-430x/mmpy-16\libc.a(strncmp.o)
                                 0xf3 (size before relaxing)
 .debug_str     0x000000d3       0x19 c:/sysgcc/msp430/bin/../lib/gcc/msp430/4.6.3/../../../../msp430/lib/mcpu-430x/mmpy-16\libc.a(memcmp.o)
                                 0xf1 (size before relaxing)
 .debug_str     0x000000ec       0x34 c:/sysgcc/msp430/bin/../lib/gcc/msp430/4.6.3/../../../../msp430/lib/mcpu-430x/mmpy-16\libc.a(memcpy.o)
                                0x10c (size before relaxing)
 .debug_str     0x00000120       0x26 c:/sysgcc/msp430/bin/../lib/gcc/msp430/4.6.3/../../../../msp430/lib/mcpu-430x/mmpy-16\libc.a(memset.o)
                                0x10a (size before relaxing)
 .debug_str     0x00000146       0x40 c:/sysgcc/msp430/bin/../lib/gcc/msp430/4.6.3/../../../../msp430/lib/mcpu-430x/mmpy-16\libc.a(printf.o)
                                0x120 (size before relaxing)
 .debug_str     0x00000186      0x221 c:/sysgcc/msp430/bin/../lib/gcc/msp430/4.6.3/../../../../msp430/lib/mcpu-430x/mmpy-16\libc.a(vuprintf.o)
                                0x36b (size before relaxing)
 .debug_str     0x000003a7       0x15 c:/sysgcc/msp430/bin/../lib/gcc/msp430/4.6.3/../../../../msp430/lib/mcpu-430x/mmpy-16\libc.a(puts.o)
                                 0xe6 (size before relaxing)
 .debug_str     0x000003bc       0x2f c:/sysgcc/msp430/bin/../lib/gcc/msp430/4.6.3/../../../../msp430/lib/mcpu-430x/mmpy-16\libc.a(rand.o)
                                0x105 (size before relaxing)

.debug_loc      0x00000000      0xa71
 *(.debug_loc)
 .debug_loc     0x00000000       0x24 c:/sysgcc/msp430/bin/../lib/gcc/msp430/4.6.3/../../../../msp430/lib/mcpu-430x/mmpy-16\libc.a(strcmp.o)
 .debug_loc     0x00000024       0x38 c:/sysgcc/msp430/bin/../lib/gcc/msp430/4.6.3/../../../../msp430/lib/mcpu-430x/mmpy-16\libc.a(strncmp.o)
 .debug_loc     0x0000005c       0x5e c:/sysgcc/msp430/bin/../lib/gcc/msp430/4.6.3/../../../../msp430/lib/mcpu-430x/mmpy-16\libc.a(memcmp.o)
 .debug_loc     0x000000ba      0x1d0 c:/sysgcc/msp430/bin/../lib/gcc/msp430/4.6.3/../../../../msp430/lib/mcpu-430x/mmpy-16\libc.a(memcpy.o)
 .debug_loc     0x0000028a       0xc3 c:/sysgcc/msp430/bin/../lib/gcc/msp430/4.6.3/../../../../msp430/lib/mcpu-430x/mmpy-16\libc.a(memset.o)
 .debug_loc     0x0000034d       0x38 c:/sysgcc/msp430/bin/../lib/gcc/msp430/4.6.3/../../../../msp430/lib/mcpu-430x/mmpy-16\libc.a(printf.o)
 .debug_loc     0x00000385      0x697 c:/sysgcc/msp430/bin/../lib/gcc/msp430/4.6.3/../../../../msp430/lib/mcpu-430x/mmpy-16\libc.a(vuprintf.o)
 .debug_loc     0x00000a1c       0x26 c:/sysgcc/msp430/bin/../lib/gcc/msp430/4.6.3/../../../../msp430/lib/mcpu-430x/mmpy-16\libc.a(puts.o)
 .debug_loc     0x00000a42       0x2f c:/sysgcc/msp430/bin/../lib/gcc/msp430/4.6.3/../../../../msp430/lib/mcpu-430x/mmpy-16\libc.a(rand.o)

.debug_macinfo
 *(.debug_macinfo)

.debug_pubtypes
 *(.debug_pubtypes)

.debug_ranges   0x00000000       0x18
 *(.debug_ranges)
 .debug_ranges  0x00000000       0x18 c:/sysgcc/msp430/bin/../lib/gcc/msp430/4.6.3/../../../../msp430/lib/mcpu-430x/mmpy-16\libc.a(vuprintf.o)
                0x00003100                PROVIDE (__stack, (ORIGIN (ram) + 0x2000))
                0x00008e74                PROVIDE (__data_start_rom, _etext)
                0x00008f12                PROVIDE (__data_end_rom, (_etext + SIZEOF (.data)))
OUTPUT(sensor.z1 elf32-msp430)
