Archive member included because of file (symbol)

contiki-z1.a(contiki-z1-plat)
                              obj_z1/contiki-z1-main.o (init_platform)
contiki-z1.a(msp430.o)        obj_z1/contiki-z1-main.o (splhigh_)
contiki-z1.a(leds.o)          obj_z1/contiki-z1-main.o (leds_init)
contiki-z1.a(watchdog.o)      obj_z1/contiki-z1-main.o (watchdog_start)
contiki-z1.a(xmem.o)          obj_z1/contiki-z1-main.o (xmem_init)
contiki-z1.a(spi.o)           contiki-z1.a(xmem.o) (spi_init)
contiki-z1.a(cc2420.o)        obj_z1/contiki-z1-main.o (cc2420_set_pan_addr)
contiki-z1.a(cc2420-arch.o)   contiki-z1.a(cc2420.o) (cc2420_arch_init)
contiki-z1.a(node-id.o)       obj_z1/contiki-z1-main.o (node_id_restore)
contiki-z1.a(sensors.o)       test.co (sensors_event)
contiki-z1.a(button-sensor.o)
                              test.co (button_sensor)
contiki-z1.a(uart0.o)         obj_z1/contiki-z1-main.o (uart0_active)
contiki-z1.a(uart0-putchar.o)
                              obj_z1/contiki-z1-main.o (putchar)
contiki-z1.a(light-sensor.o)  test.co (light_sensor)
contiki-z1.a(sky-sensors.o)   contiki-z1.a(light-sensor.o) (sky_sensors_status)
contiki-z1.a(adxl345.o)       obj_z1/contiki-z1-main.o (accm_init)
contiki-z1.a(clock.o)         test.co (clock_time)
contiki-z1.a(leds-arch.o)     contiki-z1.a(leds.o) (leds_arch_init)
contiki-z1.a(rtimer-arch.o)   obj_z1/contiki-z1-main.o (rtimer_arch_now)
contiki-z1.a(timer.o)         contiki-z1.a(button-sensor.o) (timer_set)
contiki-z1.a(rtimer.o)        obj_z1/contiki-z1-main.o (rtimer_init)
contiki-z1.a(process.o)       contiki-z1.a(sensors.o) (process_alloc_event)
contiki-z1.a(etimer.o)        contiki-z1.a(clock.o) (etimer_request_poll)
contiki-z1.a(ctimer.o)        obj_z1/contiki-z1-main.o (ctimer_init)
contiki-z1.a(energest.o)      obj_z1/contiki-z1-main.o (energest_init)
contiki-z1.a(autostart.o)     obj_z1/contiki-z1-main.o (autostart_start)
contiki-z1.a(serial-line.o)   obj_z1/contiki-z1-main.o (serial_line_input_byte)
contiki-z1.a(ringbuf.o)       contiki-z1.a(serial-line.o) (ringbuf_init)
contiki-z1.a(random.o)        obj_z1/contiki-z1-main.o (random_init)
contiki-z1.a(list.o)          contiki-z1.a(ctimer.o) (list_init)
contiki-z1.a(rime.o)          obj_z1/contiki-z1-main.o (rime_driver)
contiki-z1.a(linkaddr.o)      obj_z1/contiki-z1-main.o (linkaddr_copy)
contiki-z1.a(packetbuf.o)     contiki-z1.a(rime.o) (packetbuf_compact)
contiki-z1.a(queuebuf.o)      contiki-z1.a(rime.o) (queuebuf_init)
contiki-z1.a(csma.o)          obj_z1/contiki-z1-main.o (csma_driver)
contiki-z1.a(contikimac.o)    obj_z1/contiki-z1-main.o (contikimac_driver)
contiki-z1.a(nullsec.o)       contiki-z1.a(rime.o) (nullsec_driver)
contiki-z1.a(i2cmaster.o)     contiki-z1.a(adxl345.o) (i2c_receiveinit)
contiki-z1.a(compower.o)      contiki-z1.a(contikimac.o) (compower_accumulate)
contiki-z1.a(memb.o)          contiki-z1.a(queuebuf.o) (memb_init)
contiki-z1.a(announcement.o)  contiki-z1.a(rime.o) (announcement_init)
contiki-z1.a(chameleon.o)     contiki-z1.a(rime.o) (chameleon_init)
contiki-z1.a(channel.o)       contiki-z1.a(chameleon.o) (channel_init)
contiki-z1.a(abc.o)           contiki-z1.a(rime.o) (abc_input)
contiki-z1.a(broadcast-annou)
                              contiki-z1.a(rime.o) (broadcast_announcement_init)
contiki-z1.a(chameleon-bitop)
                              contiki-z1.a(chameleon.o) (chameleon_bitopt)
contiki-z1.a(mac.o)           contiki-z1.a(csma.o) (mac_call_sent_callback)
contiki-z1.a(mac-sequence.o)  contiki-z1.a(contikimac.o) (mac_sequence_is_duplicate)
contiki-z1.a(contikimac-fram)
                              contiki-z1.a(contikimac.o) (contikimac_framer)
contiki-z1.a(broadcast.o)     contiki-z1.a(broadcast-annou) (broadcast_open)
contiki-z1.a(framer-802154.o)
                              contiki-z1.a(contikimac-fram) (framer_802154)
contiki-z1.a(framer.o)        contiki-z1.a(framer-802154.o) (framer_canonical_create_and_secure)
contiki-z1.a(frame802154.o)   contiki-z1.a(framer-802154.o) (frame802154_get_pan_id)
c:/sysgcc/msp430/bin/../lib/gcc/msp430/4.6.3/mcpu-430x/mmpy-16\libgcc.a(_mulsi3.o)
                              contiki-z1.a(csma.o) (__mulsi3)
c:/sysgcc/msp430/bin/../lib/gcc/msp430/4.6.3/mcpu-430x/mmpy-16\libgcc.a(_muldi3.o)
                              test.co (__muldi3)
c:/sysgcc/msp430/bin/../lib/gcc/msp430/4.6.3/mcpu-430x/mmpy-16\libgcc.a(_udivmod32.o)
                              obj_z1/contiki-z1-main.o (__udivsi3)
c:/sysgcc/msp430/bin/../lib/gcc/msp430/4.6.3/../../../../msp430/lib/mcpu-430x/mmpy-16\libc.a(strncmp.o)
                              contiki-z1.a(sensors.o) (strncmp)
c:/sysgcc/msp430/bin/../lib/gcc/msp430/4.6.3/../../../../msp430/lib/mcpu-430x/mmpy-16\libc.a(memcmp.o)
                              contiki-z1.a(linkaddr.o) (memcmp)
c:/sysgcc/msp430/bin/../lib/gcc/msp430/4.6.3/../../../../msp430/lib/mcpu-430x/mmpy-16\libc.a(memcpy.o)
                              contiki-z1.a(node-id.o) (memcpy)
c:/sysgcc/msp430/bin/../lib/gcc/msp430/4.6.3/../../../../msp430/lib/mcpu-430x/mmpy-16\libc.a(memset.o)
                              obj_z1/contiki-z1-main.o (memset)
c:/sysgcc/msp430/bin/../lib/gcc/msp430/4.6.3/../../../../msp430/lib/mcpu-430x/mmpy-16\libc.a(printf.o)
                              test.co (printf)
c:/sysgcc/msp430/bin/../lib/gcc/msp430/4.6.3/../../../../msp430/lib/mcpu-430x/mmpy-16\libc.a(vuprintf.o)
                              c:/sysgcc/msp430/bin/../lib/gcc/msp430/4.6.3/../../../../msp430/lib/mcpu-430x/mmpy-16\libc.a(printf.o) (vuprintf)
c:/sysgcc/msp430/bin/../lib/gcc/msp430/4.6.3/../../../../msp430/lib/mcpu-430x/mmpy-16\libc.a(puts.o)
                              test.co (puts)
c:/sysgcc/msp430/bin/../lib/gcc/msp430/4.6.3/../../../../msp430/lib/mcpu-430x/mmpy-16\libc.a(rand.o)
                              contiki-z1.a(random.o) (rand)
c:/sysgcc/msp430/bin/../lib/gcc/msp430/4.6.3/mcpu-430x/mmpy-16\libgcc.a(_udivmod16.o)
                              c:/sysgcc/msp430/bin/../lib/gcc/msp430/4.6.3/../../../../msp430/lib/mcpu-430x/mmpy-16\libc.a(vuprintf.o) (__udivhi3)
c:/sysgcc/msp430/bin/../lib/gcc/msp430/4.6.3/mcpu-430x/mmpy-16\libgcc.a(_udivmod64.o)
                              c:/sysgcc/msp430/bin/../lib/gcc/msp430/4.6.3/../../../../msp430/lib/mcpu-430x/mmpy-16\libc.a(vuprintf.o) (__udivdi3)
c:/sysgcc/msp430/bin/../lib/gcc/msp430/4.6.3/mcpu-430x/mmpy-16\libcrt0.a(_reset_vector__.o)
                              c:/sysgcc/msp430/bin/../lib/gcc/msp430/4.6.3/mcpu-430x/mmpy-16/crt0ivtbl32.o (_reset_vector__)
c:/sysgcc/msp430/bin/../lib/gcc/msp430/4.6.3/mcpu-430x/mmpy-16\libcrt0.a(__watchdog_support.o)
                              c:/sysgcc/msp430/bin/../lib/gcc/msp430/4.6.3/mcpu-430x/mmpy-16\libcrt0.a(_reset_vector__.o) (__watchdog_support)
c:/sysgcc/msp430/bin/../lib/gcc/msp430/4.6.3/mcpu-430x/mmpy-16\libcrt0.a(__init_stack.o)
                              c:/sysgcc/msp430/bin/../lib/gcc/msp430/4.6.3/mcpu-430x/mmpy-16\libcrt0.a(_reset_vector__.o) (__init_stack)
c:/sysgcc/msp430/bin/../lib/gcc/msp430/4.6.3/mcpu-430x/mmpy-16\libcrt0.a(__low_level_init.o)
                              c:/sysgcc/msp430/bin/../lib/gcc/msp430/4.6.3/mcpu-430x/mmpy-16\libcrt0.a(_reset_vector__.o) (__low_level_init)
c:/sysgcc/msp430/bin/../lib/gcc/msp430/4.6.3/mcpu-430x/mmpy-16\libcrt0.a(_copy_data.o)
                              c:/sysgcc/msp430/bin/../lib/gcc/msp430/4.6.3/mcpu-430x/mmpy-16\libcrt0.a(_reset_vector__.o) (__do_copy_data)
c:/sysgcc/msp430/bin/../lib/gcc/msp430/4.6.3/mcpu-430x/mmpy-16\libcrt0.a(_clear_bss.o)
                              c:/sysgcc/msp430/bin/../lib/gcc/msp430/4.6.3/mcpu-430x/mmpy-16\libcrt0.a(_reset_vector__.o) (__do_clear_bss)
c:/sysgcc/msp430/bin/../lib/gcc/msp430/4.6.3/mcpu-430x/mmpy-16\libcrt0.a(__stop_progExec__.o)
                              c:/sysgcc/msp430/bin/../lib/gcc/msp430/4.6.3/mcpu-430x/mmpy-16\libcrt0.a(_reset_vector__.o) (__stop_progExec__)
c:/sysgcc/msp430/bin/../lib/gcc/msp430/4.6.3/mcpu-430x/mmpy-16\libcrt0.a(_endless_loop__.o)
                              c:/sysgcc/msp430/bin/../lib/gcc/msp430/4.6.3/mcpu-430x/mmpy-16\libcrt0.a(_reset_vector__.o) (_endless_loop__)
c:/sysgcc/msp430/bin/../lib/gcc/msp430/4.6.3/mcpu-430x/mmpy-16\libcrt0.a(_unexpected_.o)
                              c:/sysgcc/msp430/bin/../lib/gcc/msp430/4.6.3/mcpu-430x/mmpy-16/crt0ivtbl32.o (_unexpected_)

Allocating common symbols
Common symbol       size              file

compower_idle_activity
                    0x8               contiki-z1.a(compower.o)
energest_total_time
                    0x30              contiki-z1.a(energest.o)
cc2420_last_rssi    0x1               contiki-z1.a(cc2420.o)
accm_int2_cb        0x2               contiki-z1.a(adxl345.o)
energest_total_count
                    0x2               contiki-z1.a(energest.o)
cc2420_sfd_start_time
                    0x2               contiki-z1.a(cc2420.o)
cc2420_time_of_departure
                    0x2               contiki-z1.a(cc2420.o)
cc2420_time_of_arrival
                    0x2               contiki-z1.a(cc2420.o)
energest_current_mode
                    0xc               contiki-z1.a(energest.o)
packetbuf_addrs     0x8               contiki-z1.a(packetbuf.o)
process_maxevents   0x1               contiki-z1.a(process.o)
transmit_data1      0x1               contiki-z1.a(i2cmaster.o)
rx_byte_ctr         0x1               contiki-z1.a(i2cmaster.o)
int2_event          0x1               contiki-z1.a(adxl345.o)
tx_buf_ptr          0x2               contiki-z1.a(i2cmaster.o)
tx_byte_ctr         0x1               contiki-z1.a(i2cmaster.o)
cc2420_last_correlation
                    0x1               contiki-z1.a(cc2420.o)
linkaddr_node_addr  0x2               contiki-z1.a(linkaddr.o)
accm_int1_cb        0x2               contiki-z1.a(adxl345.o)
cc2420_authority_level_of_sender
                    0x2               contiki-z1.a(cc2420.o)
i                   0x2               contiki-z1.a(i2cmaster.o)
packetbuf_attrs     0x38              contiki-z1.a(packetbuf.o)
receive_data        0x1               contiki-z1.a(i2cmaster.o)
cc2420_sfd_counter  0x1               contiki-z1.a(cc2420.o)
rx_buf              0x2               contiki-z1.a(i2cmaster.o)
node_mac            0x8               contiki-z1.a(node-id.o)
transmit_data2      0x1               contiki-z1.a(i2cmaster.o)
energest_current_time
                    0x18              contiki-z1.a(energest.o)
rx_buf_ptr          0x2               contiki-z1.a(i2cmaster.o)
sensors_flags       0x2               obj_z1/contiki-z1-main.o
serial_line_event_message
                    0x1               contiki-z1.a(serial-line.o)
int1_event          0x1               contiki-z1.a(adxl345.o)
cc2420_sfd_end_time
                    0x2               contiki-z1.a(cc2420.o)
sensors_event       0x1               contiki-z1.a(sensors.o)

Memory Configuration

Name             Origin             Length             Attributes
sfr              0x00000000         0x00000010
peripheral_8bit  0x00000010         0x000000f0
peripheral_16bit 0x00000100         0x00000100
ram_mirror       0x00000200         0x00000800         xw
infomem          0x00001000         0x00000100
infod            0x00001000         0x00000040
infoc            0x00001040         0x00000040
infob            0x00001080         0x00000040
infoa            0x000010c0         0x00000040
ram              0x00001100         0x00002000         xw
rom              0x00003100         0x0000cebe         xr
vectors          0x0000ffc0         0x00000040
far_rom          0x00010000         0x0000a000
bsl              0x00000000         0x00000000
ram2             0x00000000         0x00000000         xw
signature        0x00000000         0x00000000
usbram           0x00000000         0x00000000         xw
*default*        0x00000000         0xffffffff

Linker script and memory map

LOAD c:/sysgcc/msp430/bin/../lib/gcc/msp430/4.6.3/mcpu-430x/mmpy-16/crt0ivtbl32.o
                0x00000041                __P1SEL2 = 0x41
                0x00000045                __P5SEL2 = 0x45
LOAD test.co
LOAD obj_z1/contiki-z1-main.o
LOAD contiki-z1.a
LOAD c:/sysgcc/msp430/bin/../lib/gcc/msp430/4.6.3/mcpu-430x/mmpy-16\libgcc.a
LOAD c:/sysgcc/msp430/bin/../lib/gcc/msp430/4.6.3/../../../../msp430/lib/mcpu-430x/mmpy-16\libc.a
LOAD c:/sysgcc/msp430/bin/../lib/gcc/msp430/4.6.3/mcpu-430x/mmpy-16\libgcc.a
LOAD c:/sysgcc/msp430/bin/../lib/gcc/msp430/4.6.3/mcpu-430x/mmpy-16\libcrt0.a
                0x00000040                PROVIDE (__info_segment_size, 0x40)
                0x00001000                PROVIDE (__infod, 0x1000)
                0x00001040                PROVIDE (__infoc, 0x1040)
                0x00001080                PROVIDE (__infob, 0x1080)
                0x000010c0                PROVIDE (__infoa, 0x10c0)
                0x00000000                __IE1 = 0x0
                0x00000002                __IFG1 = 0x2
                0x00000001                __IE2 = 0x1
                0x00000003                __IFG2 = 0x3
                0x00000006                __UC1IE = 0x6
                0x00000007                __UC1IFG = 0x7
                0x000001a0                __ADC12CTL0 = 0x1a0
                0x000001a2                __ADC12CTL1 = 0x1a2
                0x000001a4                __ADC12IFG = 0x1a4
                0x000001a6                __ADC12IE = 0x1a6
                0x000001a8                __ADC12IV = 0x1a8
                0x00000140                __ADC12MEM0 = 0x140
                0x00000142                __ADC12MEM1 = 0x142
                0x00000144                __ADC12MEM2 = 0x144
                0x00000146                __ADC12MEM3 = 0x146
                0x00000148                __ADC12MEM4 = 0x148
                0x0000014a                __ADC12MEM5 = 0x14a
                0x0000014c                __ADC12MEM6 = 0x14c
                0x0000014e                __ADC12MEM7 = 0x14e
                0x00000150                __ADC12MEM8 = 0x150
                0x00000152                __ADC12MEM9 = 0x152
                0x00000154                __ADC12MEM10 = 0x154
                0x00000156                __ADC12MEM11 = 0x156
                0x00000158                __ADC12MEM12 = 0x158
                0x0000015a                __ADC12MEM13 = 0x15a
                0x0000015c                __ADC12MEM14 = 0x15c
                0x0000015e                __ADC12MEM15 = 0x15e
                0x00000080                __ADC12MCTL0 = 0x80
                0x00000081                __ADC12MCTL1 = 0x81
                0x00000082                __ADC12MCTL2 = 0x82
                0x00000083                __ADC12MCTL3 = 0x83
                0x00000084                __ADC12MCTL4 = 0x84
                0x00000085                __ADC12MCTL5 = 0x85
                0x00000086                __ADC12MCTL6 = 0x86
                0x00000087                __ADC12MCTL7 = 0x87
                0x00000088                __ADC12MCTL8 = 0x88
                0x00000089                __ADC12MCTL9 = 0x89
                0x0000008a                __ADC12MCTL10 = 0x8a
                0x0000008b                __ADC12MCTL11 = 0x8b
                0x0000008c                __ADC12MCTL12 = 0x8c
                0x0000008d                __ADC12MCTL13 = 0x8d
                0x0000008e                __ADC12MCTL14 = 0x8e
                0x0000008f                __ADC12MCTL15 = 0x8f
                0x00000056                __DCOCTL = 0x56
                0x00000057                __BCSCTL1 = 0x57
                0x00000058                __BCSCTL2 = 0x58
                0x00000053                __BCSCTL3 = 0x53
                0x00000059                __CACTL1 = 0x59
                0x0000005a                __CACTL2 = 0x5a
                0x0000005b                __CAPD = 0x5b
                0x000001c0                __DAC12_0CTL = 0x1c0
                0x000001c2                __DAC12_1CTL = 0x1c2
                0x000001c8                __DAC12_0DAT = 0x1c8
                0x000001ca                __DAC12_1DAT = 0x1ca
                0x00000122                __DMACTL0 = 0x122
                0x00000124                __DMACTL1 = 0x124
                0x00000126                __DMAIV = 0x126
                0x000001d0                __DMA0CTL = 0x1d0
                0x000001dc                __DMA1CTL = 0x1dc
                0x000001e8                __DMA2CTL = 0x1e8
                0x000001d2                __DMA0SA = 0x1d2
                0x000001d2                __DMA0SAL = 0x1d2
                0x000001d6                __DMA0DA = 0x1d6
                0x000001d6                __DMA0DAL = 0x1d6
                0x000001da                __DMA0SZ = 0x1da
                0x000001de                __DMA1SA = 0x1de
                0x000001de                __DMA1SAL = 0x1de
                0x000001e2                __DMA1DA = 0x1e2
                0x000001e2                __DMA1DAL = 0x1e2
                0x000001e6                __DMA1SZ = 0x1e6
                0x000001ea                __DMA2SA = 0x1ea
                0x000001ea                __DMA2SAL = 0x1ea
                0x000001ee                __DMA2DA = 0x1ee
                0x000001ee                __DMA2DAL = 0x1ee
                0x000001f2                __DMA2SZ = 0x1f2
                0x00000128                __FCTL1 = 0x128
                0x0000012a                __FCTL2 = 0x12a
                0x0000012c                __FCTL3 = 0x12c
                0x000001be                __FCTL4 = 0x1be
                0x00000130                __MPY = 0x130
                0x00000132                __MPYS = 0x132
                0x00000134                __MAC = 0x134
                0x00000136                __MACS = 0x136
                0x00000138                __OP2 = 0x138
                0x0000013a                __RESLO = 0x13a
                0x0000013c                __RESHI = 0x13c
                0x0000013e                __SUMEXT = 0x13e
                0x00000020                __P1IN = 0x20
                0x00000021                __P1OUT = 0x21
                0x00000022                __P1DIR = 0x22
                0x00000023                __P1IFG = 0x23
                0x00000024                __P1IES = 0x24
                0x00000025                __P1IE = 0x25
                0x00000026                __P1SEL = 0x26
                0x00000027                __P1REN = 0x27
                0x00000028                __P2IN = 0x28
                0x00000029                __P2OUT = 0x29
                0x0000002a                __P2DIR = 0x2a
                0x0000002b                __P2IFG = 0x2b
                0x0000002c                __P2IES = 0x2c
                0x0000002d                __P2IE = 0x2d
                0x0000002e                __P2SEL = 0x2e
                0x0000002f                __P2REN = 0x2f
                0x00000018                __P3IN = 0x18
                0x00000019                __P3OUT = 0x19
                0x0000001a                __P3DIR = 0x1a
                0x0000001b                __P3SEL = 0x1b
                0x00000010                __P3REN = 0x10
                0x0000001c                __P4IN = 0x1c
                0x0000001d                __P4OUT = 0x1d
                0x0000001e                __P4DIR = 0x1e
                0x0000001f                __P4SEL = 0x1f
                0x00000011                __P4REN = 0x11
                0x00000030                __P5IN = 0x30
                0x00000031                __P5OUT = 0x31
                0x00000032                __P5DIR = 0x32
                0x00000033                __P5SEL = 0x33
                0x00000012                __P5REN = 0x12
                0x00000034                __P6IN = 0x34
                0x00000035                __P6OUT = 0x35
                0x00000036                __P6DIR = 0x36
                0x00000037                __P6SEL = 0x37
                0x00000013                __P6REN = 0x13
                0x00000038                __P7IN = 0x38
                0x0000003a                __P7OUT = 0x3a
                0x0000003c                __P7DIR = 0x3c
                0x0000003e                __P7SEL = 0x3e
                0x00000014                __P7REN = 0x14
                0x00000039                __P8IN = 0x39
                0x0000003b                __P8OUT = 0x3b
                0x0000003d                __P8DIR = 0x3d
                0x0000003f                __P8SEL = 0x3f
                0x00000015                __P8REN = 0x15
                0x00000038                __PAIN = 0x38
                0x0000003a                __PAOUT = 0x3a
                0x0000003c                __PADIR = 0x3c
                0x0000003e                __PASEL = 0x3e
                0x00000014                __PAREN = 0x14
                0x00000055                __SVSCTL = 0x55
                0x0000012e                __TAIV = 0x12e
                0x00000160                __TACTL = 0x160
                0x00000162                __TACCTL0 = 0x162
                0x00000164                __TACCTL1 = 0x164
                0x00000166                __TACCTL2 = 0x166
                0x00000170                __TAR = 0x170
                0x00000172                __TACCR0 = 0x172
                0x00000174                __TACCR1 = 0x174
                0x00000176                __TACCR2 = 0x176
                0x0000011e                __TBIV = 0x11e
                0x00000180                __TBCTL = 0x180
                0x00000182                __TBCCTL0 = 0x182
                0x00000184                __TBCCTL1 = 0x184
                0x00000186                __TBCCTL2 = 0x186
                0x00000188                __TBCCTL3 = 0x188
                0x0000018a                __TBCCTL4 = 0x18a
                0x0000018c                __TBCCTL5 = 0x18c
                0x0000018e                __TBCCTL6 = 0x18e
                0x00000190                __TBR = 0x190
                0x00000192                __TBCCR0 = 0x192
                0x00000194                __TBCCR1 = 0x194
                0x00000196                __TBCCR2 = 0x196
                0x00000198                __TBCCR3 = 0x198
                0x0000019a                __TBCCR4 = 0x19a
                0x0000019c                __TBCCR5 = 0x19c
                0x0000019e                __TBCCR6 = 0x19e
                0x00000060                __UCA0CTL0 = 0x60
                0x00000061                __UCA0CTL1 = 0x61
                0x00000062                __UCA0BR0 = 0x62
                0x00000063                __UCA0BR1 = 0x63
                0x00000064                __UCA0MCTL = 0x64
                0x00000065                __UCA0STAT = 0x65
                0x00000066                __UCA0RXBUF = 0x66
                0x00000067                __UCA0TXBUF = 0x67
                0x0000005d                __UCA0ABCTL = 0x5d
                0x0000005e                __UCA0IRTCTL = 0x5e
                0x0000005f                __UCA0IRRCTL = 0x5f
                0x00000068                __UCB0CTL0 = 0x68
                0x00000069                __UCB0CTL1 = 0x69
                0x0000006a                __UCB0BR0 = 0x6a
                0x0000006b                __UCB0BR1 = 0x6b
                0x0000006c                __UCB0I2CIE = 0x6c
                0x0000006d                __UCB0STAT = 0x6d
                0x0000006e                __UCB0RXBUF = 0x6e
                0x0000006f                __UCB0TXBUF = 0x6f
                0x00000118                __UCB0I2COA = 0x118
                0x0000011a                __UCB0I2CSA = 0x11a
                0x000000d0                __UCA1CTL0 = 0xd0
                0x000000d1                __UCA1CTL1 = 0xd1
                0x000000d2                __UCA1BR0 = 0xd2
                0x000000d3                __UCA1BR1 = 0xd3
                0x000000d4                __UCA1MCTL = 0xd4
                0x000000d5                __UCA1STAT = 0xd5
                0x000000d6                __UCA1RXBUF = 0xd6
                0x000000d7                __UCA1TXBUF = 0xd7
                0x000000cd                __UCA1ABCTL = 0xcd
                0x000000ce                __UCA1IRTCTL = 0xce
                0x000000cf                __UCA1IRRCTL = 0xcf
                0x000000d8                __UCB1CTL0 = 0xd8
                0x000000d9                __UCB1CTL1 = 0xd9
                0x000000da                __UCB1BR0 = 0xda
                0x000000db                __UCB1BR1 = 0xdb
                0x000000dc                __UCB1I2CIE = 0xdc
                0x000000dd                __UCB1STAT = 0xdd
                0x000000de                __UCB1RXBUF = 0xde
                0x000000df                __UCB1TXBUF = 0xdf
                0x0000017c                __UCB1I2COA = 0x17c
                0x0000017e                __UCB1I2CSA = 0x17e
                0x00000120                __WDTCTL = 0x120
                0x000010c0                __TLV_CHECKSUM = 0x10c0
                0x000010f6                __TLV_DCO_30_TAG = 0x10f6
                0x000010f7                __TLV_DCO_30_LEN = 0x10f7
                0x000010da                __TLV_ADC12_1_TAG = 0x10da
                0x000010db                __TLV_ADC12_1_LEN = 0x10db
                0x000010f8                __CALDCO_16MHZ = 0x10f8
                0x000010f9                __CALBC1_16MHZ = 0x10f9
                0x000010fa                __CALDCO_12MHZ = 0x10fa
                0x000010fb                __CALBC1_12MHZ = 0x10fb
                0x000010fc                __CALDCO_8MHZ = 0x10fc
                0x000010fd                __CALBC1_8MHZ = 0x10fd
                0x000010fe                __CALDCO_1MHZ = 0x10fe
                0x000010ff                __CALBC1_1MHZ = 0x10ff

.hash
 *(.hash)

.dynsym
 *(.dynsym)

.dynstr
 *(.dynstr)

.gnu.version
 *(.gnu.version)

.gnu.version_d
 *(.gnu.version_d)

.gnu.version_r
 *(.gnu.version_r)

.rel.init
 *(.rel.init)

.rela.init
 *(.rela.init)

.rel.fini
 *(.rel.fini)

.rela.fini
 *(.rela.fini)

.rel.text
 *(.rel.text .rel.text.* .rel.gnu.linkonce.t.*)

.rela.text
 *(.rela.text .rela.text.* .rela.gnu.linkonce.t.*)

.rel.rodata
 *(.rel.rodata .rel.rodata.* .rel.gnu.linkonce.r.*)

.rela.rodata
 *(.rela.rodata .rela.rodata.* .rela.gnu.linkonce.r.*)

.rel.data
 *(.rel.data .rel.data.* .rel.gnu.linkonce.d.*)

.rela.data
 *(.rela.data .rela.data.* .rela.gnu.linkonce.d.*)

.rel.bss
 *(.rel.bss .rel.bss.* .rel.gnu.linkonce.b.*)

.rela.bss
 *(.rela.bss .rela.bss.* .rela.gnu.linkonce.b.*)

.rel.ctors
 *(.rel.ctors)

.rela.ctors
 *(.rela.ctors)

.rel.dtors
 *(.rel.dtors)

.rela.dtors
 *(.rela.dtors)

.rel.got
 *(.rel.got)

.rela.got
 *(.rela.got)

.rel.plt
 *(.rel.plt)

.rela.plt
 *(.rela.plt)

.text           0x00003100     0x5986
                0x00003100                . = ALIGN (0x2)
 *(.init .init.*)
 *(.init0)
 .init0         0x00003100        0x0 c:/sysgcc/msp430/bin/../lib/gcc/msp430/4.6.3/mcpu-430x/mmpy-16\libcrt0.a(_reset_vector__.o)
                0x00003100                _reset_vector__
 *(.init1)
 .init1         0x00003100        0xc c:/sysgcc/msp430/bin/../lib/gcc/msp430/4.6.3/mcpu-430x/mmpy-16\libcrt0.a(__watchdog_support.o)
                0x00003100                __watchdog_support
 *(.init2)
 .init2         0x0000310c        0x4 c:/sysgcc/msp430/bin/../lib/gcc/msp430/4.6.3/mcpu-430x/mmpy-16\libcrt0.a(__init_stack.o)
                0x0000310c                __init_stack
 *(.init3)
 .init3         0x00003110        0x0 c:/sysgcc/msp430/bin/../lib/gcc/msp430/4.6.3/mcpu-430x/mmpy-16\libcrt0.a(__low_level_init.o)
                0x00003110                __low_level_init
 *(.init4)
 .init4         0x00003110       0x18 c:/sysgcc/msp430/bin/../lib/gcc/msp430/4.6.3/mcpu-430x/mmpy-16\libcrt0.a(_copy_data.o)
                0x00003110                __do_copy_data
 .init4         0x00003128       0x16 c:/sysgcc/msp430/bin/../lib/gcc/msp430/4.6.3/mcpu-430x/mmpy-16\libcrt0.a(_clear_bss.o)
                0x00003128                __do_clear_bss
 *(.init5)
 *(.init6)
 *(.init7)
 *(.init8)
 *(.init9)
 .init9         0x0000313e      0x2e0 obj_z1/contiki-z1-main.o
                0x0000313e                main
 *(.fini9)
 .fini9         0x0000341e        0x0 c:/sysgcc/msp430/bin/../lib/gcc/msp430/4.6.3/mcpu-430x/mmpy-16\libcrt0.a(__stop_progExec__.o)
                0x0000341e                __stop_progExec__
 *(.fini8)
 *(.fini7)
 *(.fini6)
 *(.fini5)
 *(.fini4)
 *(.fini3)
 *(.fini2)
 *(.fini1)
 *(.fini0)
 .fini0         0x0000341e        0x6 c:/sysgcc/msp430/bin/../lib/gcc/msp430/4.6.3/mcpu-430x/mmpy-16\libcrt0.a(_endless_loop__.o)
                0x0000341e                _endless_loop__
 *(.fini .fini.*)
                0x00003424                . = ALIGN (0x2)
                0x00003424                __ctors_start = .
 *(.ctors)
                0x00003424                __ctors_end = .
                0x00003424                __dtors_start = .
 *(.dtors)
                0x00003424                __dtors_end = .
                0x00003424                . = ALIGN (0x2)
 *(.text .text.* .gnu.linkonce.t.*)
 .text          0x00003424        0x4 c:/sysgcc/msp430/bin/../lib/gcc/msp430/4.6.3/mcpu-430x/mmpy-16/crt0ivtbl32.o
                0x00003424                __isr_14
                0x00003424                __isr_4
                0x00003424                __isr_29
                0x00003424                __isr_11
                0x00003424                __isr_5
                0x00003424                __isr_2
                0x00003424                __isr_10
                0x00003424                __isr_7
                0x00003424                __isr_0
                0x00003424                __isr_28
                0x00003424                __isr_8
                0x00003424                __isr_20
                0x00003424                __isr_3
                0x00003424                __isr_12
                0x00003424                __isr_13
                0x00003424                __isr_27
                0x00003424                __isr_9
                0x00003424                __isr_30
                0x00003424                __isr_6
                0x00003424                __isr_22
                0x00003424                __isr_1
                0x00003424                __isr_15
                0x00003424                __isr_21
 .text.crt0     0x00003428        0x0 c:/sysgcc/msp430/bin/../lib/gcc/msp430/4.6.3/mcpu-430x/mmpy-16/crt0ivtbl32.o
 .text          0x00003428      0x134 test.co
 .text          0x0000355c        0x6 obj_z1/contiki-z1-main.o
                0x0000355c                uip_log
 .text          0x00003562        0xc contiki-z1.a(contiki-z1-plat)
                0x00003562                init_platform
 .text          0x0000356e       0xcc contiki-z1.a(msp430.o)
                0x0000356e                msp430_init_dco
                0x00003596                splhigh_
                0x0000359e                msp430_sync_dco
                0x00003610                msp430_cpu_init
 .text          0x0000363a      0x146 contiki-z1.a(leds.o)
                0x00003728                leds_init
                0x00003732                leds_get
                0x00003738                leds_set
                0x0000373e                leds_on
                0x00003748                leds_off
                0x00003756                leds_toggle
                0x00003760                leds_blink
 .text          0x00003780       0x5c contiki-z1.a(watchdog.o)
                0x00003780                __isr_26
                0x00003780                watchdog_interrupt
                0x00003786                watchdog_start
                0x0000379a                watchdog_periodic
                0x000037ac                watchdog_stop
                0x000037c2                watchdog_init
                0x000037d6                watchdog_reboot
 .text          0x000037dc      0x350 contiki-z1.a(xmem.o)
                0x00003854                xmem_init
                0x00003872                xmem_pread
                0x00003942                xmem_pwrite
                0x00003a76                xmem_erase
 .text          0x00003b2c       0x38 contiki-z1.a(spi.o)
                0x00003b2c                spi_init
 .text          0x00003b64      0xb94 contiki-z1.a(cc2420.o)
                0x00003f9a                cc2420_on
                0x00003fbc                cc2420_off
                0x000041e6                cc2420_get_channel
                0x000041ec                cc2420_set_channel
                0x00004226                cc2420_set_pan_addr
                0x00004272                cc2420_interrupt
                0x0000428a                cc2420_set_txpower
                0x00004298                cc2420_get_txpower
                0x000043f4                cc2420_rssi
                0x0000453e                cc2420_set_cca_threshold
                0x00004608                cc2420_init
 .text          0x000046f8       0x1a contiki-z1.a(cc2420-arch.o)
                0x000046f8                cc2420_arch_init
 .text          0x00004712       0x9a contiki-z1.a(node-id.o)
                0x00004712                node_id_restore
                0x0000475e                node_id_burn
 .text          0x000047ac      0x158 contiki-z1.a(sensors.o)
                0x0000486a                sensors_first
                0x00004870                sensors_next
                0x0000489c                sensors_changed
                0x000048c6                sensors_find
 .text          0x00004904      0x100 contiki-z1.a(button-sensor.o)
                0x0000498e                __isr_19
                0x0000498e                irq_p2
 .text          0x00004a04       0xd8 contiki-z1.a(uart0.o)
                0x00004a04                uart0_active
                0x00004a12                uart0_set_input
                0x00004a18                uart0_writeb
                0x00004a30                uart0_init
                0x00004a76                uart0_rx_interrupt
                0x00004a76                __isr_23
 .text          0x00004adc       0x10 contiki-z1.a(uart0-putchar.o)
                0x00004adc                putchar
 .text          0x00004aec       0x2e contiki-z1.a(light-sensor.o)
 .text          0x00004b1a      0x136 contiki-z1.a(sky-sensors.o)
                0x00004b1a                sky_sensors_status
                0x00004b5c                sky_sensors_configure
 .text          0x00004c50      0x318 contiki-z1.a(adxl345.o)
                0x00004c50                accm_write_reg
                0x00004c7e                accm_write_stream
                0x00004ca8                accm_read_reg
                0x00004d52                accm_read_stream
                0x00004da4                accm_read_axis
                0x00004dca                accm_set_grange
                0x00004dee                accm_init
                0x00004e78                accm_set_irq
                0x00004ea4                __isr_18
                0x00004ea4                port1_isr
 .text          0x00004f68      0x1e8 contiki-z1.a(clock.o)
                0x00004f68                __isr_24
                0x00004f68                timera1
                0x00005072                clock_time
                0x0000508c                clock_set
                0x000050a2                clock_fine_max
                0x000050a8                clock_fine
                0x000050b4                clock_init
                0x000050dc                clock_delay
                0x000050e8                clock_wait
                0x00005110                clock_set_seconds
                0x00005128                clock_seconds
                0x00005142                clock_counter
 .text          0x00005150       0x78 contiki-z1.a(leds-arch.o)
                0x00005150                leds_arch_init
                0x0000515e                leds_arch_get
                0x0000518e                leds_arch_set
 .text          0x000051c8       0x7e contiki-z1.a(rtimer-arch.o)
                0x000051c8                rtimer_arch_init
                0x000051d6                rtimer_arch_now
                0x000051e4                timera0
                0x000051e4                __isr_25
                0x00005240                rtimer_arch_schedule
 .text          0x00005246       0x8c contiki-z1.a(timer.o)
                0x00005246                timer_set
                0x00005262                timer_reset
                0x00005270                timer_restart
                0x00005284                timer_expired
                0x000052ae                timer_remaining
 .text          0x000052d2       0x50 contiki-z1.a(rtimer.o)
                0x000052d2                rtimer_init
                0x000052d8                rtimer_set
                0x000052fc                rtimer_run_next
 .text          0x00005322      0x2a0 contiki-z1.a(process.o)
                0x00005422                process_alloc_event
                0x00005430                process_exit
                0x0000543a                process_init
                0x00005456                process_run
                0x000054fa                process_nevents
                0x00005508                process_post
                0x00005558                process_post_synch
                0x0000556a                process_start
                0x0000559c                process_poll
                0x000055b4                process_is_running
 .text          0x000055c2      0x270 contiki-z1.a(etimer.o)
                0x00005632                etimer_request_poll
                0x0000573c                etimer_set
                0x0000574e                etimer_reset_with_new_interval
                0x0000576c                etimer_reset
                0x0000577e                etimer_restart
                0x00005790                etimer_adjust
                0x000057aa                etimer_expired
                0x000057b8                etimer_expiration_time
                0x000057cc                etimer_start_time
                0x000057d4                etimer_pending
                0x000057e0                etimer_next_expiration_time
                0x000057f6                etimer_stop
 .text          0x00005832      0x1c4 contiki-z1.a(ctimer.o)
                0x000058ce                ctimer_init
                0x000058e6                ctimer_set_with_process
                0x00005934                ctimer_set
                0x00005944                ctimer_reset
                0x00005970                ctimer_restart
                0x0000599c                ctimer_stop
                0x000059c4                ctimer_expired
 .text          0x000059f6       0xae contiki-z1.a(energest.o)
                0x000059f6                energest_init
                0x00005a1e                energest_type_time
                0x00005a5a                energest_leveldevice_leveltime
                0x00005a60                energest_type_set
                0x00005a6c                energest_flush
 .text          0x00005aa4       0x2a contiki-z1.a(autostart.o)
                0x00005aa4                autostart_start
                0x00005aba                autostart_exit
 .text          0x00005ace      0x102 contiki-z1.a(serial-line.o)
                0x00005b6a                serial_line_input_byte
                0x00005bb4                serial_line_init
 .text          0x00005bd0       0x96 contiki-z1.a(ringbuf.o)
                0x00005bd0                ringbuf_init
                0x00005be4                ringbuf_put
                0x00005c1c                ringbuf_get
                0x00005c4c                ringbuf_size
                0x00005c54                ringbuf_elements
 .text          0x00005c66        0xc contiki-z1.a(random.o)
                0x00005c66                random_init
                0x00005c6c                random_rand
 .text          0x00005c72       0xf6 contiki-z1.a(list.o)
                0x00005c72                list_init
                0x00005c78                list_head
                0x00005c7c                list_copy
                0x00005c82                list_tail
                0x00005c94                list_chop
                0x00005cb8                list_pop
                0x00005cc6                list_remove
                0x00005cfa                list_push
                0x00005d10                list_add
                0x00005d36                list_length
                0x00005d46                list_insert
                0x00005d5c                list_item_next
 .text          0x00005d68       0xd8 contiki-z1.a(rime.o)
                0x00005e04                rime_sniffer_add
                0x00005e10                rime_sniffer_remove
                0x00005e1c                rime_output
 .text          0x00005e40       0x2a contiki-z1.a(linkaddr.o)
                0x00005e40                linkaddr_copy
                0x00005e4c                linkaddr_cmp
                0x00005e5e                linkaddr_set_node_addr
 .text          0x00005e6a      0x1e2 contiki-z1.a(packetbuf.o)
                0x00005e6a                packetbuf_clear_hdr
                0x00005e72                packetbuf_compact
                0x00005ea0                packetbuf_copyto_hdr
                0x00005ebc                packetbuf_copyto
                0x00005f02                packetbuf_hdr_remove
                0x00005f08                packetbuf_hdrreduce
                0x00005f22                packetbuf_set_datalen
                0x00005f28                packetbuf_dataptr
                0x00005f36                packetbuf_hdrptr
                0x00005f40                packetbuf_datalen
                0x00005f46                packetbuf_hdrlen
                0x00005f56                packetbuf_totlen
                0x00005f62                packetbuf_hdralloc
                0x00005f8c                packetbuf_attr_clear
                0x00005fb8                packetbuf_clear
                0x00005fd2                packetbuf_copyfrom
                0x00005ffc                packetbuf_attr_copyto
                0x0000601c                packetbuf_attr_copyfrom
                0x0000603e                packetbuf_holds_broadcast
 .text          0x0000604c      0x13c contiki-z1.a(queuebuf.o)
                0x0000604c                queuebuf_init
                0x0000605e                queuebuf_numfree
                0x00006068                queuebuf_new_from_packetbuf
                0x000060b6                queuebuf_update_attr_from_packetbuf
                0x000060c8                queuebuf_update_from_packetbuf
                0x000060ea                queuebuf_free
                0x00006114                queuebuf_to_packetbuf
                0x00006146                queuebuf_dataptr
                0x00006162                queuebuf_datalen
                0x0000616a                queuebuf_addr
                0x00006178                queuebuf_attr
                0x00006186                queuebuf_debug_print
 .text          0x00006188      0x37a contiki-z1.a(csma.o)
 .text          0x00006502      0x64a contiki-z1.a(contikimac.o)
                0x00006b48                contikimac_debug_print
 .text          0x00006b4c       0x1c contiki-z1.a(nullsec.o)
 .text          0x00006b68      0x1b2 contiki-z1.a(i2cmaster.o)
                0x00006b68                i2c_setrate
                0x00006b6e                i2c_receiveinit
                0x00006ba6                i2c_transmitinit
                0x00006bd8                i2c_receive_n
                0x00006c1c                i2c_busy
                0x00006c26                i2c_enable
                0x00006c4a                i2c_disable
                0x00006c64                i2c_transmit_n
                0x00006c78                __isr_16
                0x00006c78                i2c_tx_interrupt
                0x00006d02                __isr_17
                0x00006d02                i2c_rx_interrupt
 .text          0x00006d1a       0xb6 contiki-z1.a(compower.o)
                0x00006d1a                compower_accumulate
                0x00006d84                compower_clear
                0x00006d96                compower_init
                0x00006da0                compower_attrconv
                0x00006db0                compower_accumulate_attrs
 .text          0x00006dd0      0x102 contiki-z1.a(memb.o)
                0x00006dd0                memb_init
                0x00006e06                memb_alloc
                0x00006e44                memb_free
                0x00006e7e                memb_inmemb
                0x00006eac                memb_numfree
 .text          0x00006ed2      0x114 contiki-z1.a(announcement.o)
                0x00006ed2                announcement_init
                0x00006edc                announcement_register
                0x00006f16                announcement_remove
                0x00006f22                announcement_remove_value
                0x00006f44                announcement_set_value
                0x00006f6c                announcement_bump
                0x00006f8e                announcement_listen
                0x00006f9a                announcement_register_listen_callback
                0x00006fa0                announcement_register_observer_callback
                0x00006fa6                announcement_list
                0x00006fb0                announcement_heard
 .text          0x00006fe6       0x38 contiki-z1.a(chameleon.o)
                0x00006fe6                chameleon_init
                0x00006fec                chameleon_parse
                0x00006ffc                chameleon_create
                0x00007018                chameleon_hdrsize
 .text          0x0000701e       0x66 contiki-z1.a(channel.o)
                0x0000701e                channel_init
                0x00007028                channel_open
                0x00007038                channel_close
                0x00007044                channel_lookup
                0x00007064                channel_set_attributes
 .text          0x00007084       0x48 contiki-z1.a(abc.o)
                0x00007084                abc_open
                0x000070a2                abc_close
                0x000070a8                abc_send
                0x000070ae                abc_input
                0x000070bc                abc_sent
 .text          0x000070cc      0x1c2 contiki-z1.a(broadcast-annou)
                0x0000721e                broadcast_announcement_init
                0x00007262                broadcast_announcement_stop
                0x00007284                broadcast_announcement_beacon_interval
 .text          0x0000728e      0x306 contiki-z1.a(chameleon-bitop)
                0x000072a4                get_bits_in_byte
                0x000072de                get_bits
                0x00007422                set_bits_in_byte
                0x0000744e                set_bits
 .text          0x00007594       0x14 contiki-z1.a(mac.o)
                0x00007594                mac_call_sent_callback
 .text          0x000075a8       0x92 contiki-z1.a(mac-sequence.o)
                0x000075a8                mac_sequence_is_duplicate
                0x000075de                mac_sequence_register_seqno
 .text          0x0000763a       0xce contiki-z1.a(contikimac-fram)
 .text          0x00007708       0x78 contiki-z1.a(broadcast.o)
                0x0000773e                broadcast_open
                0x00007760                broadcast_close
                0x00007766                broadcast_send
 .text          0x00007780      0x1cc contiki-z1.a(framer-802154.o)
 .text          0x0000794c       0x20 contiki-z1.a(framer.o)
                0x0000794c                framer_canonical_create_and_secure
 .text          0x0000796c      0x542 contiki-z1.a(frame802154.o)
                0x0000796c                frame802154_get_pan_id
                0x00007972                frame802154_set_pan_id
                0x00007978                frame802154_has_panid
                0x00007a8a                frame802154_check_dest_panid
                0x00007ac2                frame802154_is_broadcast_addr
                0x00007ae6                frame802154_extract_linkaddr
                0x00007b72                frame802154_hdrlen
                0x00007ba4                frame802154_create
                0x00007cda                frame802154_parse
 .text          0x00007eae        0x0 c:/sysgcc/msp430/bin/../lib/gcc/msp430/4.6.3/mcpu-430x/mmpy-16\libgcc.a(_mulsi3.o)
 .text.libgcc   0x00007eae       0x2a c:/sysgcc/msp430/bin/../lib/gcc/msp430/4.6.3/mcpu-430x/mmpy-16\libgcc.a(_mulsi3.o)
                0x00007eae                __mulsi3
 .text          0x00007ed8        0x0 c:/sysgcc/msp430/bin/../lib/gcc/msp430/4.6.3/mcpu-430x/mmpy-16\libgcc.a(_muldi3.o)
 .text.libgcc   0x00007ed8       0x58 c:/sysgcc/msp430/bin/../lib/gcc/msp430/4.6.3/mcpu-430x/mmpy-16\libgcc.a(_muldi3.o)
                0x00007ed8                __muldi3
                0x00007ef2                __xabi_muldi3
 .text          0x00007f30        0x0 c:/sysgcc/msp430/bin/../lib/gcc/msp430/4.6.3/mcpu-430x/mmpy-16\libgcc.a(_udivmod32.o)
 .text.libgcc   0x00007f30       0x38 c:/sysgcc/msp430/bin/../lib/gcc/msp430/4.6.3/mcpu-430x/mmpy-16\libgcc.a(_udivmod32.o)
                0x00007f30                __ext_udivmod32
                0x00007f30                __udivsi3
                0x00007f5e                __umodsi3
 .text          0x00007f68       0x28 c:/sysgcc/msp430/bin/../lib/gcc/msp430/4.6.3/../../../../msp430/lib/mcpu-430x/mmpy-16\libc.a(strncmp.o)
                0x00007f68                strncmp
 .text          0x00007f90       0x20 c:/sysgcc/msp430/bin/../lib/gcc/msp430/4.6.3/../../../../msp430/lib/mcpu-430x/mmpy-16\libc.a(memcmp.o)
                0x00007f90                memcmp
 .text          0x00007fb0       0xe4 c:/sysgcc/msp430/bin/../lib/gcc/msp430/4.6.3/../../../../msp430/lib/mcpu-430x/mmpy-16\libc.a(memcpy.o)
                0x00007fb0                memcpy
 .text          0x00008094       0x5c c:/sysgcc/msp430/bin/../lib/gcc/msp430/4.6.3/../../../../msp430/lib/mcpu-430x/mmpy-16\libc.a(memset.o)
                0x00008094                memset
 .text          0x000080f0       0x1e c:/sysgcc/msp430/bin/../lib/gcc/msp430/4.6.3/../../../../msp430/lib/mcpu-430x/mmpy-16\libc.a(printf.o)
                0x000080f0                printf
                0x00008100                vprintf
 .text          0x0000810e      0x818 c:/sysgcc/msp430/bin/../lib/gcc/msp430/4.6.3/../../../../msp430/lib/mcpu-430x/mmpy-16\libc.a(vuprintf.o)
                0x0000828a                vuprintf
 .text          0x00008926       0x2c c:/sysgcc/msp430/bin/../lib/gcc/msp430/4.6.3/../../../../msp430/lib/mcpu-430x/mmpy-16\libc.a(puts.o)
                0x00008926                puts
 .text          0x00008952       0x54 c:/sysgcc/msp430/bin/../lib/gcc/msp430/4.6.3/../../../../msp430/lib/mcpu-430x/mmpy-16\libc.a(rand.o)
                0x00008952                rand_r
                0x00008976                rand
                0x0000899c                srand
 .text          0x000089a6        0x0 c:/sysgcc/msp430/bin/../lib/gcc/msp430/4.6.3/mcpu-430x/mmpy-16\libgcc.a(_udivmod16.o)
 .text.libgcc   0x000089a6       0x22 c:/sysgcc/msp430/bin/../lib/gcc/msp430/4.6.3/mcpu-430x/mmpy-16\libgcc.a(_udivmod16.o)
                0x000089a6                __ext_udivmod16
                0x000089a6                __udivhi3
                0x000089c0                __umodhi3
 .text          0x000089c8        0x0 c:/sysgcc/msp430/bin/../lib/gcc/msp430/4.6.3/mcpu-430x/mmpy-16\libgcc.a(_udivmod64.o)
 .text.libgcc   0x000089c8       0xbc c:/sysgcc/msp430/bin/../lib/gcc/msp430/4.6.3/mcpu-430x/mmpy-16\libgcc.a(_udivmod64.o)
                0x000089c8                __xabi_udivmod64
                0x00008a1a                __udivdi3
                0x00008a34                __umoddi3
                0x00008a56                __udivmoddi4
 .text          0x00008a84        0x0 c:/sysgcc/msp430/bin/../lib/gcc/msp430/4.6.3/mcpu-430x/mmpy-16\libcrt0.a(_reset_vector__.o)
 .text          0x00008a84        0x0 c:/sysgcc/msp430/bin/../lib/gcc/msp430/4.6.3/mcpu-430x/mmpy-16\libcrt0.a(__watchdog_support.o)
 .text          0x00008a84        0x0 c:/sysgcc/msp430/bin/../lib/gcc/msp430/4.6.3/mcpu-430x/mmpy-16\libcrt0.a(__init_stack.o)
 .text          0x00008a84        0x0 c:/sysgcc/msp430/bin/../lib/gcc/msp430/4.6.3/mcpu-430x/mmpy-16\libcrt0.a(__low_level_init.o)
 .text          0x00008a84        0x0 c:/sysgcc/msp430/bin/../lib/gcc/msp430/4.6.3/mcpu-430x/mmpy-16\libcrt0.a(_copy_data.o)
 .text          0x00008a84        0x0 c:/sysgcc/msp430/bin/../lib/gcc/msp430/4.6.3/mcpu-430x/mmpy-16\libcrt0.a(_clear_bss.o)
 .text          0x00008a84        0x0 c:/sysgcc/msp430/bin/../lib/gcc/msp430/4.6.3/mcpu-430x/mmpy-16\libcrt0.a(__stop_progExec__.o)
 .text          0x00008a84        0x0 c:/sysgcc/msp430/bin/../lib/gcc/msp430/4.6.3/mcpu-430x/mmpy-16\libcrt0.a(_endless_loop__.o)
 .text          0x00008a84        0x0 c:/sysgcc/msp430/bin/../lib/gcc/msp430/4.6.3/mcpu-430x/mmpy-16\libcrt0.a(_unexpected_.o)
 .text.crt0     0x00008a84        0x2 c:/sysgcc/msp430/bin/../lib/gcc/msp430/4.6.3/mcpu-430x/mmpy-16\libcrt0.a(_unexpected_.o)
                0x00008a84                _unexpected_
                0x00008a86                . = ALIGN (0x2)

.rodata         0x00008a86      0x2d0
                0x00008a86                . = ALIGN (0x2)
 *(.rodata .rodata.* .gnu.linkonce.r.*)
 .rodata        0x00008a86       0x60 test.co
                0x00008ace                autostart_processes
 .rodata        0x00008ae6       0xe3 obj_z1/contiki-z1-main.o
 .rodata        0x00008bc9       0x2c contiki-z1.a(xmem.o)
 *fill*         0x00008bf5        0x1 00
 .rodata        0x00008bf6       0x70 contiki-z1.a(cc2420.o)
                0x00008c28                cc2420_aes_128_driver
                0x00008c2c                cc2420_driver
 .rodata        0x00008c66        0x8 contiki-z1.a(sensors.o)
 .rodata        0x00008c6e       0x10 contiki-z1.a(button-sensor.o)
                0x00008c76                button_sensor
 .rodata        0x00008c7e        0xe contiki-z1.a(light-sensor.o)
                0x00008c84                light_sensor
 .rodata        0x00008c8c       0x16 contiki-z1.a(adxl345.o)
 .rodata        0x00008ca2        0xc contiki-z1.a(etimer.o)
 .rodata        0x00008cae        0xf contiki-z1.a(ctimer.o)
 .rodata        0x00008cbd        0xe contiki-z1.a(serial-line.o)
 *fill*         0x00008ccb        0x1 00
 .rodata        0x00008ccc        0xc contiki-z1.a(rime.o)
                0x00008cd2                rime_driver
 .rodata        0x00008cd8        0x2 contiki-z1.a(linkaddr.o)
                0x00008cd8                linkaddr_null
 .rodata        0x00008cda       0x14 contiki-z1.a(csma.o)
                0x00008ce0                csma_driver
 .rodata        0x00008cee       0x1c contiki-z1.a(contikimac.o)
                0x00008cfa                contikimac_driver
 .rodata        0x00008d0a       0x14 contiki-z1.a(nullsec.o)
                0x00008d12                nullsec_driver
 .rodata        0x00008d1e        0x2 contiki-z1.a(abc.o)
 .rodata        0x00008d20        0x4 contiki-z1.a(broadcast-annou)
 .rodata        0x00008d24       0x10 contiki-z1.a(chameleon-bitop)
                0x00008d24                chameleon_bitopt
 .rodata        0x00008d34        0x8 contiki-z1.a(contikimac-fram)
                0x00008d34                contikimac_framer
 .rodata        0x00008d3c        0x8 contiki-z1.a(broadcast.o)
 .rodata        0x00008d44        0x8 contiki-z1.a(framer-802154.o)
                0x00008d44                framer_802154
 .rodata        0x00008d4c        0x2 contiki-z1.a(frame802154.o)
 .rodata        0x00008d4e        0x7 c:/sysgcc/msp430/bin/../lib/gcc/msp430/4.6.3/../../../../msp430/lib/mcpu-430x/mmpy-16\libc.a(vuprintf.o)
                0x00008d56                . = ALIGN (0x2)
 *fill*         0x00008d55        0x1 00
                0x00008d56                _etext = .

.data           0x00001100       0x94 load address 0x00008d56
                0x00001100                . = ALIGN (0x2)
                0x00001100                PROVIDE (__data_start, .)
 *(.data .data.* .gnu.linkonce.d.*)
 .data          0x00001100        0x0 c:/sysgcc/msp430/bin/../lib/gcc/msp430/4.6.3/mcpu-430x/mmpy-16/crt0ivtbl32.o
 .data          0x00001100        0xa test.co
                0x00001100                hello_world_process
 .data          0x0000110a        0x4 obj_z1/contiki-z1-main.o
                0x0000110a                sensors
 .data          0x0000110e        0x0 contiki-z1.a(contiki-z1-plat)
 .data          0x0000110e        0x2 contiki-z1.a(msp430.o)
 .data          0x00001110        0x0 contiki-z1.a(leds.o)
 .data          0x00001110        0x0 contiki-z1.a(watchdog.o)
 .data          0x00001110        0x0 contiki-z1.a(xmem.o)
 .data          0x00001110        0x0 contiki-z1.a(spi.o)
 .data          0x00001110        0xc contiki-z1.a(cc2420.o)
                0x00001110                cc2420_process
 .data          0x0000111c        0x0 contiki-z1.a(cc2420-arch.o)
 .data          0x0000111c        0x0 contiki-z1.a(node-id.o)
 .data          0x0000111c        0xa contiki-z1.a(sensors.o)
                0x0000111c                sensors_process
 .data          0x00001126        0x0 contiki-z1.a(button-sensor.o)
 .data          0x00001126        0x0 contiki-z1.a(uart0.o)
 .data          0x00001126        0x0 contiki-z1.a(uart0-putchar.o)
 .data          0x00001126        0x0 contiki-z1.a(light-sensor.o)
 .data          0x00001126        0x0 contiki-z1.a(sky-sensors.o)
 .data          0x00001126       0x20 contiki-z1.a(adxl345.o)
                0x00001126                accmeter_process
 .data          0x00001146        0x0 contiki-z1.a(clock.o)
 .data          0x00001146        0x0 contiki-z1.a(leds-arch.o)
 .data          0x00001146        0x0 contiki-z1.a(rtimer-arch.o)
 .data          0x00001146        0x0 contiki-z1.a(timer.o)
 .data          0x00001146        0x0 contiki-z1.a(rtimer.o)
 .data          0x00001146        0x0 contiki-z1.a(process.o)
 .data          0x00001146        0xa contiki-z1.a(etimer.o)
                0x00001146                etimer_process
 .data          0x00001150        0xa contiki-z1.a(ctimer.o)
                0x00001150                ctimer_process
 .data          0x0000115a        0x0 contiki-z1.a(energest.o)
 .data          0x0000115a        0x0 contiki-z1.a(autostart.o)
 .data          0x0000115a        0xa contiki-z1.a(serial-line.o)
                0x0000115a                serial_line_process
 .data          0x00001164        0x0 contiki-z1.a(ringbuf.o)
 .data          0x00001164        0x0 contiki-z1.a(random.o)
 .data          0x00001164        0x0 contiki-z1.a(list.o)
 .data          0x00001164        0x0 contiki-z1.a(rime.o)
 .data          0x00001164        0x0 contiki-z1.a(linkaddr.o)
 .data          0x00001164        0x0 contiki-z1.a(packetbuf.o)
 .data          0x00001164       0x10 contiki-z1.a(queuebuf.o)
 .data          0x00001174       0x18 contiki-z1.a(csma.o)
 .data          0x0000118c        0x0 contiki-z1.a(contikimac.o)
 .data          0x0000118c        0x0 contiki-z1.a(nullsec.o)
 .data          0x0000118c        0x1 contiki-z1.a(i2cmaster.o)
                0x0000118c                prescale_lsb
 .data          0x0000118d        0x0 contiki-z1.a(compower.o)
 .data          0x0000118d        0x0 contiki-z1.a(memb.o)
 .data          0x0000118d        0x0 contiki-z1.a(announcement.o)
 .data          0x0000118d        0x0 contiki-z1.a(chameleon.o)
 .data          0x0000118d        0x0 contiki-z1.a(channel.o)
 .data          0x0000118d        0x0 contiki-z1.a(abc.o)
 .data          0x0000118d        0x0 contiki-z1.a(broadcast-annou)
 .data          0x0000118d        0x0 contiki-z1.a(chameleon-bitop)
 .data          0x0000118d        0x0 contiki-z1.a(mac.o)
 .data          0x0000118d        0x0 contiki-z1.a(mac-sequence.o)
 .data          0x0000118d        0x0 contiki-z1.a(contikimac-fram)
 .data          0x0000118d        0x0 contiki-z1.a(broadcast.o)
 .data          0x0000118d        0x0 contiki-z1.a(framer-802154.o)
 .data          0x0000118d        0x0 contiki-z1.a(framer.o)
 *fill*         0x0000118d        0x1 00
 .data          0x0000118e        0x2 contiki-z1.a(frame802154.o)
 .data          0x00001190        0x0 c:/sysgcc/msp430/bin/../lib/gcc/msp430/4.6.3/mcpu-430x/mmpy-16\libgcc.a(_mulsi3.o)
 .data          0x00001190        0x0 c:/sysgcc/msp430/bin/../lib/gcc/msp430/4.6.3/mcpu-430x/mmpy-16\libgcc.a(_muldi3.o)
 .data          0x00001190        0x0 c:/sysgcc/msp430/bin/../lib/gcc/msp430/4.6.3/mcpu-430x/mmpy-16\libgcc.a(_udivmod32.o)
 .data          0x00001190        0x0 c:/sysgcc/msp430/bin/../lib/gcc/msp430/4.6.3/../../../../msp430/lib/mcpu-430x/mmpy-16\libc.a(strncmp.o)
 .data          0x00001190        0x0 c:/sysgcc/msp430/bin/../lib/gcc/msp430/4.6.3/../../../../msp430/lib/mcpu-430x/mmpy-16\libc.a(memcmp.o)
 .data          0x00001190        0x0 c:/sysgcc/msp430/bin/../lib/gcc/msp430/4.6.3/../../../../msp430/lib/mcpu-430x/mmpy-16\libc.a(memcpy.o)
 .data          0x00001190        0x0 c:/sysgcc/msp430/bin/../lib/gcc/msp430/4.6.3/../../../../msp430/lib/mcpu-430x/mmpy-16\libc.a(memset.o)
 .data          0x00001190        0x0 c:/sysgcc/msp430/bin/../lib/gcc/msp430/4.6.3/../../../../msp430/lib/mcpu-430x/mmpy-16\libc.a(printf.o)
 .data          0x00001190        0x0 c:/sysgcc/msp430/bin/../lib/gcc/msp430/4.6.3/../../../../msp430/lib/mcpu-430x/mmpy-16\libc.a(vuprintf.o)
 .data          0x00001190        0x0 c:/sysgcc/msp430/bin/../lib/gcc/msp430/4.6.3/../../../../msp430/lib/mcpu-430x/mmpy-16\libc.a(puts.o)
 .data          0x00001190        0x4 c:/sysgcc/msp430/bin/../lib/gcc/msp430/4.6.3/../../../../msp430/lib/mcpu-430x/mmpy-16\libc.a(rand.o)
 .data          0x00001194        0x0 c:/sysgcc/msp430/bin/../lib/gcc/msp430/4.6.3/mcpu-430x/mmpy-16\libgcc.a(_udivmod16.o)
 .data          0x00001194        0x0 c:/sysgcc/msp430/bin/../lib/gcc/msp430/4.6.3/mcpu-430x/mmpy-16\libgcc.a(_udivmod64.o)
 .data          0x00001194        0x0 c:/sysgcc/msp430/bin/../lib/gcc/msp430/4.6.3/mcpu-430x/mmpy-16\libcrt0.a(_reset_vector__.o)
 .data          0x00001194        0x0 c:/sysgcc/msp430/bin/../lib/gcc/msp430/4.6.3/mcpu-430x/mmpy-16\libcrt0.a(__watchdog_support.o)
 .data          0x00001194        0x0 c:/sysgcc/msp430/bin/../lib/gcc/msp430/4.6.3/mcpu-430x/mmpy-16\libcrt0.a(__init_stack.o)
 .data          0x00001194        0x0 c:/sysgcc/msp430/bin/../lib/gcc/msp430/4.6.3/mcpu-430x/mmpy-16\libcrt0.a(__low_level_init.o)
 .data          0x00001194        0x0 c:/sysgcc/msp430/bin/../lib/gcc/msp430/4.6.3/mcpu-430x/mmpy-16\libcrt0.a(_copy_data.o)
 .data          0x00001194        0x0 c:/sysgcc/msp430/bin/../lib/gcc/msp430/4.6.3/mcpu-430x/mmpy-16\libcrt0.a(_clear_bss.o)
 .data          0x00001194        0x0 c:/sysgcc/msp430/bin/../lib/gcc/msp430/4.6.3/mcpu-430x/mmpy-16\libcrt0.a(__stop_progExec__.o)
 .data          0x00001194        0x0 c:/sysgcc/msp430/bin/../lib/gcc/msp430/4.6.3/mcpu-430x/mmpy-16\libcrt0.a(_endless_loop__.o)
 .data          0x00001194        0x0 c:/sysgcc/msp430/bin/../lib/gcc/msp430/4.6.3/mcpu-430x/mmpy-16\libcrt0.a(_unexpected_.o)
                0x00001194                . = ALIGN (0x2)
                0x00001194                _edata = .
                0x00008d56                PROVIDE (__data_load_start, LOADADDR (.data))
                0x00000094                PROVIDE (__data_size, SIZEOF (.data))

.bss            0x00001194      0xaf4 load address 0x00008dea
                0x00001194                PROVIDE (__bss_start, .)
 *(.bss .bss.*)
 .bss           0x00001194        0x0 c:/sysgcc/msp430/bin/../lib/gcc/msp430/4.6.3/mcpu-430x/mmpy-16/crt0ivtbl32.o
 .bss           0x00001194        0xa test.co
 .bss           0x0000119e        0x4 obj_z1/contiki-z1-main.o
 .bss           0x000011a2        0x0 contiki-z1.a(contiki-z1-plat)
 .bss           0x000011a2        0x0 contiki-z1.a(msp430.o)
 .bss           0x000011a2        0x1 contiki-z1.a(leds.o)
 *fill*         0x000011a3        0x1 00
 .bss           0x000011a4        0x2 contiki-z1.a(watchdog.o)
 .bss           0x000011a6        0x0 contiki-z1.a(xmem.o)
 .bss           0x000011a6        0x2 contiki-z1.a(spi.o)
                0x000011a6                spi_busy
 .bss           0x000011a8        0xa contiki-z1.a(cc2420.o)
 .bss           0x000011b2        0x0 contiki-z1.a(cc2420-arch.o)
 .bss           0x000011b2        0x2 contiki-z1.a(node-id.o)
                0x000011b2                node_id
 .bss           0x000011b4        0x6 contiki-z1.a(sensors.o)
 .bss           0x000011ba        0x8 contiki-z1.a(button-sensor.o)
 .bss           0x000011c2        0x4 contiki-z1.a(uart0.o)
 .bss           0x000011c6        0x0 contiki-z1.a(uart0-putchar.o)
 .bss           0x000011c6        0x0 contiki-z1.a(light-sensor.o)
 .bss           0x000011c6        0x4 contiki-z1.a(sky-sensors.o)
 .bss           0x000011ca       0x16 contiki-z1.a(adxl345.o)
 .bss           0x000011e0        0xa contiki-z1.a(clock.o)
 .bss           0x000011ea        0x0 contiki-z1.a(leds-arch.o)
 .bss           0x000011ea        0x0 contiki-z1.a(rtimer-arch.o)
 .bss           0x000011ea        0x0 contiki-z1.a(timer.o)
 .bss           0x000011ea        0x2 contiki-z1.a(rtimer.o)
 .bss           0x000011ec       0x42 contiki-z1.a(process.o)
                0x000011ec                process_current
                0x000011ee                process_list
 .bss           0x0000122e        0x6 contiki-z1.a(etimer.o)
 .bss           0x00001234        0x4 contiki-z1.a(ctimer.o)
 .bss           0x00001238        0x0 contiki-z1.a(energest.o)
 .bss           0x00001238        0x0 contiki-z1.a(autostart.o)
 .bss           0x00001238      0x10a contiki-z1.a(serial-line.o)
 .bss           0x00001342        0x0 contiki-z1.a(ringbuf.o)
 .bss           0x00001342        0x0 contiki-z1.a(random.o)
 .bss           0x00001342        0x0 contiki-z1.a(list.o)
 .bss           0x00001342        0x2 contiki-z1.a(rime.o)
 .bss           0x00001344        0x0 contiki-z1.a(linkaddr.o)
 .bss           0x00001344       0xb8 contiki-z1.a(packetbuf.o)
 .bss           0x000013fc      0x630 contiki-z1.a(queuebuf.o)
 .bss           0x00001a2c       0xb8 contiki-z1.a(csma.o)
 .bss           0x00001ae4       0x32 contiki-z1.a(contikimac.o)
 .bss           0x00001b16        0x0 contiki-z1.a(nullsec.o)
 .bss           0x00001b16        0x4 contiki-z1.a(i2cmaster.o)
                0x00001b16                prescale_msb
 .bss           0x00001b1a        0x8 contiki-z1.a(compower.o)
 .bss           0x00001b22        0x0 contiki-z1.a(memb.o)
 .bss           0x00001b22        0x6 contiki-z1.a(announcement.o)
 .bss           0x00001b28        0x0 contiki-z1.a(chameleon.o)
 .bss           0x00001b28        0x2 contiki-z1.a(channel.o)
 .bss           0x00001b2a        0x0 contiki-z1.a(abc.o)
 .bss           0x00001b2a       0x46 contiki-z1.a(broadcast-annou)
 .bss           0x00001b70        0x0 contiki-z1.a(chameleon-bitop)
 .bss           0x00001b70        0x0 contiki-z1.a(mac.o)
 .bss           0x00001b70       0x40 contiki-z1.a(mac-sequence.o)
 .bss           0x00001bb0        0x0 contiki-z1.a(contikimac-fram)
 .bss           0x00001bb0        0x0 contiki-z1.a(broadcast.o)
 .bss           0x00001bb0        0x2 contiki-z1.a(framer-802154.o)
 .bss           0x00001bb2        0x0 contiki-z1.a(framer.o)
 .bss           0x00001bb2        0x0 contiki-z1.a(frame802154.o)
 .bss           0x00001bb2        0x0 c:/sysgcc/msp430/bin/../lib/gcc/msp430/4.6.3/mcpu-430x/mmpy-16\libgcc.a(_mulsi3.o)
 .bss           0x00001bb2        0x0 c:/sysgcc/msp430/bin/../lib/gcc/msp430/4.6.3/mcpu-430x/mmpy-16\libgcc.a(_muldi3.o)
 .bss           0x00001bb2        0x0 c:/sysgcc/msp430/bin/../lib/gcc/msp430/4.6.3/mcpu-430x/mmpy-16\libgcc.a(_udivmod32.o)
 .bss           0x00001bb2        0x0 c:/sysgcc/msp430/bin/../lib/gcc/msp430/4.6.3/../../../../msp430/lib/mcpu-430x/mmpy-16\libc.a(strncmp.o)
 .bss           0x00001bb2        0x0 c:/sysgcc/msp430/bin/../lib/gcc/msp430/4.6.3/../../../../msp430/lib/mcpu-430x/mmpy-16\libc.a(memcmp.o)
 .bss           0x00001bb2        0x0 c:/sysgcc/msp430/bin/../lib/gcc/msp430/4.6.3/../../../../msp430/lib/mcpu-430x/mmpy-16\libc.a(memcpy.o)
 .bss           0x00001bb2        0x0 c:/sysgcc/msp430/bin/../lib/gcc/msp430/4.6.3/../../../../msp430/lib/mcpu-430x/mmpy-16\libc.a(memset.o)
 .bss           0x00001bb2        0x0 c:/sysgcc/msp430/bin/../lib/gcc/msp430/4.6.3/../../../../msp430/lib/mcpu-430x/mmpy-16\libc.a(printf.o)
 .bss           0x00001bb2        0x0 c:/sysgcc/msp430/bin/../lib/gcc/msp430/4.6.3/../../../../msp430/lib/mcpu-430x/mmpy-16\libc.a(vuprintf.o)
 .bss           0x00001bb2        0x0 c:/sysgcc/msp430/bin/../lib/gcc/msp430/4.6.3/../../../../msp430/lib/mcpu-430x/mmpy-16\libc.a(puts.o)
 .bss           0x00001bb2        0x0 c:/sysgcc/msp430/bin/../lib/gcc/msp430/4.6.3/../../../../msp430/lib/mcpu-430x/mmpy-16\libc.a(rand.o)
 .bss           0x00001bb2        0x0 c:/sysgcc/msp430/bin/../lib/gcc/msp430/4.6.3/mcpu-430x/mmpy-16\libgcc.a(_udivmod16.o)
 .bss           0x00001bb2        0x0 c:/sysgcc/msp430/bin/../lib/gcc/msp430/4.6.3/mcpu-430x/mmpy-16\libgcc.a(_udivmod64.o)
 .bss           0x00001bb2        0x0 c:/sysgcc/msp430/bin/../lib/gcc/msp430/4.6.3/mcpu-430x/mmpy-16\libcrt0.a(_reset_vector__.o)
 .bss           0x00001bb2        0x0 c:/sysgcc/msp430/bin/../lib/gcc/msp430/4.6.3/mcpu-430x/mmpy-16\libcrt0.a(__watchdog_support.o)
 .bss           0x00001bb2        0x0 c:/sysgcc/msp430/bin/../lib/gcc/msp430/4.6.3/mcpu-430x/mmpy-16\libcrt0.a(__init_stack.o)
 .bss           0x00001bb2        0x0 c:/sysgcc/msp430/bin/../lib/gcc/msp430/4.6.3/mcpu-430x/mmpy-16\libcrt0.a(__low_level_init.o)
 .bss           0x00001bb2        0x0 c:/sysgcc/msp430/bin/../lib/gcc/msp430/4.6.3/mcpu-430x/mmpy-16\libcrt0.a(_copy_data.o)
 .bss           0x00001bb2        0x0 c:/sysgcc/msp430/bin/../lib/gcc/msp430/4.6.3/mcpu-430x/mmpy-16\libcrt0.a(_clear_bss.o)
 .bss           0x00001bb2        0x0 c:/sysgcc/msp430/bin/../lib/gcc/msp430/4.6.3/mcpu-430x/mmpy-16\libcrt0.a(__stop_progExec__.o)
 .bss           0x00001bb2        0x0 c:/sysgcc/msp430/bin/../lib/gcc/msp430/4.6.3/mcpu-430x/mmpy-16\libcrt0.a(_endless_loop__.o)
 .bss           0x00001bb2        0x0 c:/sysgcc/msp430/bin/../lib/gcc/msp430/4.6.3/mcpu-430x/mmpy-16\libcrt0.a(_unexpected_.o)
 *(COMMON)
 COMMON         0x00001bb2        0x2 obj_z1/contiki-z1-main.o
                0x00001bb2                sensors_flags
 COMMON         0x00001bb4       0x10 contiki-z1.a(cc2420.o)
                0x00001bb4                cc2420_last_rssi
                0x00001bb6                cc2420_sfd_start_time
                0x00001bb8                cc2420_time_of_departure
                0x00001bba                cc2420_time_of_arrival
                0x00001bbc                cc2420_last_correlation
                0x00001bbe                cc2420_authority_level_of_sender
                0x00001bc0                cc2420_sfd_counter
                0x00001bc2                cc2420_sfd_end_time
 COMMON         0x00001bc4        0x8 contiki-z1.a(node-id.o)
                0x00001bc4                node_mac
 COMMON         0x00001bcc        0x1 contiki-z1.a(sensors.o)
                0x00001bcc                sensors_event
 *fill*         0x00001bcd        0x1 00
 COMMON         0x00001bce        0x7 contiki-z1.a(adxl345.o)
                0x00001bce                accm_int2_cb
                0x00001bd0                int2_event
                0x00001bd2                accm_int1_cb
                0x00001bd4                int1_event
 COMMON         0x00001bd5        0x1 contiki-z1.a(process.o)
                0x00001bd5                process_maxevents
 COMMON         0x00001bd6       0x56 contiki-z1.a(energest.o)
                0x00001bd6                energest_total_time
                0x00001c06                energest_total_count
                0x00001c08                energest_current_mode
                0x00001c14                energest_current_time
 COMMON         0x00001c2c        0x1 contiki-z1.a(serial-line.o)
                0x00001c2c                serial_line_event_message
 *fill*         0x00001c2d        0x1 00
 COMMON         0x00001c2e        0x2 contiki-z1.a(linkaddr.o)
                0x00001c2e                linkaddr_node_addr
 COMMON         0x00001c30       0x40 contiki-z1.a(packetbuf.o)
                0x00001c30                packetbuf_addrs
                0x00001c38                packetbuf_attrs
 COMMON         0x00001c70       0x10 contiki-z1.a(i2cmaster.o)
                0x00001c70                transmit_data1
                0x00001c71                rx_byte_ctr
                0x00001c72                tx_buf_ptr
                0x00001c74                tx_byte_ctr
                0x00001c76                i
                0x00001c78                receive_data
                0x00001c7a                rx_buf
                0x00001c7c                transmit_data2
                0x00001c7e                rx_buf_ptr
 COMMON         0x00001c80        0x8 contiki-z1.a(compower.o)
                0x00001c80                compower_idle_activity
                0x00001c88                . = ALIGN (0x2)
                0x00001c88                PROVIDE (__bss_end, .)
                0x00000af4                PROVIDE (__bss_size, SIZEOF (.bss))

.noinit         0x00001c88        0x2 load address 0x00008dea
                0x00001c88                PROVIDE (__noinit_start, .)
 *(.noinit .noinit.*)
 .noinit.crt0   0x00001c88        0x2 c:/sysgcc/msp430/bin/../lib/gcc/msp430/4.6.3/mcpu-430x/mmpy-16\libcrt0.a(__watchdog_support.o)
                0x00001c88                __wdt_clear_value
                0x00001c8a                . = ALIGN (0x2)
                0x00001c8a                PROVIDE (__noinit_end, .)
                0x00001c8a                . = ALIGN (0x2)
                0x00001c8a                _end = .

.infomem        0x00001000        0x0
 *(.infomem)
                0x00001000                . = ALIGN (0x2)
 *(.infomem.*)

.infomemnobits  0x00001000        0x0
 *(.infomemnobits)
                0x00001000                . = ALIGN (0x2)
 *(.infomemnobits.*)

.infoa
 *(.infoa .infoa.*)

.infob
 *(.infob .infob.*)

.infoc
 *(.infoc .infoc.*)

.infod
 *(.infod .infod.*)

.vectors        0x0000ffc0       0x40
                0x0000ffc0                PROVIDE (__vectors_start, .)
 *(.vectors*)
 .vectors       0x0000ffc0       0x40 c:/sysgcc/msp430/bin/../lib/gcc/msp430/4.6.3/mcpu-430x/mmpy-16/crt0ivtbl32.o
                0x0000ffc0                __ivtbl_32
                0x00010000                _vectors_end = .

.fartext        0x00010000        0x0
                0x00010000                . = ALIGN (0x2)
 *(.fartext)
                0x00010000                . = ALIGN (0x2)
 *(.fartext.*)
                0x00010000                _efartext = .

.profiler
 *(.profiler)

.stab           0x00000000    0x1ad60
 *(.stab)
 .stab          0x00000000      0x8c4 test.co
 .stab          0x000008c4     0x1494 obj_z1/contiki-z1-main.o
                               0x1818 (size before relaxing)
 .stab          0x00001d58      0x228 contiki-z1.a(contiki-z1-plat)
                                0x5a0 (size before relaxing)
 .stab          0x00001f80      0x4a4 contiki-z1.a(msp430.o)
                                0x7f8 (size before relaxing)
 .stab          0x00002424      0x5dc contiki-z1.a(leds.o)
                                0x828 (size before relaxing)
 .stab          0x00002a00      0x3fc contiki-z1.a(watchdog.o)
                                0x750 (size before relaxing)
 .stab          0x00002dfc      0x9fc contiki-z1.a(xmem.o)
                                0xf3c (size before relaxing)
 .stab          0x000037f8      0x288 contiki-z1.a(spi.o)
                                0x5dc (size before relaxing)
 .stab          0x00003a80     0x2904 contiki-z1.a(cc2420.o)
                               0x303c (size before relaxing)
 .stab          0x00006384      0xbac contiki-z1.a(cc2420-arch.o)
                               0x1380 (size before relaxing)
 .stab          0x00006f30      0x300 contiki-z1.a(node-id.o)
                                0x6d8 (size before relaxing)
 .stab          0x00007230      0x654 contiki-z1.a(sensors.o)
                                0xb70 (size before relaxing)
 .stab          0x00007884      0x468 contiki-z1.a(button-sensor.o)
                                0x7d4 (size before relaxing)
 .stab          0x00007cec      0x51c contiki-z1.a(uart0.o)
                                0xa2c (size before relaxing)
 .stab          0x00008208      0x264 contiki-z1.a(uart0-putchar.o)
                                0x78c (size before relaxing)
 .stab          0x0000846c      0x318 contiki-z1.a(light-sensor.o)
                                0x684 (size before relaxing)
 .stab          0x00008784      0x4f8 contiki-z1.a(sky-sensors.o)
                                0x864 (size before relaxing)
 .stab          0x00008c7c      0xb10 contiki-z1.a(adxl345.o)
                               0x1128 (size before relaxing)
 .stab          0x0000978c      0x948 contiki-z1.a(clock.o)
                                0xc9c (size before relaxing)
 .stab          0x0000a0d4      0x3a8 contiki-z1.a(leds-arch.o)
                                0x6fc (size before relaxing)
 .stab          0x0000a47c      0x3cc contiki-z1.a(rtimer-arch.o)
                                0x720 (size before relaxing)
 .stab          0x0000a848      0x354 contiki-z1.a(timer.o)
                                0x594 (size before relaxing)
 .stab          0x0000ab9c      0x3d8 contiki-z1.a(rtimer.o)
                                0x6c0 (size before relaxing)
 .stab          0x0000af74      0xb88 contiki-z1.a(process.o)
                               0x1014 (size before relaxing)
 .stab          0x0000bafc      0xabc contiki-z1.a(etimer.o)
                                0xd8c (size before relaxing)
 .stab          0x0000c5b8      0x858 contiki-z1.a(ctimer.o)
                                0xbc4 (size before relaxing)
 .stab          0x0000ce10      0x474 contiki-z1.a(energest.o)
                                0x6fc (size before relaxing)
 .stab          0x0000d284      0x288 contiki-z1.a(autostart.o)
                                0x534 (size before relaxing)
 .stab          0x0000d50c      0x534 contiki-z1.a(serial-line.o)
                                0xa50 (size before relaxing)
 .stab          0x0000da40      0x3fc contiki-z1.a(ringbuf.o)
                                0x63c (size before relaxing)
 .stab          0x0000de3c      0x228 contiki-z1.a(random.o)
                                0x624 (size before relaxing)
 .stab          0x0000e064      0x7f8 contiki-z1.a(list.o)
                                0x804 (size before relaxing)
 .stab          0x0000e85c      0xcd8 contiki-z1.a(rime.o)
                               0x141c (size before relaxing)
 .stab          0x0000f534      0x2c4 contiki-z1.a(linkaddr.o)
                                0x6c0 (size before relaxing)
 .stab          0x0000f7f8      0xda4 contiki-z1.a(packetbuf.o)
                               0x1bf0 (size before relaxing)
 .stab          0x0001059c      0xa5c contiki-z1.a(queuebuf.o)
                               0x1890 (size before relaxing)
 .stab          0x00010ff8      0xe04 contiki-z1.a(csma.o)
                               0x15b4 (size before relaxing)
 .stab          0x00011dfc     0x174c contiki-z1.a(contikimac.o)
                               0x2358 (size before relaxing)
 .stab          0x00013548      0x4a4 contiki-z1.a(nullsec.o)
                                0xda4 (size before relaxing)
 .stab          0x000139ec      0x894 contiki-z1.a(i2cmaster.o)
                                0xbe8 (size before relaxing)
 .stab          0x00014280      0x51c contiki-z1.a(compower.o)
                                0xd20 (size before relaxing)
 .stab          0x0001479c      0x5c4 contiki-z1.a(memb.o)
                                0xaf8 (size before relaxing)
 .stab          0x00014d60      0x6e4 contiki-z1.a(announcement.o)
                                0x984 (size before relaxing)
 .stab          0x00015444      0x60c contiki-z1.a(chameleon.o)
                               0x123c (size before relaxing)
 .stab          0x00015a50      0x624 contiki-z1.a(channel.o)
                               0x129c (size before relaxing)
 .stab          0x00016074      0x66c contiki-z1.a(abc.o)
                               0x14a0 (size before relaxing)
 .stab          0x000166e0      0x948 contiki-z1.a(broadcast-annou)
                               0x15c0 (size before relaxing)
 .stab          0x00017028      0xd98 contiki-z1.a(chameleon-bitop)
                               0x1a10 (size before relaxing)
 .stab          0x00017dc0      0x1f8 contiki-z1.a(mac.o)
                                0x4ec (size before relaxing)
 .stab          0x00017fb8      0x618 contiki-z1.a(mac-sequence.o)
                               0x1464 (size before relaxing)
 .stab          0x000185d0      0x6e4 contiki-z1.a(contikimac-fram)
                                0xf24 (size before relaxing)
 .stab          0x00018cb4      0x6d8 contiki-z1.a(broadcast.o)
                               0x150c (size before relaxing)
 .stab          0x0001938c      0x6f0 contiki-z1.a(framer-802154.o)
                                0xf30 (size before relaxing)
 .stab          0x00019a7c      0x318 contiki-z1.a(framer.o)
                                0xc54 (size before relaxing)
 .stab          0x00019d94      0xfcc contiki-z1.a(frame802154.o)
                               0x17a0 (size before relaxing)

.stabstr        0x00000000    0x13c8e
 *(.stabstr)
 .stabstr       0x00000000    0x13c8e test.co

.stab.excl
 *(.stab.excl)

.stab.exclstr
 *(.stab.exclstr)

.stab.index
 *(.stab.index)

.stab.indexstr
 *(.stab.indexstr)

.comment
 *(.comment)

.debug
 *(.debug)

.line
 *(.line)

.debug_srcinfo
 *(.debug_srcinfo)

.debug_sfnames
 *(.debug_sfnames)

.debug_aranges  0x00000000      0x17c
 *(.debug_aranges)
 .debug_aranges
                0x00000000       0x14 c:/sysgcc/msp430/bin/../lib/gcc/msp430/4.6.3/mcpu-430x/mmpy-16\libgcc.a(_mulsi3.o)
 .debug_aranges
                0x00000014       0x14 c:/sysgcc/msp430/bin/../lib/gcc/msp430/4.6.3/mcpu-430x/mmpy-16\libgcc.a(_muldi3.o)
 .debug_aranges
                0x00000028       0x14 c:/sysgcc/msp430/bin/../lib/gcc/msp430/4.6.3/mcpu-430x/mmpy-16\libgcc.a(_udivmod32.o)
 .debug_aranges
                0x0000003c       0x14 c:/sysgcc/msp430/bin/../lib/gcc/msp430/4.6.3/../../../../msp430/lib/mcpu-430x/mmpy-16\libc.a(strncmp.o)
 .debug_aranges
                0x00000050       0x14 c:/sysgcc/msp430/bin/../lib/gcc/msp430/4.6.3/../../../../msp430/lib/mcpu-430x/mmpy-16\libc.a(memcmp.o)
 .debug_aranges
                0x00000064       0x14 c:/sysgcc/msp430/bin/../lib/gcc/msp430/4.6.3/../../../../msp430/lib/mcpu-430x/mmpy-16\libc.a(memcpy.o)
 .debug_aranges
                0x00000078       0x14 c:/sysgcc/msp430/bin/../lib/gcc/msp430/4.6.3/../../../../msp430/lib/mcpu-430x/mmpy-16\libc.a(memset.o)
 .debug_aranges
                0x0000008c       0x14 c:/sysgcc/msp430/bin/../lib/gcc/msp430/4.6.3/../../../../msp430/lib/mcpu-430x/mmpy-16\libc.a(printf.o)
 .debug_aranges
                0x000000a0       0x14 c:/sysgcc/msp430/bin/../lib/gcc/msp430/4.6.3/../../../../msp430/lib/mcpu-430x/mmpy-16\libc.a(vuprintf.o)
 .debug_aranges
                0x000000b4       0x14 c:/sysgcc/msp430/bin/../lib/gcc/msp430/4.6.3/../../../../msp430/lib/mcpu-430x/mmpy-16\libc.a(puts.o)
 .debug_aranges
                0x000000c8       0x14 c:/sysgcc/msp430/bin/../lib/gcc/msp430/4.6.3/../../../../msp430/lib/mcpu-430x/mmpy-16\libc.a(rand.o)
 .debug_aranges
                0x000000dc       0x14 c:/sysgcc/msp430/bin/../lib/gcc/msp430/4.6.3/mcpu-430x/mmpy-16\libgcc.a(_udivmod16.o)
 .debug_aranges
                0x000000f0       0x14 c:/sysgcc/msp430/bin/../lib/gcc/msp430/4.6.3/mcpu-430x/mmpy-16\libgcc.a(_udivmod64.o)
 .debug_aranges
                0x00000104       0x14 c:/sysgcc/msp430/bin/../lib/gcc/msp430/4.6.3/mcpu-430x/mmpy-16\libcrt0.a(__watchdog_support.o)
 .debug_aranges
                0x00000118       0x14 c:/sysgcc/msp430/bin/../lib/gcc/msp430/4.6.3/mcpu-430x/mmpy-16\libcrt0.a(__init_stack.o)
 .debug_aranges
                0x0000012c       0x14 c:/sysgcc/msp430/bin/../lib/gcc/msp430/4.6.3/mcpu-430x/mmpy-16\libcrt0.a(_copy_data.o)
 .debug_aranges
                0x00000140       0x14 c:/sysgcc/msp430/bin/../lib/gcc/msp430/4.6.3/mcpu-430x/mmpy-16\libcrt0.a(_clear_bss.o)
 .debug_aranges
                0x00000154       0x14 c:/sysgcc/msp430/bin/../lib/gcc/msp430/4.6.3/mcpu-430x/mmpy-16\libcrt0.a(_endless_loop__.o)
 .debug_aranges
                0x00000168       0x14 c:/sysgcc/msp430/bin/../lib/gcc/msp430/4.6.3/mcpu-430x/mmpy-16\libcrt0.a(_unexpected_.o)

.debug_pubnames
 *(.debug_pubnames)

.debug_info     0x00000000     0x1160
 *(.debug_info)
 .debug_info    0x00000000       0x99 c:/sysgcc/msp430/bin/../lib/gcc/msp430/4.6.3/mcpu-430x/mmpy-16\libgcc.a(_mulsi3.o)
 .debug_info    0x00000099       0x99 c:/sysgcc/msp430/bin/../lib/gcc/msp430/4.6.3/mcpu-430x/mmpy-16\libgcc.a(_muldi3.o)
 .debug_info    0x00000132       0x99 c:/sysgcc/msp430/bin/../lib/gcc/msp430/4.6.3/mcpu-430x/mmpy-16\libgcc.a(_udivmod32.o)
 .debug_info    0x000001cb       0xbb c:/sysgcc/msp430/bin/../lib/gcc/msp430/4.6.3/../../../../msp430/lib/mcpu-430x/mmpy-16\libc.a(strncmp.o)
 .debug_info    0x00000286       0xe8 c:/sysgcc/msp430/bin/../lib/gcc/msp430/4.6.3/../../../../msp430/lib/mcpu-430x/mmpy-16\libc.a(memcmp.o)
 .debug_info    0x0000036e      0x113 c:/sysgcc/msp430/bin/../lib/gcc/msp430/4.6.3/../../../../msp430/lib/mcpu-430x/mmpy-16\libc.a(memcpy.o)
 .debug_info    0x00000481       0xfe c:/sysgcc/msp430/bin/../lib/gcc/msp430/4.6.3/../../../../msp430/lib/mcpu-430x/mmpy-16\libc.a(memset.o)
 .debug_info    0x0000057f      0x105 c:/sysgcc/msp430/bin/../lib/gcc/msp430/4.6.3/../../../../msp430/lib/mcpu-430x/mmpy-16\libc.a(printf.o)
 .debug_info    0x00000684      0x565 c:/sysgcc/msp430/bin/../lib/gcc/msp430/4.6.3/../../../../msp430/lib/mcpu-430x/mmpy-16\libc.a(vuprintf.o)
 .debug_info    0x00000be9       0x96 c:/sysgcc/msp430/bin/../lib/gcc/msp430/4.6.3/../../../../msp430/lib/mcpu-430x/mmpy-16\libc.a(puts.o)
 .debug_info    0x00000c7f      0x13f c:/sysgcc/msp430/bin/../lib/gcc/msp430/4.6.3/../../../../msp430/lib/mcpu-430x/mmpy-16\libc.a(rand.o)
 .debug_info    0x00000dbe       0x99 c:/sysgcc/msp430/bin/../lib/gcc/msp430/4.6.3/mcpu-430x/mmpy-16\libgcc.a(_udivmod16.o)
 .debug_info    0x00000e57       0x99 c:/sysgcc/msp430/bin/../lib/gcc/msp430/4.6.3/mcpu-430x/mmpy-16\libgcc.a(_udivmod64.o)
 .debug_info    0x00000ef0       0x68 c:/sysgcc/msp430/bin/../lib/gcc/msp430/4.6.3/mcpu-430x/mmpy-16\libcrt0.a(__watchdog_support.o)
 .debug_info    0x00000f58       0x68 c:/sysgcc/msp430/bin/../lib/gcc/msp430/4.6.3/mcpu-430x/mmpy-16\libcrt0.a(__init_stack.o)
 .debug_info    0x00000fc0       0x68 c:/sysgcc/msp430/bin/../lib/gcc/msp430/4.6.3/mcpu-430x/mmpy-16\libcrt0.a(_copy_data.o)
 .debug_info    0x00001028       0x68 c:/sysgcc/msp430/bin/../lib/gcc/msp430/4.6.3/mcpu-430x/mmpy-16\libcrt0.a(_clear_bss.o)
 .debug_info    0x00001090       0x68 c:/sysgcc/msp430/bin/../lib/gcc/msp430/4.6.3/mcpu-430x/mmpy-16\libcrt0.a(_endless_loop__.o)
 .debug_info    0x000010f8       0x68 c:/sysgcc/msp430/bin/../lib/gcc/msp430/4.6.3/mcpu-430x/mmpy-16\libcrt0.a(_unexpected_.o)
 *(.gnu.linkonce.wi.*)

.debug_abbrev   0x00000000      0x735
 *(.debug_abbrev)
 .debug_abbrev  0x00000000       0x14 c:/sysgcc/msp430/bin/../lib/gcc/msp430/4.6.3/mcpu-430x/mmpy-16\libgcc.a(_mulsi3.o)
 .debug_abbrev  0x00000014       0x14 c:/sysgcc/msp430/bin/../lib/gcc/msp430/4.6.3/mcpu-430x/mmpy-16\libgcc.a(_muldi3.o)
 .debug_abbrev  0x00000028       0x14 c:/sysgcc/msp430/bin/../lib/gcc/msp430/4.6.3/mcpu-430x/mmpy-16\libgcc.a(_udivmod32.o)
 .debug_abbrev  0x0000003c       0x7c c:/sysgcc/msp430/bin/../lib/gcc/msp430/4.6.3/../../../../msp430/lib/mcpu-430x/mmpy-16\libc.a(strncmp.o)
 .debug_abbrev  0x000000b8       0x9b c:/sysgcc/msp430/bin/../lib/gcc/msp430/4.6.3/../../../../msp430/lib/mcpu-430x/mmpy-16\libc.a(memcmp.o)
 .debug_abbrev  0x00000153       0x97 c:/sysgcc/msp430/bin/../lib/gcc/msp430/4.6.3/../../../../msp430/lib/mcpu-430x/mmpy-16\libc.a(memcpy.o)
 .debug_abbrev  0x000001ea       0x9c c:/sysgcc/msp430/bin/../lib/gcc/msp430/4.6.3/../../../../msp430/lib/mcpu-430x/mmpy-16\libc.a(memset.o)
 .debug_abbrev  0x00000286       0xd0 c:/sysgcc/msp430/bin/../lib/gcc/msp430/4.6.3/../../../../msp430/lib/mcpu-430x/mmpy-16\libc.a(printf.o)
 .debug_abbrev  0x00000356      0x1ef c:/sysgcc/msp430/bin/../lib/gcc/msp430/4.6.3/../../../../msp430/lib/mcpu-430x/mmpy-16\libc.a(vuprintf.o)
 .debug_abbrev  0x00000545       0x60 c:/sysgcc/msp430/bin/../lib/gcc/msp430/4.6.3/../../../../msp430/lib/mcpu-430x/mmpy-16\libc.a(puts.o)
 .debug_abbrev  0x000005a5       0xf0 c:/sysgcc/msp430/bin/../lib/gcc/msp430/4.6.3/../../../../msp430/lib/mcpu-430x/mmpy-16\libc.a(rand.o)
 .debug_abbrev  0x00000695       0x14 c:/sysgcc/msp430/bin/../lib/gcc/msp430/4.6.3/mcpu-430x/mmpy-16\libgcc.a(_udivmod16.o)
 .debug_abbrev  0x000006a9       0x14 c:/sysgcc/msp430/bin/../lib/gcc/msp430/4.6.3/mcpu-430x/mmpy-16\libgcc.a(_udivmod64.o)
 .debug_abbrev  0x000006bd       0x14 c:/sysgcc/msp430/bin/../lib/gcc/msp430/4.6.3/mcpu-430x/mmpy-16\libcrt0.a(__watchdog_support.o)
 .debug_abbrev  0x000006d1       0x14 c:/sysgcc/msp430/bin/../lib/gcc/msp430/4.6.3/mcpu-430x/mmpy-16\libcrt0.a(__init_stack.o)
 .debug_abbrev  0x000006e5       0x14 c:/sysgcc/msp430/bin/../lib/gcc/msp430/4.6.3/mcpu-430x/mmpy-16\libcrt0.a(_copy_data.o)
 .debug_abbrev  0x000006f9       0x14 c:/sysgcc/msp430/bin/../lib/gcc/msp430/4.6.3/mcpu-430x/mmpy-16\libcrt0.a(_clear_bss.o)
 .debug_abbrev  0x0000070d       0x14 c:/sysgcc/msp430/bin/../lib/gcc/msp430/4.6.3/mcpu-430x/mmpy-16\libcrt0.a(_endless_loop__.o)
 .debug_abbrev  0x00000721       0x14 c:/sysgcc/msp430/bin/../lib/gcc/msp430/4.6.3/mcpu-430x/mmpy-16\libcrt0.a(_unexpected_.o)

.debug_line     0x00000000      0xbe6
 *(.debug_line)
 .debug_line    0x00000000       0x80 c:/sysgcc/msp430/bin/../lib/gcc/msp430/4.6.3/mcpu-430x/mmpy-16\libgcc.a(_mulsi3.o)
 .debug_line    0x00000080       0x96 c:/sysgcc/msp430/bin/../lib/gcc/msp430/4.6.3/mcpu-430x/mmpy-16\libgcc.a(_muldi3.o)
 .debug_line    0x00000116       0x85 c:/sysgcc/msp430/bin/../lib/gcc/msp430/4.6.3/mcpu-430x/mmpy-16\libgcc.a(_udivmod32.o)
 .debug_line    0x0000019b       0x8d c:/sysgcc/msp430/bin/../lib/gcc/msp430/4.6.3/../../../../msp430/lib/mcpu-430x/mmpy-16\libc.a(strncmp.o)
 .debug_line    0x00000228       0x8b c:/sysgcc/msp430/bin/../lib/gcc/msp430/4.6.3/../../../../msp430/lib/mcpu-430x/mmpy-16\libc.a(memcmp.o)
 .debug_line    0x000002b3      0x101 c:/sysgcc/msp430/bin/../lib/gcc/msp430/4.6.3/../../../../msp430/lib/mcpu-430x/mmpy-16\libc.a(memcpy.o)
 .debug_line    0x000003b4       0xe0 c:/sysgcc/msp430/bin/../lib/gcc/msp430/4.6.3/../../../../msp430/lib/mcpu-430x/mmpy-16\libc.a(memset.o)
 .debug_line    0x00000494       0x8a c:/sysgcc/msp430/bin/../lib/gcc/msp430/4.6.3/../../../../msp430/lib/mcpu-430x/mmpy-16\libc.a(printf.o)
 .debug_line    0x0000051e      0x2e6 c:/sysgcc/msp430/bin/../lib/gcc/msp430/4.6.3/../../../../msp430/lib/mcpu-430x/mmpy-16\libc.a(vuprintf.o)
 .debug_line    0x00000804       0x4d c:/sysgcc/msp430/bin/../lib/gcc/msp430/4.6.3/../../../../msp430/lib/mcpu-430x/mmpy-16\libc.a(puts.o)
 .debug_line    0x00000851       0x4f c:/sysgcc/msp430/bin/../lib/gcc/msp430/4.6.3/../../../../msp430/lib/mcpu-430x/mmpy-16\libc.a(rand.o)
 .debug_line    0x000008a0       0x7a c:/sysgcc/msp430/bin/../lib/gcc/msp430/4.6.3/mcpu-430x/mmpy-16\libgcc.a(_udivmod16.o)
 .debug_line    0x0000091a       0xb3 c:/sysgcc/msp430/bin/../lib/gcc/msp430/4.6.3/mcpu-430x/mmpy-16\libgcc.a(_udivmod64.o)
 .debug_line    0x000009cd       0x59 c:/sysgcc/msp430/bin/../lib/gcc/msp430/4.6.3/mcpu-430x/mmpy-16\libcrt0.a(__watchdog_support.o)
 .debug_line    0x00000a26       0x57 c:/sysgcc/msp430/bin/../lib/gcc/msp430/4.6.3/mcpu-430x/mmpy-16\libcrt0.a(__init_stack.o)
 .debug_line    0x00000a7d       0x5d c:/sysgcc/msp430/bin/../lib/gcc/msp430/4.6.3/mcpu-430x/mmpy-16\libcrt0.a(_copy_data.o)
 .debug_line    0x00000ada       0x5d c:/sysgcc/msp430/bin/../lib/gcc/msp430/4.6.3/mcpu-430x/mmpy-16\libcrt0.a(_clear_bss.o)
 .debug_line    0x00000b37       0x58 c:/sysgcc/msp430/bin/../lib/gcc/msp430/4.6.3/mcpu-430x/mmpy-16\libcrt0.a(_endless_loop__.o)
 .debug_line    0x00000b8f       0x57 c:/sysgcc/msp430/bin/../lib/gcc/msp430/4.6.3/mcpu-430x/mmpy-16\libcrt0.a(_unexpected_.o)

.debug_frame    0x00000000      0x1ac
 *(.debug_frame)
 .debug_frame   0x00000000       0x24 c:/sysgcc/msp430/bin/../lib/gcc/msp430/4.6.3/../../../../msp430/lib/mcpu-430x/mmpy-16\libc.a(strncmp.o)
 .debug_frame   0x00000024       0x24 c:/sysgcc/msp430/bin/../lib/gcc/msp430/4.6.3/../../../../msp430/lib/mcpu-430x/mmpy-16\libc.a(memcmp.o)
 .debug_frame   0x00000048       0x2c c:/sysgcc/msp430/bin/../lib/gcc/msp430/4.6.3/../../../../msp430/lib/mcpu-430x/mmpy-16\libc.a(memcpy.o)
 .debug_frame   0x00000074       0x2a c:/sysgcc/msp430/bin/../lib/gcc/msp430/4.6.3/../../../../msp430/lib/mcpu-430x/mmpy-16\libc.a(memset.o)
 .debug_frame   0x0000009e       0x2a c:/sysgcc/msp430/bin/../lib/gcc/msp430/4.6.3/../../../../msp430/lib/mcpu-430x/mmpy-16\libc.a(printf.o)
 .debug_frame   0x000000c8       0x84 c:/sysgcc/msp430/bin/../lib/gcc/msp430/4.6.3/../../../../msp430/lib/mcpu-430x/mmpy-16\libc.a(vuprintf.o)
 .debug_frame   0x0000014c       0x24 c:/sysgcc/msp430/bin/../lib/gcc/msp430/4.6.3/../../../../msp430/lib/mcpu-430x/mmpy-16\libc.a(puts.o)
 .debug_frame   0x00000170       0x3c c:/sysgcc/msp430/bin/../lib/gcc/msp430/4.6.3/../../../../msp430/lib/mcpu-430x/mmpy-16\libc.a(rand.o)

.debug_str      0x00000000      0x3d2
 *(.debug_str)
 .debug_str     0x00000000       0xba c:/sysgcc/msp430/bin/../lib/gcc/msp430/4.6.3/../../../../msp430/lib/mcpu-430x/mmpy-16\libc.a(strncmp.o)
                                 0xf3 (size before relaxing)
 .debug_str     0x000000ba       0x19 c:/sysgcc/msp430/bin/../lib/gcc/msp430/4.6.3/../../../../msp430/lib/mcpu-430x/mmpy-16\libc.a(memcmp.o)
                                 0xf1 (size before relaxing)
 .debug_str     0x000000d3       0x34 c:/sysgcc/msp430/bin/../lib/gcc/msp430/4.6.3/../../../../msp430/lib/mcpu-430x/mmpy-16\libc.a(memcpy.o)
                                0x10c (size before relaxing)
 .debug_str     0x00000107       0x26 c:/sysgcc/msp430/bin/../lib/gcc/msp430/4.6.3/../../../../msp430/lib/mcpu-430x/mmpy-16\libc.a(memset.o)
                                0x10a (size before relaxing)
 .debug_str     0x0000012d       0x40 c:/sysgcc/msp430/bin/../lib/gcc/msp430/4.6.3/../../../../msp430/lib/mcpu-430x/mmpy-16\libc.a(printf.o)
                                0x120 (size before relaxing)
 .debug_str     0x0000016d      0x221 c:/sysgcc/msp430/bin/../lib/gcc/msp430/4.6.3/../../../../msp430/lib/mcpu-430x/mmpy-16\libc.a(vuprintf.o)
                                0x36b (size before relaxing)
 .debug_str     0x0000038e       0x15 c:/sysgcc/msp430/bin/../lib/gcc/msp430/4.6.3/../../../../msp430/lib/mcpu-430x/mmpy-16\libc.a(puts.o)
                                 0xe6 (size before relaxing)
 .debug_str     0x000003a3       0x2f c:/sysgcc/msp430/bin/../lib/gcc/msp430/4.6.3/../../../../msp430/lib/mcpu-430x/mmpy-16\libc.a(rand.o)
                                0x105 (size before relaxing)

.debug_loc      0x00000000      0xa4d
 *(.debug_loc)
 .debug_loc     0x00000000       0x38 c:/sysgcc/msp430/bin/../lib/gcc/msp430/4.6.3/../../../../msp430/lib/mcpu-430x/mmpy-16\libc.a(strncmp.o)
 .debug_loc     0x00000038       0x5e c:/sysgcc/msp430/bin/../lib/gcc/msp430/4.6.3/../../../../msp430/lib/mcpu-430x/mmpy-16\libc.a(memcmp.o)
 .debug_loc     0x00000096      0x1d0 c:/sysgcc/msp430/bin/../lib/gcc/msp430/4.6.3/../../../../msp430/lib/mcpu-430x/mmpy-16\libc.a(memcpy.o)
 .debug_loc     0x00000266       0xc3 c:/sysgcc/msp430/bin/../lib/gcc/msp430/4.6.3/../../../../msp430/lib/mcpu-430x/mmpy-16\libc.a(memset.o)
 .debug_loc     0x00000329       0x38 c:/sysgcc/msp430/bin/../lib/gcc/msp430/4.6.3/../../../../msp430/lib/mcpu-430x/mmpy-16\libc.a(printf.o)
 .debug_loc     0x00000361      0x697 c:/sysgcc/msp430/bin/../lib/gcc/msp430/4.6.3/../../../../msp430/lib/mcpu-430x/mmpy-16\libc.a(vuprintf.o)
 .debug_loc     0x000009f8       0x26 c:/sysgcc/msp430/bin/../lib/gcc/msp430/4.6.3/../../../../msp430/lib/mcpu-430x/mmpy-16\libc.a(puts.o)
 .debug_loc     0x00000a1e       0x2f c:/sysgcc/msp430/bin/../lib/gcc/msp430/4.6.3/../../../../msp430/lib/mcpu-430x/mmpy-16\libc.a(rand.o)

.debug_macinfo
 *(.debug_macinfo)

.debug_pubtypes
 *(.debug_pubtypes)

.debug_ranges   0x00000000       0x18
 *(.debug_ranges)
 .debug_ranges  0x00000000       0x18 c:/sysgcc/msp430/bin/../lib/gcc/msp430/4.6.3/../../../../msp430/lib/mcpu-430x/mmpy-16\libc.a(vuprintf.o)
                0x00003100                PROVIDE (__stack, (ORIGIN (ram) + 0x2000))
                0x00008d56                PROVIDE (__data_start_rom, _etext)
                0x00008dea                PROVIDE (__data_end_rom, (_etext + SIZEOF (.data)))
OUTPUT(test.z1 elf32-msp430)
